Archive member included to satisfy reference by file (symbol)

d:/arm gnu toolchain arm-none-eabi/12.2 rel1/bin/../lib/gcc/arm-none-eabi/12.2.1/thumb/v7-m/nofp\libgcc.a(_arm_muldf3.o)
                              CMakeFiles/Balance_Car.elf.dir/Core/Src/adc.c.obj (__aeabi_dmul)
d:/arm gnu toolchain arm-none-eabi/12.2 rel1/bin/../lib/gcc/arm-none-eabi/12.2.1/thumb/v7-m/nofp\libgcc.a(_arm_mulsf3.o)
                              CMakeFiles/Balance_Car.elf.dir/user_main/user_main.c.obj (__aeabi_fmul)
d:/arm gnu toolchain arm-none-eabi/12.2 rel1/bin/../lib/gcc/arm-none-eabi/12.2.1/thumb/v7-m/nofp\libgcc.a(_arm_addsubdf3.o)
                              CMakeFiles/Balance_Car.elf.dir/user_main/user_main.c.obj (__aeabi_dadd)
d:/arm gnu toolchain arm-none-eabi/12.2 rel1/bin/../lib/gcc/arm-none-eabi/12.2.1/thumb/v7-m/nofp\libgcc.a(_arm_cmpdf2.o)
                              CMakeFiles/Balance_Car.elf.dir/user_main/user_main.c.obj (__aeabi_dcmplt)
d:/arm gnu toolchain arm-none-eabi/12.2 rel1/bin/../lib/gcc/arm-none-eabi/12.2.1/thumb/v7-m/nofp\libgcc.a(_arm_fixdfsi.o)
                              CMakeFiles/Balance_Car.elf.dir/user_main/user_main.c.obj (__aeabi_d2iz)
d:/arm gnu toolchain arm-none-eabi/12.2 rel1/bin/../lib/gcc/arm-none-eabi/12.2.1/thumb/v7-m/nofp\libgcc.a(_arm_fixunsdfsi.o)
                              CMakeFiles/Balance_Car.elf.dir/hcsr04/hcsr04.c.obj (__aeabi_d2uiz)
d:/arm gnu toolchain arm-none-eabi/12.2 rel1/bin/../lib/gcc/arm-none-eabi/12.2.1/thumb/v7-m/nofp\libgcc.a(_arm_truncdfsf2.o)
                              CMakeFiles/Balance_Car.elf.dir/Core/Src/adc.c.obj (__aeabi_d2f)
d:/arm gnu toolchain arm-none-eabi/12.2 rel1/bin/../lib/gcc/arm-none-eabi/12.2.1/thumb/v7-m/nofp\libgcc.a(_arm_addsubsf3.o)
                              CMakeFiles/Balance_Car.elf.dir/user_main/user_main.c.obj (__aeabi_fsub)
d:/arm gnu toolchain arm-none-eabi/12.2 rel1/bin/../lib/gcc/arm-none-eabi/12.2.1/thumb/v7-m/nofp\libgcc.a(_arm_muldivsf3.o)
                              CMakeFiles/Balance_Car.elf.dir/Core/Src/adc.c.obj (__aeabi_fdiv)
d:/arm gnu toolchain arm-none-eabi/12.2 rel1/bin/../lib/gcc/arm-none-eabi/12.2.1/thumb/v7-m/nofp\libgcc.a(_arm_cmpsf2.o)
                              CMakeFiles/Balance_Car.elf.dir/mpu6050/inv_mpu.c.obj (__aeabi_fcmpeq)
d:/arm gnu toolchain arm-none-eabi/12.2 rel1/bin/../lib/gcc/arm-none-eabi/12.2.1/thumb/v7-m/nofp\libgcc.a(_arm_fixsfsi.o)
                              CMakeFiles/Balance_Car.elf.dir/user_main/user_main.c.obj (__aeabi_f2iz)
d:/arm gnu toolchain arm-none-eabi/12.2 rel1/bin/../lib/gcc/arm-none-eabi/12.2.1/thumb/v7-m/nofp\libgcc.a(_arm_fixunssfsi.o)
                              CMakeFiles/Balance_Car.elf.dir/user_main/user_main.c.obj (__aeabi_f2uiz)
d:/arm gnu toolchain arm-none-eabi/12.2 rel1/bin/../lib/gcc/arm-none-eabi/12.2.1/thumb/v7-m/nofp\libgcc.a(_aeabi_ldivmod.o)
                              CMakeFiles/Balance_Car.elf.dir/mpu6050/inv_mpu.c.obj (__aeabi_ldivmod)
d:/arm gnu toolchain arm-none-eabi/12.2 rel1/bin/../lib/gcc/arm-none-eabi/12.2.1/thumb/v7-m/nofp\libgcc.a(_udivmoddi4.o)
                              d:/arm gnu toolchain arm-none-eabi/12.2 rel1/bin/../lib/gcc/arm-none-eabi/12.2.1/thumb/v7-m/nofp\libgcc.a(_aeabi_ldivmod.o) (__udivmoddi4)
d:/arm gnu toolchain arm-none-eabi/12.2 rel1/bin/../lib/gcc/arm-none-eabi/12.2.1/thumb/v7-m/nofp\libgcc.a(_dvmd_tls.o)
                              d:/arm gnu toolchain arm-none-eabi/12.2 rel1/bin/../lib/gcc/arm-none-eabi/12.2.1/thumb/v7-m/nofp\libgcc.a(_aeabi_ldivmod.o) (__aeabi_ldiv0)
d:/arm gnu toolchain arm-none-eabi/12.2 rel1/bin/../lib/gcc/arm-none-eabi/12.2.1/thumb/v7-m/nofp\libg_nano.a(libc_a-exit.o)
                              d:/arm gnu toolchain arm-none-eabi/12.2 rel1/bin/../lib/gcc/arm-none-eabi/12.2.1/thumb/v7-m/nofp/crt0.o (exit)
d:/arm gnu toolchain arm-none-eabi/12.2 rel1/bin/../lib/gcc/arm-none-eabi/12.2.1/thumb/v7-m/nofp\libg_nano.a(libc_a-findfp.o)
                              d:/arm gnu toolchain arm-none-eabi/12.2 rel1/bin/../lib/gcc/arm-none-eabi/12.2.1/thumb/v7-m/nofp\libg_nano.a(libc_a-exit.o) (__stdio_exit_handler)
d:/arm gnu toolchain arm-none-eabi/12.2 rel1/bin/../lib/gcc/arm-none-eabi/12.2.1/thumb/v7-m/nofp\libg_nano.a(libc_a-fwalk.o)
                              d:/arm gnu toolchain arm-none-eabi/12.2 rel1/bin/../lib/gcc/arm-none-eabi/12.2.1/thumb/v7-m/nofp\libg_nano.a(libc_a-findfp.o) (_fwalk_sglue)
d:/arm gnu toolchain arm-none-eabi/12.2 rel1/bin/../lib/gcc/arm-none-eabi/12.2.1/thumb/v7-m/nofp\libg_nano.a(libc_a-stdio.o)
                              d:/arm gnu toolchain arm-none-eabi/12.2 rel1/bin/../lib/gcc/arm-none-eabi/12.2.1/thumb/v7-m/nofp\libg_nano.a(libc_a-findfp.o) (__sread)
d:/arm gnu toolchain arm-none-eabi/12.2 rel1/bin/../lib/gcc/arm-none-eabi/12.2.1/thumb/v7-m/nofp\libg_nano.a(libc_a-memcmp.o)
                              CMakeFiles/Balance_Car.elf.dir/mpu6050/inv_mpu.c.obj (memcmp)
[...]
Memory Configuration

Name             Origin             Length             Attributes
RAM              0x20000000         0x00005000         xrw
FLASH            0x08000000         0x00010000         xr
*default*        0x00000000         0xffffffff

Linker script and memory map

LOAD d:/arm gnu toolchain arm-none-eabi/12.2 rel1/bin/../lib/gcc/arm-none-eabi/12.2.1/thumb/v7-m/nofp/crti.o
LOAD d:/arm gnu toolchain arm-none-eabi/12.2 rel1/bin/../lib/gcc/arm-none-eabi/12.2.1/thumb/v7-m/nofp/crtbegin.o
LOAD d:/arm gnu toolchain arm-none-eabi/12.2 rel1/bin/../lib/gcc/arm-none-eabi/12.2.1/thumb/v7-m/nofp/crt0.o
LOAD CMakeFiles/Balance_Car.elf.dir/Core/Src/adc.c.obj
LOAD CMakeFiles/Balance_Car.elf.dir/Core/Src/gpio.c.obj
LOAD CMakeFiles/Balance_Car.elf.dir/Core/Src/i2c.c.obj
LOAD CMakeFiles/Balance_Car.elf.dir/Core/Src/main.c.obj
LOAD CMakeFiles/Balance_Car.elf.dir/Core/Src/stm32f1xx_hal_msp.c.obj
LOAD CMakeFiles/Balance_Car.elf.dir/Core/Src/stm32f1xx_it.c.obj
LOAD CMakeFiles/Balance_Car.elf.dir/Core/Src/syscalls.c.obj
LOAD CMakeFiles/Balance_Car.elf.dir/Core/Src/sysmem.c.obj
LOAD CMakeFiles/Balance_Car.elf.dir/Core/Src/system_stm32f1xx.c.obj
LOAD CMakeFiles/Balance_Car.elf.dir/Core/Src/tim.c.obj
LOAD CMakeFiles/Balance_Car.elf.dir/Core/Startup/startup_stm32f103c8tx.s.obj
LOAD CMakeFiles/Balance_Car.elf.dir/Drivers/STM32F1xx_HAL_Driver/Src/stm32f1xx_hal.c.obj
LOAD CMakeFiles/Balance_Car.elf.dir/Drivers/STM32F1xx_HAL_Driver/Src/stm32f1xx_hal_adc.c.obj
LOAD CMakeFiles/Balance_Car.elf.dir/Drivers/STM32F1xx_HAL_Driver/Src/stm32f1xx_hal_adc_ex.c.obj
LOAD CMakeFiles/Balance_Car.elf.dir/Drivers/STM32F1xx_HAL_Driver/Src/stm32f1xx_hal_cortex.c.obj
LOAD CMakeFiles/Balance_Car.elf.dir/Drivers/STM32F1xx_HAL_Driver/Src/stm32f1xx_hal_dma.c.obj
LOAD CMakeFiles/Balance_Car.elf.dir/Drivers/STM32F1xx_HAL_Driver/Src/stm32f1xx_hal_exti.c.obj
LOAD CMakeFiles/Balance_Car.elf.dir/Drivers/STM32F1xx_HAL_Driver/Src/stm32f1xx_hal_flash.c.obj
LOAD CMakeFiles/Balance_Car.elf.dir/Drivers/STM32F1xx_HAL_Driver/Src/stm32f1xx_hal_flash_ex.c.obj
LOAD CMakeFiles/Balance_Car.elf.dir/Drivers/STM32F1xx_HAL_Driver/Src/stm32f1xx_hal_gpio.c.obj
LOAD CMakeFiles/Balance_Car.elf.dir/Drivers/STM32F1xx_HAL_Driver/Src/stm32f1xx_hal_gpio_ex.c.obj
LOAD CMakeFiles/Balance_Car.elf.dir/Drivers/STM32F1xx_HAL_Driver/Src/stm32f1xx_hal_i2c.c.obj
LOAD CMakeFiles/Balance_Car.elf.dir/Drivers/STM32F1xx_HAL_Driver/Src/stm32f1xx_hal_pwr.c.obj
LOAD CMakeFiles/Balance_Car.elf.dir/Drivers/STM32F1xx_HAL_Driver/Src/stm32f1xx_hal_rcc.c.obj
LOAD CMakeFiles/Balance_Car.elf.dir/Drivers/STM32F1xx_HAL_Driver/Src/stm32f1xx_hal_rcc_ex.c.obj
LOAD CMakeFiles/Balance_Car.elf.dir/Drivers/STM32F1xx_HAL_Driver/Src/stm32f1xx_hal_tim.c.obj
LOAD CMakeFiles/Balance_Car.elf.dir/Drivers/STM32F1xx_HAL_Driver/Src/stm32f1xx_hal_tim_ex.c.obj
LOAD CMakeFiles/Balance_Car.elf.dir/user_main/user_main.c.obj
LOAD CMakeFiles/Balance_Car.elf.dir/OLED/Src/driver_ssd1306.c.obj
LOAD CMakeFiles/Balance_Car.elf.dir/Delay/delay.c.obj
LOAD CMakeFiles/Balance_Car.elf.dir/hcsr04/hcsr04.c.obj
LOAD CMakeFiles/Balance_Car.elf.dir/TB6612FNG/motor.c.obj
LOAD CMakeFiles/Balance_Car.elf.dir/mpu6050/atk_ms6050.c.obj
LOAD CMakeFiles/Balance_Car.elf.dir/mpu6050/inv_mpu.c.obj
LOAD CMakeFiles/Balance_Car.elf.dir/mpu6050/inv_mpu_dmp_motion_driver.c.obj
LOAD CMakeFiles/Balance_Car.elf.dir/keypad/MultiButton/multi_button.c.obj
LOAD CMakeFiles/Balance_Car.elf.dir/keypad/button_port/button_port.c.obj
START GROUP
LOAD d:/arm gnu toolchain arm-none-eabi/12.2 rel1/bin/../lib/gcc/arm-none-eabi/12.2.1/thumb/v7-m/nofp\libgcc.a
LOAD d:/arm gnu toolchain arm-none-eabi/12.2 rel1/bin/../lib/gcc/arm-none-eabi/12.2.1/thumb/v7-m/nofp\libg_nano.a
LOAD d:/arm gnu toolchain arm-none-eabi/12.2 rel1/bin/../lib/gcc/arm-none-eabi/12.2.1/thumb/v7-m/nofp\libc_nano.a
END GROUP
START GROUP
LOAD d:/arm gnu toolchain arm-none-eabi/12.2 rel1/bin/../lib/gcc/arm-none-eabi/12.2.1/thumb/v7-m/nofp\libgcc.a
LOAD d:/arm gnu toolchain arm-none-eabi/12.2 rel1/bin/../lib/gcc/arm-none-eabi/12.2.1/thumb/v7-m/nofp\libc_nano.a
END GROUP
LOAD d:/arm gnu toolchain arm-none-eabi/12.2 rel1/bin/../lib/gcc/arm-none-eabi/12.2.1/thumb/v7-m/nofp/crtend.o
LOAD d:/arm gnu toolchain arm-none-eabi/12.2 rel1/bin/../lib/gcc/arm-none-eabi/12.2.1/thumb/v7-m/nofp/crtn.o
                0x20005000                _estack = (ORIGIN (RAM) + LENGTH (RAM))
                0x00000200                _Min_Heap_Size = 0x200
                0x00000400                _Min_Stack_Size = 0x400

.isr_vector     0x08000000      0x10c
                0x08000000                . = ALIGN (0x4)
 *(.isr_vector)
 .isr_vector    0x08000000      0x10c CMakeFiles/Balance_Car.elf.dir/Core/Startup/startup_stm32f103c8tx.s.obj
                0x08000000                g_pfnVectors
                0x0800010c                . = ALIGN (0x4)

.text           0x08000110     0xa0f4
                0x08000110                . = ALIGN (0x4)
 *(.text)
 .text          0x08000110      0x378 d:/arm gnu toolchain arm-none-eabi/12.2 rel1/bin/../lib/gcc/arm-none-eabi/12.2.1/thumb/v7-m/nofp\libgcc.a(_arm_addsubdf3.o)
                0x08000110                __aeabi_drsub
                0x08000118                __aeabi_dsub
                0x08000118                __subdf3
                0x0800011c                __aeabi_dadd
                0x0800011c                __adddf3
                0x08000394                __floatunsidf
                0x08000394                __aeabi_ui2d
                0x080003b4                __floatsidf
                0x080003b4                __aeabi_i2d
                0x080003d8                __aeabi_f2d
                0x080003d8                __extendsfdf2
                0x0800041c                __floatundidf
                0x0800041c                __aeabi_ul2d
                0x0800042c                __floatdidf
                0x0800042c                __aeabi_l2d
 .text          0x08000488      0x110 d:/arm gnu toolchain arm-none-eabi/12.2 rel1/bin/../lib/gcc/arm-none-eabi/12.2.1/thumb/v7-m/nofp\libgcc.a(_arm_cmpdf2.o)
                0x08000488                __gtdf2
                0x08000488                __gedf2
                0x08000490                __ltdf2
                0x08000490                __ledf2
                0x08000498                __nedf2
                0x08000498                __eqdf2
                0x08000498                __cmpdf2
                0x08000514                __aeabi_cdrcmple
                0x08000524                __aeabi_cdcmpeq
                0x08000524                __aeabi_cdcmple
                0x08000534                __aeabi_dcmpeq
                0x08000548                __aeabi_dcmplt
                0x0800055c                __aeabi_dcmple
                0x08000570                __aeabi_dcmpge
                0x08000584                __aeabi_dcmpgt
 .text          0x08000598       0x50 d:/arm gnu toolchain arm-none-eabi/12.2 rel1/bin/../lib/gcc/arm-none-eabi/12.2.1/thumb/v7-m/nofp\libgcc.a(_arm_fixdfsi.o)
                0x08000598                __aeabi_d2iz
                0x08000598                __fixdfsi
 .text          0x080005e8       0x40 d:/arm gnu toolchain arm-none-eabi/12.2 rel1/bin/../lib/gcc/arm-none-eabi/12.2.1/thumb/v7-m/nofp\libgcc.a(_arm_fixunsdfsi.o)
                0x080005e8                __aeabi_d2uiz
                0x080005e8                __fixunsdfsi
 .text          0x08000628       0xa0 d:/arm gnu toolchain arm-none-eabi/12.2 rel1/bin/../lib/gcc/arm-none-eabi/12.2.1/thumb/v7-m/nofp\libgcc.a(_arm_truncdfsf2.o)
                0x08000628                __truncdfsf2
                0x08000628                __aeabi_d2f
 .text          0x080006c8      0x21c d:/arm gnu toolchain arm-none-eabi/12.2 rel1/bin/../lib/gcc/arm-none-eabi/12.2.1/thumb/v7-m/nofp\libgcc.a(_arm_addsubsf3.o)
                0x080006c8                __aeabi_frsub
                0x080006d0                __subsf3
                0x080006d0                __aeabi_fsub
                0x080006d4                __aeabi_fadd
                0x080006d4                __addsf3
                0x08000834                __aeabi_ui2f
                0x08000834                __floatunsisf
                0x0800083c                __aeabi_i2f
                0x0800083c                __floatsisf
                0x08000858                __aeabi_ul2f
                0x08000858                __floatundisf
                0x08000868                __aeabi_l2f
                0x08000868                __floatdisf
 .text          0x080008e4      0x2a0 d:/arm gnu toolchain arm-none-eabi/12.2 rel1/bin/../lib/gcc/arm-none-eabi/12.2.1/thumb/v7-m/nofp\libgcc.a(_arm_muldivsf3.o)
                0x080008e4                __mulsf3
                0x080008e4                __aeabi_fmul
                0x08000a4c                __aeabi_fdiv
                0x08000a4c                __divsf3
 .text          0x08000b84       0xec d:/arm gnu toolchain arm-none-eabi/12.2 rel1/bin/../lib/gcc/arm-none-eabi/12.2.1/thumb/v7-m/nofp\libgcc.a(_arm_cmpsf2.o)
                0x08000b84                __gesf2
                0x08000b84                __gtsf2
                0x08000b8c                __lesf2
                0x08000b8c                __ltsf2
                0x08000b94                __nesf2
                0x08000b94                __eqsf2
                0x08000b94                __cmpsf2
                0x08000bf4                __aeabi_cfrcmple
                0x08000bfc                __aeabi_cfcmpeq
                0x08000bfc                __aeabi_cfcmple
                0x08000c0c                __aeabi_fcmpeq
                0x08000c20                __aeabi_fcmplt
                0x08000c34                __aeabi_fcmple
                0x08000c48                __aeabi_fcmpge
                0x08000c5c                __aeabi_fcmpgt
 .text          0x08000c70       0x4c d:/arm gnu toolchain arm-none-eabi/12.2 rel1/bin/../lib/gcc/arm-none-eabi/12.2.1/thumb/v7-m/nofp\libgcc.a(_arm_fixsfsi.o)
                0x08000c70                __aeabi_f2iz
                0x08000c70                __fixsfsi
 .text          0x08000cbc       0x40 d:/arm gnu toolchain arm-none-eabi/12.2 rel1/bin/../lib/gcc/arm-none-eabi/12.2.1/thumb/v7-m/nofp\libgcc.a(_arm_fixunssfsi.o)
                0x08000cbc                __fixunssfsi
                0x08000cbc                __aeabi_f2uiz
 .text          0x08000cfc       0xa0 d:/arm gnu toolchain arm-none-eabi/12.2 rel1/bin/../lib/gcc/arm-none-eabi/12.2.1/thumb/v7-m/nofp\libgcc.a(_aeabi_ldivmod.o)
                0x08000cfc                __aeabi_ldivmod
 .text          0x08000d9c        0x4 d:/arm gnu toolchain arm-none-eabi/12.2 rel1/bin/../lib/gcc/arm-none-eabi/12.2.1/thumb/v7-m/nofp\libgcc.a(_dvmd_tls.o)
                0x08000d9c                __aeabi_idiv0
                0x08000d9c                __aeabi_ldiv0
 .text          0x08000da0      0x424 d:/arm gnu toolchain arm-none-eabi/12.2 rel1/bin/../lib/gcc/arm-none-eabi/12.2.1/thumb/v7-m/nofp\libgcc.a(_arm_muldivdf3.o)
                0x08000da0                __aeabi_dmul
                0x08000da0                __muldf3
                0x08000ff4                __divdf3
                0x08000ff4                __aeabi_ddiv
 .text          0x080011c4       0x2c d:/arm gnu toolchain arm-none-eabi/12.2 rel1/bin/../lib/gcc/arm-none-eabi/12.2.1/thumb/v7-m/nofp\libgcc.a(_arm_unorddf2.o)
                0x080011c4                __unorddf2
                0x080011c4                __aeabi_dcmpun
 *(.text*)
 .text.deregister_tm_clones
                0x080011f0       0x1c d:/arm gnu toolchain arm-none-eabi/12.2 rel1/bin/../lib/gcc/arm-none-eabi/12.2.1/thumb/v7-m/nofp/crtbegin.o
 .text.register_tm_clones
                0x0800120c       0x24 d:/arm gnu toolchain arm-none-eabi/12.2 rel1/bin/../lib/gcc/arm-none-eabi/12.2.1/thumb/v7-m/nofp/crtbegin.o
 .text.__do_global_dtors_aux
                0x08001230       0x28 d:/arm gnu toolchain arm-none-eabi/12.2 rel1/bin/../lib/gcc/arm-none-eabi/12.2.1/thumb/v7-m/nofp/crtbegin.o
 .text.frame_dummy
                0x08001258       0x24 d:/arm gnu toolchain arm-none-eabi/12.2 rel1/bin/../lib/gcc/arm-none-eabi/12.2.1/thumb/v7-m/nofp/crtbegin.o
 *fill*         0x0800127c        0x4 
 .text.Get_Voltage
                0x08001280       0x54 CMakeFiles/Balance_Car.elf.dir/Core/Src/adc.c.obj
                0x08001280                Get_Voltage
 .text.MX_ADC1_Init
                0x080012d4       0x90 CMakeFiles/Balance_Car.elf.dir/Core/Src/adc.c.obj
                0x080012d4                MX_ADC1_Init
 .text.HAL_ADC_MspInit
                0x08001364       0x60 CMakeFiles/Balance_Car.elf.dir/Core/Src/adc.c.obj
                0x08001364                HAL_ADC_MspInit
 .text.MX_GPIO_Init
                0x080013c4      0x10c CMakeFiles/Balance_Car.elf.dir/Core/Src/gpio.c.obj
                0x080013c4                MX_GPIO_Init
 .text.MX_I2C1_Init
                0x080014d0       0x3c CMakeFiles/Balance_Car.elf.dir/Core/Src/i2c.c.obj
                0x080014d0                MX_I2C1_Init
 .text.MX_I2C2_Init
                0x0800150c       0x3c CMakeFiles/Balance_Car.elf.dir/Core/Src/i2c.c.obj
                0x0800150c                MX_I2C2_Init
 .text.HAL_I2C_MspInit
                0x08001548       0xbc CMakeFiles/Balance_Car.elf.dir/Core/Src/i2c.c.obj
                0x08001548                HAL_I2C_MspInit
 .text.Error_Handler
                0x08001604        0x4 CMakeFiles/Balance_Car.elf.dir/Core/Src/main.c.obj
                0x08001604                Error_Handler
 .text.SystemClock_Config
                0x08001608       0x84 CMakeFiles/Balance_Car.elf.dir/Core/Src/main.c.obj
                0x08001608                SystemClock_Config
 .text.main     0x0800168c       0x30 CMakeFiles/Balance_Car.elf.dir/Core/Src/main.c.obj
                0x0800168c                main
 .text.HAL_MspInit
                0x080016bc       0x44 CMakeFiles/Balance_Car.elf.dir/Core/Src/stm32f1xx_hal_msp.c.obj
                0x080016bc                HAL_MspInit
 .text.NMI_Handler
                0x08001700        0x2 CMakeFiles/Balance_Car.elf.dir/Core/Src/stm32f1xx_it.c.obj
                0x08001700                NMI_Handler
 .text.HardFault_Handler
                0x08001702        0x2 CMakeFiles/Balance_Car.elf.dir/Core/Src/stm32f1xx_it.c.obj
                0x08001702                HardFault_Handler
 .text.MemManage_Handler
                0x08001704        0x2 CMakeFiles/Balance_Car.elf.dir/Core/Src/stm32f1xx_it.c.obj
                0x08001704                MemManage_Handler
 .text.BusFault_Handler
                0x08001706        0x2 CMakeFiles/Balance_Car.elf.dir/Core/Src/stm32f1xx_it.c.obj
                0x08001706                BusFault_Handler
 .text.UsageFault_Handler
                0x08001708        0x2 CMakeFiles/Balance_Car.elf.dir/Core/Src/stm32f1xx_it.c.obj
                0x08001708                UsageFault_Handler
 .text.SVC_Handler
                0x0800170a        0x2 CMakeFiles/Balance_Car.elf.dir/Core/Src/stm32f1xx_it.c.obj
                0x0800170a                SVC_Handler
 .text.DebugMon_Handler
                0x0800170c        0x2 CMakeFiles/Balance_Car.elf.dir/Core/Src/stm32f1xx_it.c.obj
                0x0800170c                DebugMon_Handler
 .text.PendSV_Handler
                0x0800170e        0x2 CMakeFiles/Balance_Car.elf.dir/Core/Src/stm32f1xx_it.c.obj
                0x0800170e                PendSV_Handler
 .text.SysTick_Handler
                0x08001710        0x8 CMakeFiles/Balance_Car.elf.dir/Core/Src/stm32f1xx_it.c.obj
                0x08001710                SysTick_Handler
 .text.EXTI9_5_IRQHandler
                0x08001718       0x12 CMakeFiles/Balance_Car.elf.dir/Core/Src/stm32f1xx_it.c.obj
                0x08001718                EXTI9_5_IRQHandler
 *fill*         0x0800172a        0x2 
 .text.TIM1_BRK_IRQHandler
                0x0800172c       0x10 CMakeFiles/Balance_Car.elf.dir/Core/Src/stm32f1xx_it.c.obj
                0x0800172c                TIM1_BRK_IRQHandler
 .text.TIM1_UP_IRQHandler
                0x0800173c       0x10 CMakeFiles/Balance_Car.elf.dir/Core/Src/stm32f1xx_it.c.obj
                0x0800173c                TIM1_UP_IRQHandler
 .text.TIM1_TRG_COM_IRQHandler
                0x0800174c       0x10 CMakeFiles/Balance_Car.elf.dir/Core/Src/stm32f1xx_it.c.obj
                0x0800174c                TIM1_TRG_COM_IRQHandler
 .text.TIM1_CC_IRQHandler
                0x0800175c       0x10 CMakeFiles/Balance_Car.elf.dir/Core/Src/stm32f1xx_it.c.obj
                0x0800175c                TIM1_CC_IRQHandler
 .text.TIM4_IRQHandler
                0x0800176c       0x10 CMakeFiles/Balance_Car.elf.dir/Core/Src/stm32f1xx_it.c.obj
                0x0800176c                TIM4_IRQHandler
 .text.I2C1_EV_IRQHandler
                0x0800177c       0x10 CMakeFiles/Balance_Car.elf.dir/Core/Src/stm32f1xx_it.c.obj
                0x0800177c                I2C1_EV_IRQHandler
 .text.SystemInit
                0x0800178c        0x2 CMakeFiles/Balance_Car.elf.dir/Core/Src/system_stm32f1xx.c.obj
                0x0800178c                SystemInit
 *fill*         0x0800178e        0x2 
 .text.MX_TIM2_Init
                0x08001790       0x98 CMakeFiles/Balance_Car.elf.dir/Core/Src/tim.c.obj
                0x08001790                MX_TIM2_Init
 .text.MX_TIM3_Init
                0x08001828       0x80 CMakeFiles/Balance_Car.elf.dir/Core/Src/tim.c.obj
                0x08001828                MX_TIM3_Init
 .text.MX_TIM4_Init
                0x080018a8       0x70 CMakeFiles/Balance_Car.elf.dir/Core/Src/tim.c.obj
                0x080018a8                MX_TIM4_Init
 .text.HAL_TIM_Base_MspInit
                0x08001918       0xa0 CMakeFiles/Balance_Car.elf.dir/Core/Src/tim.c.obj
                0x08001918                HAL_TIM_Base_MspInit
 .text.HAL_TIM_Encoder_MspInit
                0x080019b8       0x98 CMakeFiles/Balance_Car.elf.dir/Core/Src/tim.c.obj
                0x080019b8                HAL_TIM_Encoder_MspInit
 .text.HAL_TIM_MspPostInit
                0x08001a50       0x64 CMakeFiles/Balance_Car.elf.dir/Core/Src/tim.c.obj
                0x08001a50                HAL_TIM_MspPostInit
 .text.MX_TIM1_Init
                0x08001ab4       0xf8 CMakeFiles/Balance_Car.elf.dir/Core/Src/tim.c.obj
                0x08001ab4                MX_TIM1_Init
 .text.Reset_Handler
                0x08001bac       0x48 CMakeFiles/Balance_Car.elf.dir/Core/Startup/startup_stm32f103c8tx.s.obj
                0x08001bac                Reset_Handler
 .text.Default_Handler
                0x08001bf4        0x2 CMakeFiles/Balance_Car.elf.dir/Core/Startup/startup_stm32f103c8tx.s.obj
                0x08001bf4                RTC_Alarm_IRQHandler
                0x08001bf4                EXTI2_IRQHandler
                0x08001bf4                PVD_IRQHandler
                0x08001bf4                EXTI3_IRQHandler
                0x08001bf4                EXTI0_IRQHandler
                0x08001bf4                I2C2_EV_IRQHandler
                0x08001bf4                ADC1_2_IRQHandler
                0x08001bf4                SPI1_IRQHandler
                0x08001bf4                TAMPER_IRQHandler
                0x08001bf4                DMA1_Channel4_IRQHandler
                0x08001bf4                USART3_IRQHandler
                0x08001bf4                RTC_IRQHandler
                0x08001bf4                DMA1_Channel7_IRQHandler
                0x08001bf4                CAN1_RX1_IRQHandler
                0x08001bf4                DMA1_Channel6_IRQHandler
                0x08001bf4                TIM3_IRQHandler
                0x08001bf4                RCC_IRQHandler
                0x08001bf4                DMA1_Channel1_IRQHandler
                0x08001bf4                Default_Handler
                0x08001bf4                EXTI15_10_IRQHandler
                0x08001bf4                SPI2_IRQHandler
                0x08001bf4                DMA1_Channel5_IRQHandler
                0x08001bf4                EXTI4_IRQHandler
                0x08001bf4                USB_LP_CAN1_RX0_IRQHandler
                0x08001bf4                USB_HP_CAN1_TX_IRQHandler
                0x08001bf4                DMA1_Channel3_IRQHandler
                0x08001bf4                WWDG_IRQHandler
                0x08001bf4                TIM2_IRQHandler
                0x08001bf4                EXTI1_IRQHandler
                0x08001bf4                USART2_IRQHandler
                0x08001bf4                I2C2_ER_IRQHandler
                0x08001bf4                DMA1_Channel2_IRQHandler
                0x08001bf4                CAN1_SCE_IRQHandler
                0x08001bf4                FLASH_IRQHandler
                0x08001bf4                USART1_IRQHandler
                0x08001bf4                I2C1_ER_IRQHandler
                0x08001bf4                USBWakeUp_IRQHandler
 *fill*         0x08001bf6        0x2 
 .text.HAL_InitTick
                0x08001bf8       0x4c CMakeFiles/Balance_Car.elf.dir/Drivers/STM32F1xx_HAL_Driver/Src/stm32f1xx_hal.c.obj
                0x08001bf8                HAL_InitTick
 .text.HAL_Init
                0x08001c44       0x24 CMakeFiles/Balance_Car.elf.dir/Drivers/STM32F1xx_HAL_Driver/Src/stm32f1xx_hal.c.obj
                0x08001c44                HAL_Init
 .text.HAL_IncTick
                0x08001c68       0x18 CMakeFiles/Balance_Car.elf.dir/Drivers/STM32F1xx_HAL_Driver/Src/stm32f1xx_hal.c.obj
                0x08001c68                HAL_IncTick
 .text.HAL_GetTick
                0x08001c80        0xc CMakeFiles/Balance_Car.elf.dir/Drivers/STM32F1xx_HAL_Driver/Src/stm32f1xx_hal.c.obj
                0x08001c80                HAL_GetTick
 .text.HAL_ADC_PollForConversion
                0x08001c8c      0x184 CMakeFiles/Balance_Car.elf.dir/Drivers/STM32F1xx_HAL_Driver/Src/stm32f1xx_hal_adc.c.obj
                0x08001c8c                HAL_ADC_PollForConversion
 .text.HAL_ADC_GetValue
                0x08001e10        0x6 CMakeFiles/Balance_Car.elf.dir/Drivers/STM32F1xx_HAL_Driver/Src/stm32f1xx_hal_adc.c.obj
                0x08001e10                HAL_ADC_GetValue
 *fill*         0x08001e16        0x2 
 .text.HAL_ADC_ConfigChannel
                0x08001e18      0x140 CMakeFiles/Balance_Car.elf.dir/Drivers/STM32F1xx_HAL_Driver/Src/stm32f1xx_hal_adc.c.obj
                0x08001e18                HAL_ADC_ConfigChannel
 .text.ADC_Enable
                0x08001f58       0x88 CMakeFiles/Balance_Car.elf.dir/Drivers/STM32F1xx_HAL_Driver/Src/stm32f1xx_hal_adc.c.obj
                0x08001f58                ADC_Enable
 .text.HAL_ADC_Start
                0x08001fe0       0xe8 CMakeFiles/Balance_Car.elf.dir/Drivers/STM32F1xx_HAL_Driver/Src/stm32f1xx_hal_adc.c.obj
                0x08001fe0                HAL_ADC_Start
 .text.ADC_ConversionStop_Disable
                0x080020c8       0x56 CMakeFiles/Balance_Car.elf.dir/Drivers/STM32F1xx_HAL_Driver/Src/stm32f1xx_hal_adc.c.obj
                0x080020c8                ADC_ConversionStop_Disable
 *fill*         0x0800211e        0x2 
 .text.HAL_ADC_Init
                0x08002120      0x108 CMakeFiles/Balance_Car.elf.dir/Drivers/STM32F1xx_HAL_Driver/Src/stm32f1xx_hal_adc.c.obj
                0x08002120                HAL_ADC_Init
 .text.HAL_ADCEx_Calibration_Start
                0x08002228      0x100 CMakeFiles/Balance_Car.elf.dir/Drivers/STM32F1xx_HAL_Driver/Src/stm32f1xx_hal_adc_ex.c.obj
                0x08002228                HAL_ADCEx_Calibration_Start
 .text.__NVIC_SetPriority
                0x08002328       0x28 CMakeFiles/Balance_Car.elf.dir/Drivers/STM32F1xx_HAL_Driver/Src/stm32f1xx_hal_cortex.c.obj
 .text.NVIC_EncodePriority
                0x08002350       0x3e CMakeFiles/Balance_Car.elf.dir/Drivers/STM32F1xx_HAL_Driver/Src/stm32f1xx_hal_cortex.c.obj
 *fill*         0x0800238e        0x2 
 .text.HAL_NVIC_SetPriorityGrouping
                0x08002390       0x24 CMakeFiles/Balance_Car.elf.dir/Drivers/STM32F1xx_HAL_Driver/Src/stm32f1xx_hal_cortex.c.obj
                0x08002390                HAL_NVIC_SetPriorityGrouping
 .text.HAL_NVIC_SetPriority
                0x080023b4       0x20 CMakeFiles/Balance_Car.elf.dir/Drivers/STM32F1xx_HAL_Driver/Src/stm32f1xx_hal_cortex.c.obj
                0x080023b4                HAL_NVIC_SetPriority
 .text.HAL_NVIC_EnableIRQ
                0x080023d4       0x1c CMakeFiles/Balance_Car.elf.dir/Drivers/STM32F1xx_HAL_Driver/Src/stm32f1xx_hal_cortex.c.obj
                0x080023d4                HAL_NVIC_EnableIRQ
 .text.HAL_SYSTICK_Config
                0x080023f0       0x28 CMakeFiles/Balance_Car.elf.dir/Drivers/STM32F1xx_HAL_Driver/Src/stm32f1xx_hal_cortex.c.obj
                0x080023f0                HAL_SYSTICK_Config
 .text.HAL_SYSTICK_CLKSourceConfig
                0x08002418       0x20 CMakeFiles/Balance_Car.elf.dir/Drivers/STM32F1xx_HAL_Driver/Src/stm32f1xx_hal_cortex.c.obj
                0x08002418                HAL_SYSTICK_CLKSourceConfig
 .text.HAL_DMA_Abort_IT
                0x08002438       0x98 CMakeFiles/Balance_Car.elf.dir/Drivers/STM32F1xx_HAL_Driver/Src/stm32f1xx_hal_dma.c.obj
                0x08002438                HAL_DMA_Abort_IT
 .text.HAL_DMA_GetState
                0x080024d0        0x6 CMakeFiles/Balance_Car.elf.dir/Drivers/STM32F1xx_HAL_Driver/Src/stm32f1xx_hal_dma.c.obj
                0x080024d0                HAL_DMA_GetState
 *fill*         0x080024d6        0x2 
 .text.HAL_GPIO_Init
                0x080024d8      0x21c CMakeFiles/Balance_Car.elf.dir/Drivers/STM32F1xx_HAL_Driver/Src/stm32f1xx_hal_gpio.c.obj
                0x080024d8                HAL_GPIO_Init
 .text.HAL_GPIO_ReadPin
                0x080026f4        0xe CMakeFiles/Balance_Car.elf.dir/Drivers/STM32F1xx_HAL_Driver/Src/stm32f1xx_hal_gpio.c.obj
                0x080026f4                HAL_GPIO_ReadPin
 .text.HAL_GPIO_WritePin
                0x08002702        0xc CMakeFiles/Balance_Car.elf.dir/Drivers/STM32F1xx_HAL_Driver/Src/stm32f1xx_hal_gpio.c.obj
                0x08002702                HAL_GPIO_WritePin
 .text.HAL_GPIO_TogglePin
                0x0800270e       0x12 CMakeFiles/Balance_Car.elf.dir/Drivers/STM32F1xx_HAL_Driver/Src/stm32f1xx_hal_gpio.c.obj
                0x0800270e                HAL_GPIO_TogglePin
 .text.HAL_GPIO_EXTI_IRQHandler
                0x08002720       0x1c CMakeFiles/Balance_Car.elf.dir/Drivers/STM32F1xx_HAL_Driver/Src/stm32f1xx_hal_gpio.c.obj
                0x08002720                HAL_GPIO_EXTI_IRQHandler
 .text.I2C_Flush_DR
                0x0800273c       0x10 CMakeFiles/Balance_Car.elf.dir/Drivers/STM32F1xx_HAL_Driver/Src/stm32f1xx_hal_i2c.c.obj
 .text.I2C_Master_SB
                0x0800274c       0xa8 CMakeFiles/Balance_Car.elf.dir/Drivers/STM32F1xx_HAL_Driver/Src/stm32f1xx_hal_i2c.c.obj
 .text.I2C_Master_ADD10
                0x080027f4       0x2a CMakeFiles/Balance_Car.elf.dir/Drivers/STM32F1xx_HAL_Driver/Src/stm32f1xx_hal_i2c.c.obj
 *fill*         0x0800281e        0x2 
 .text.I2C_Master_ADDR
                0x08002820      0x248 CMakeFiles/Balance_Car.elf.dir/Drivers/STM32F1xx_HAL_Driver/Src/stm32f1xx_hal_i2c.c.obj
 .text.I2C_SlaveTransmit_BTF
                0x08002a68       0x20 CMakeFiles/Balance_Car.elf.dir/Drivers/STM32F1xx_HAL_Driver/Src/stm32f1xx_hal_i2c.c.obj
 .text.I2C_SlaveReceive_BTF
                0x08002a88       0x20 CMakeFiles/Balance_Car.elf.dir/Drivers/STM32F1xx_HAL_Driver/Src/stm32f1xx_hal_i2c.c.obj
 .text.I2C_WaitOnSTOPRequestThroughIT
                0x08002aa8       0x48 CMakeFiles/Balance_Car.elf.dir/Drivers/STM32F1xx_HAL_Driver/Src/stm32f1xx_hal_i2c.c.obj
 .text.I2C_IsAcknowledgeFailed
                0x08002af0       0x32 CMakeFiles/Balance_Car.elf.dir/Drivers/STM32F1xx_HAL_Driver/Src/stm32f1xx_hal_i2c.c.obj
 .text.I2C_ConvertOtherXferOptions
                0x08002b22       0x1e CMakeFiles/Balance_Car.elf.dir/Drivers/STM32F1xx_HAL_Driver/Src/stm32f1xx_hal_i2c.c.obj
 .text.I2C_WaitOnFlagUntilTimeout
                0x08002b40       0xaa CMakeFiles/Balance_Car.elf.dir/Drivers/STM32F1xx_HAL_Driver/Src/stm32f1xx_hal_i2c.c.obj
 .text.I2C_WaitOnMasterAddressFlagUntilTimeout
                0x08002bea       0xd6 CMakeFiles/Balance_Car.elf.dir/Drivers/STM32F1xx_HAL_Driver/Src/stm32f1xx_hal_i2c.c.obj
 .text.I2C_MasterRequestWrite
                0x08002cc0       0xb4 CMakeFiles/Balance_Car.elf.dir/Drivers/STM32F1xx_HAL_Driver/Src/stm32f1xx_hal_i2c.c.obj
 .text.I2C_MasterRequestRead
                0x08002d74      0x120 CMakeFiles/Balance_Car.elf.dir/Drivers/STM32F1xx_HAL_Driver/Src/stm32f1xx_hal_i2c.c.obj
 .text.I2C_WaitOnTXEFlagUntilTimeout
                0x08002e94       0x5e CMakeFiles/Balance_Car.elf.dir/Drivers/STM32F1xx_HAL_Driver/Src/stm32f1xx_hal_i2c.c.obj
 *fill*         0x08002ef2        0x2 
 .text.I2C_RequestMemoryWrite
                0x08002ef4       0xd8 CMakeFiles/Balance_Car.elf.dir/Drivers/STM32F1xx_HAL_Driver/Src/stm32f1xx_hal_i2c.c.obj
 .text.I2C_WaitOnBTFFlagUntilTimeout
                0x08002fcc       0x5e CMakeFiles/Balance_Car.elf.dir/Drivers/STM32F1xx_HAL_Driver/Src/stm32f1xx_hal_i2c.c.obj
 .text.I2C_WaitOnRXNEFlagUntilTimeout
                0x0800302a       0x78 CMakeFiles/Balance_Car.elf.dir/Drivers/STM32F1xx_HAL_Driver/Src/stm32f1xx_hal_i2c.c.obj
 *fill*         0x080030a2        0x2 
 .text.HAL_I2C_Init
                0x080030a4      0x1bc CMakeFiles/Balance_Car.elf.dir/Drivers/STM32F1xx_HAL_Driver/Src/stm32f1xx_hal_i2c.c.obj
                0x080030a4                HAL_I2C_Init
 .text.HAL_I2C_Master_Transmit
                0x08003260      0x178 CMakeFiles/Balance_Car.elf.dir/Drivers/STM32F1xx_HAL_Driver/Src/stm32f1xx_hal_i2c.c.obj
                0x08003260                HAL_I2C_Master_Transmit
 .text.HAL_I2C_Master_Receive
                0x080033d8      0x358 CMakeFiles/Balance_Car.elf.dir/Drivers/STM32F1xx_HAL_Driver/Src/stm32f1xx_hal_i2c.c.obj
                0x080033d8                HAL_I2C_Master_Receive
 .text.HAL_I2C_Mem_Write
                0x08003730      0x164 CMakeFiles/Balance_Car.elf.dir/Drivers/STM32F1xx_HAL_Driver/Src/stm32f1xx_hal_i2c.c.obj
                0x08003730                HAL_I2C_Mem_Write
 .text.HAL_I2C_MasterTxCpltCallback
                0x08003894        0x2 CMakeFiles/Balance_Car.elf.dir/Drivers/STM32F1xx_HAL_Driver/Src/stm32f1xx_hal_i2c.c.obj
                0x08003894                HAL_I2C_MasterTxCpltCallback
 .text.HAL_I2C_MasterRxCpltCallback
                0x08003896        0x2 CMakeFiles/Balance_Car.elf.dir/Drivers/STM32F1xx_HAL_Driver/Src/stm32f1xx_hal_i2c.c.obj
                0x08003896                HAL_I2C_MasterRxCpltCallback
 .text.HAL_I2C_SlaveTxCpltCallback
                0x08003898        0x2 CMakeFiles/Balance_Car.elf.dir/Drivers/STM32F1xx_HAL_Driver/Src/stm32f1xx_hal_i2c.c.obj
                0x08003898                HAL_I2C_SlaveTxCpltCallback
 .text.I2C_SlaveTransmit_TXE
                0x0800389a       0x4c CMakeFiles/Balance_Car.elf.dir/Drivers/STM32F1xx_HAL_Driver/Src/stm32f1xx_hal_i2c.c.obj
 .text.HAL_I2C_SlaveRxCpltCallback
                0x080038e6        0x2 CMakeFiles/Balance_Car.elf.dir/Drivers/STM32F1xx_HAL_Driver/Src/stm32f1xx_hal_i2c.c.obj
                0x080038e6                HAL_I2C_SlaveRxCpltCallback
 .text.I2C_SlaveReceive_RXNE
                0x080038e8       0x4c CMakeFiles/Balance_Car.elf.dir/Drivers/STM32F1xx_HAL_Driver/Src/stm32f1xx_hal_i2c.c.obj
 .text.HAL_I2C_AddrCallback
                0x08003934        0x2 CMakeFiles/Balance_Car.elf.dir/Drivers/STM32F1xx_HAL_Driver/Src/stm32f1xx_hal_i2c.c.obj
                0x08003934                HAL_I2C_AddrCallback
 .text.I2C_Slave_ADDR
                0x08003936       0x5a CMakeFiles/Balance_Car.elf.dir/Drivers/STM32F1xx_HAL_Driver/Src/stm32f1xx_hal_i2c.c.obj
 .text.HAL_I2C_ListenCpltCallback
                0x08003990        0x2 CMakeFiles/Balance_Car.elf.dir/Drivers/STM32F1xx_HAL_Driver/Src/stm32f1xx_hal_i2c.c.obj
                0x08003990                HAL_I2C_ListenCpltCallback
 .text.HAL_I2C_MemTxCpltCallback
                0x08003992        0x2 CMakeFiles/Balance_Car.elf.dir/Drivers/STM32F1xx_HAL_Driver/Src/stm32f1xx_hal_i2c.c.obj
                0x08003992                HAL_I2C_MemTxCpltCallback
 .text.I2C_MasterTransmit_BTF
                0x08003994       0x9e CMakeFiles/Balance_Car.elf.dir/Drivers/STM32F1xx_HAL_Driver/Src/stm32f1xx_hal_i2c.c.obj
 .text.I2C_MemoryTransmit_TXE_BTF
                0x08003a32       0xc4 CMakeFiles/Balance_Car.elf.dir/Drivers/STM32F1xx_HAL_Driver/Src/stm32f1xx_hal_i2c.c.obj
 .text.I2C_MasterTransmit_TXE
                0x08003af6       0xd4 CMakeFiles/Balance_Car.elf.dir/Drivers/STM32F1xx_HAL_Driver/Src/stm32f1xx_hal_i2c.c.obj
 .text.HAL_I2C_MemRxCpltCallback
                0x08003bca        0x2 CMakeFiles/Balance_Car.elf.dir/Drivers/STM32F1xx_HAL_Driver/Src/stm32f1xx_hal_i2c.c.obj
                0x08003bca                HAL_I2C_MemRxCpltCallback
 .text.I2C_MasterReceive_BTF
                0x08003bcc      0x140 CMakeFiles/Balance_Car.elf.dir/Drivers/STM32F1xx_HAL_Driver/Src/stm32f1xx_hal_i2c.c.obj
 .text.HAL_I2C_ErrorCallback
                0x08003d0c        0x2 CMakeFiles/Balance_Car.elf.dir/Drivers/STM32F1xx_HAL_Driver/Src/stm32f1xx_hal_i2c.c.obj
                0x08003d0c                HAL_I2C_ErrorCallback
 .text.I2C_MasterReceive_RXNE
                0x08003d0e      0x106 CMakeFiles/Balance_Car.elf.dir/Drivers/STM32F1xx_HAL_Driver/Src/stm32f1xx_hal_i2c.c.obj
 .text.HAL_I2C_AbortCpltCallback
                0x08003e14        0x2 CMakeFiles/Balance_Car.elf.dir/Drivers/STM32F1xx_HAL_Driver/Src/stm32f1xx_hal_i2c.c.obj
                0x08003e14                HAL_I2C_AbortCpltCallback
 *fill*         0x08003e16        0x2 
 .text.I2C_DMAAbort
                0x08003e18       0xe4 CMakeFiles/Balance_Car.elf.dir/Drivers/STM32F1xx_HAL_Driver/Src/stm32f1xx_hal_i2c.c.obj
 .text.I2C_ITError
                0x08003efc      0x178 CMakeFiles/Balance_Car.elf.dir/Drivers/STM32F1xx_HAL_Driver/Src/stm32f1xx_hal_i2c.c.obj
 .text.I2C_Slave_STOPF
                0x08004074      0x18c CMakeFiles/Balance_Car.elf.dir/Drivers/STM32F1xx_HAL_Driver/Src/stm32f1xx_hal_i2c.c.obj
 .text.HAL_I2C_EV_IRQHandler
                0x08004200      0x1a0 CMakeFiles/Balance_Car.elf.dir/Drivers/STM32F1xx_HAL_Driver/Src/stm32f1xx_hal_i2c.c.obj
                0x08004200                HAL_I2C_EV_IRQHandler
 .text.RCC_Delay
                0x080043a0       0x2c CMakeFiles/Balance_Car.elf.dir/Drivers/STM32F1xx_HAL_Driver/Src/stm32f1xx_hal_rcc.c.obj
 .text.HAL_RCC_OscConfig
                0x080043cc      0x410 CMakeFiles/Balance_Car.elf.dir/Drivers/STM32F1xx_HAL_Driver/Src/stm32f1xx_hal_rcc.c.obj
                0x080043cc                HAL_RCC_OscConfig
 .text.HAL_RCC_GetSysClockFreq
                0x080047dc       0x54 CMakeFiles/Balance_Car.elf.dir/Drivers/STM32F1xx_HAL_Driver/Src/stm32f1xx_hal_rcc.c.obj
                0x080047dc                HAL_RCC_GetSysClockFreq
 .text.HAL_RCC_ClockConfig
                0x08004830      0x16c CMakeFiles/Balance_Car.elf.dir/Drivers/STM32F1xx_HAL_Driver/Src/stm32f1xx_hal_rcc.c.obj
                0x08004830                HAL_RCC_ClockConfig
 .text.HAL_RCC_GetHCLKFreq
                0x0800499c        0xc CMakeFiles/Balance_Car.elf.dir/Drivers/STM32F1xx_HAL_Driver/Src/stm32f1xx_hal_rcc.c.obj
                0x0800499c                HAL_RCC_GetHCLKFreq
 .text.HAL_RCC_GetPCLK1Freq
                0x080049a8       0x20 CMakeFiles/Balance_Car.elf.dir/Drivers/STM32F1xx_HAL_Driver/Src/stm32f1xx_hal_rcc.c.obj
                0x080049a8                HAL_RCC_GetPCLK1Freq
 .text.HAL_RCC_GetPCLK2Freq
                0x080049c8       0x20 CMakeFiles/Balance_Car.elf.dir/Drivers/STM32F1xx_HAL_Driver/Src/stm32f1xx_hal_rcc.c.obj
                0x080049c8                HAL_RCC_GetPCLK2Freq
 .text.HAL_RCCEx_PeriphCLKConfig
                0x080049e8      0x118 CMakeFiles/Balance_Car.elf.dir/Drivers/STM32F1xx_HAL_Driver/Src/stm32f1xx_hal_rcc_ex.c.obj
                0x080049e8                HAL_RCCEx_PeriphCLKConfig
 .text.HAL_RCCEx_GetPeriphCLKFreq
                0x08004b00       0xd8 CMakeFiles/Balance_Car.elf.dir/Drivers/STM32F1xx_HAL_Driver/Src/stm32f1xx_hal_rcc_ex.c.obj
                0x08004b00                HAL_RCCEx_GetPeriphCLKFreq
 .text.TIM_OC1_SetConfig
                0x08004bd8       0x54 CMakeFiles/Balance_Car.elf.dir/Drivers/STM32F1xx_HAL_Driver/Src/stm32f1xx_hal_tim.c.obj
 .text.TIM_OC3_SetConfig
                0x08004c2c       0x5c CMakeFiles/Balance_Car.elf.dir/Drivers/STM32F1xx_HAL_Driver/Src/stm32f1xx_hal_tim.c.obj
 .text.TIM_OC4_SetConfig
                0x08004c88       0x48 CMakeFiles/Balance_Car.elf.dir/Drivers/STM32F1xx_HAL_Driver/Src/stm32f1xx_hal_tim.c.obj
 .text.TIM_TI1_ConfigInputStage
                0x08004cd0       0x24 CMakeFiles/Balance_Car.elf.dir/Drivers/STM32F1xx_HAL_Driver/Src/stm32f1xx_hal_tim.c.obj
 .text.TIM_TI2_ConfigInputStage
                0x08004cf4       0x26 CMakeFiles/Balance_Car.elf.dir/Drivers/STM32F1xx_HAL_Driver/Src/stm32f1xx_hal_tim.c.obj
 .text.TIM_ITRx_SetConfig
                0x08004d1a       0x10 CMakeFiles/Balance_Car.elf.dir/Drivers/STM32F1xx_HAL_Driver/Src/stm32f1xx_hal_tim.c.obj
 *fill*         0x08004d2a        0x2 
 .text.HAL_TIM_Base_Start
                0x08004d2c       0x5c CMakeFiles/Balance_Car.elf.dir/Drivers/STM32F1xx_HAL_Driver/Src/stm32f1xx_hal_tim.c.obj
                0x08004d2c                HAL_TIM_Base_Start
 .text.HAL_TIM_Base_Stop
                0x08004d88       0x28 CMakeFiles/Balance_Car.elf.dir/Drivers/STM32F1xx_HAL_Driver/Src/stm32f1xx_hal_tim.c.obj
                0x08004d88                HAL_TIM_Base_Stop
 .text.HAL_TIM_Base_Start_IT
                0x08004db0       0x68 CMakeFiles/Balance_Car.elf.dir/Drivers/STM32F1xx_HAL_Driver/Src/stm32f1xx_hal_tim.c.obj
                0x08004db0                HAL_TIM_Base_Start_IT
 .text.HAL_TIM_PWM_MspInit
                0x08004e18        0x2 CMakeFiles/Balance_Car.elf.dir/Drivers/STM32F1xx_HAL_Driver/Src/stm32f1xx_hal_tim.c.obj
                0x08004e18                HAL_TIM_PWM_MspInit
 .text.HAL_TIM_PeriodElapsedCallback
                0x08004e1a        0x2 CMakeFiles/Balance_Car.elf.dir/Drivers/STM32F1xx_HAL_Driver/Src/stm32f1xx_hal_tim.c.obj
                0x08004e1a                HAL_TIM_PeriodElapsedCallback
 .text.HAL_TIM_OC_DelayElapsedCallback
                0x08004e1c        0x2 CMakeFiles/Balance_Car.elf.dir/Drivers/STM32F1xx_HAL_Driver/Src/stm32f1xx_hal_tim.c.obj
                0x08004e1c                HAL_TIM_OC_DelayElapsedCallback
 .text.HAL_TIM_IC_CaptureCallback
                0x08004e1e        0x2 CMakeFiles/Balance_Car.elf.dir/Drivers/STM32F1xx_HAL_Driver/Src/stm32f1xx_hal_tim.c.obj
                0x08004e1e                HAL_TIM_IC_CaptureCallback
 .text.HAL_TIM_PWM_PulseFinishedCallback
                0x08004e20        0x2 CMakeFiles/Balance_Car.elf.dir/Drivers/STM32F1xx_HAL_Driver/Src/stm32f1xx_hal_tim.c.obj
                0x08004e20                HAL_TIM_PWM_PulseFinishedCallback
 .text.HAL_TIM_TriggerCallback
                0x08004e22        0x2 CMakeFiles/Balance_Car.elf.dir/Drivers/STM32F1xx_HAL_Driver/Src/stm32f1xx_hal_tim.c.obj
                0x08004e22                HAL_TIM_TriggerCallback
 .text.HAL_TIM_IRQHandler
                0x08004e24      0x15e CMakeFiles/Balance_Car.elf.dir/Drivers/STM32F1xx_HAL_Driver/Src/stm32f1xx_hal_tim.c.obj
                0x08004e24                HAL_TIM_IRQHandler
 *fill*         0x08004f82        0x2 
 .text.TIM_Base_SetConfig
                0x08004f84       0x84 CMakeFiles/Balance_Car.elf.dir/Drivers/STM32F1xx_HAL_Driver/Src/stm32f1xx_hal_tim.c.obj
                0x08004f84                TIM_Base_SetConfig
 .text.HAL_TIM_Base_Init
                0x08005008       0x58 CMakeFiles/Balance_Car.elf.dir/Drivers/STM32F1xx_HAL_Driver/Src/stm32f1xx_hal_tim.c.obj
                0x08005008                HAL_TIM_Base_Init
 .text.HAL_TIM_PWM_Init
                0x08005060       0x58 CMakeFiles/Balance_Car.elf.dir/Drivers/STM32F1xx_HAL_Driver/Src/stm32f1xx_hal_tim.c.obj
                0x08005060                HAL_TIM_PWM_Init
 .text.HAL_TIM_Encoder_Init
                0x080050b8       0xb6 CMakeFiles/Balance_Car.elf.dir/Drivers/STM32F1xx_HAL_Driver/Src/stm32f1xx_hal_tim.c.obj
                0x080050b8                HAL_TIM_Encoder_Init
 *fill*         0x0800516e        0x2 
 .text.TIM_OC2_SetConfig
                0x08005170       0x5c CMakeFiles/Balance_Car.elf.dir/Drivers/STM32F1xx_HAL_Driver/Src/stm32f1xx_hal_tim.c.obj
                0x08005170                TIM_OC2_SetConfig
 .text.HAL_TIM_PWM_ConfigChannel
                0x080051cc       0xdc CMakeFiles/Balance_Car.elf.dir/Drivers/STM32F1xx_HAL_Driver/Src/stm32f1xx_hal_tim.c.obj
                0x080051cc                HAL_TIM_PWM_ConfigChannel
 .text.TIM_ETR_SetConfig
                0x080052a8       0x18 CMakeFiles/Balance_Car.elf.dir/Drivers/STM32F1xx_HAL_Driver/Src/stm32f1xx_hal_tim.c.obj
                0x080052a8                TIM_ETR_SetConfig
 .text.HAL_TIM_ConfigClockSource
                0x080052c0       0xfe CMakeFiles/Balance_Car.elf.dir/Drivers/STM32F1xx_HAL_Driver/Src/stm32f1xx_hal_tim.c.obj
                0x080052c0                HAL_TIM_ConfigClockSource
 .text.TIM_CCxChannelCmd
                0x080053be       0x1e CMakeFiles/Balance_Car.elf.dir/Drivers/STM32F1xx_HAL_Driver/Src/stm32f1xx_hal_tim.c.obj
                0x080053be                TIM_CCxChannelCmd
 .text.HAL_TIM_PWM_Start
                0x080053dc       0xdc CMakeFiles/Balance_Car.elf.dir/Drivers/STM32F1xx_HAL_Driver/Src/stm32f1xx_hal_tim.c.obj
                0x080053dc                HAL_TIM_PWM_Start
 .text.HAL_TIM_Encoder_Start
                0x080054b8       0xcc CMakeFiles/Balance_Car.elf.dir/Drivers/STM32F1xx_HAL_Driver/Src/stm32f1xx_hal_tim.c.obj
                0x080054b8                HAL_TIM_Encoder_Start
 .text.HAL_TIMEx_MasterConfigSynchronization
                0x08005584       0x6c CMakeFiles/Balance_Car.elf.dir/Drivers/STM32F1xx_HAL_Driver/Src/stm32f1xx_hal_tim_ex.c.obj
                0x08005584                HAL_TIMEx_MasterConfigSynchronization
 .text.HAL_TIMEx_ConfigBreakDeadTime
                0x080055f0       0x52 CMakeFiles/Balance_Car.elf.dir/Drivers/STM32F1xx_HAL_Driver/Src/stm32f1xx_hal_tim_ex.c.obj
                0x080055f0                HAL_TIMEx_ConfigBreakDeadTime
 .text.HAL_TIMEx_CommutCallback
                0x08005642        0x2 CMakeFiles/Balance_Car.elf.dir/Drivers/STM32F1xx_HAL_Driver/Src/stm32f1xx_hal_tim_ex.c.obj
                0x08005642                HAL_TIMEx_CommutCallback
 .text.HAL_TIMEx_BreakCallback
                0x08005644        0x2 CMakeFiles/Balance_Car.elf.dir/Drivers/STM32F1xx_HAL_Driver/Src/stm32f1xx_hal_tim_ex.c.obj
                0x08005644                HAL_TIMEx_BreakCallback
 *fill*         0x08005646        0x2 
 .text.Run_KeyEventHandler
                0x08005648       0x10 CMakeFiles/Balance_Car.elf.dir/user_main/user_main.c.obj
 .text.Git_Ultrasonic
                0x08005658       0x18 CMakeFiles/Balance_Car.elf.dir/user_main/user_main.c.obj
                0x08005658                Git_Ultrasonic
 .text.Mode_State
                0x08005670       0x64 CMakeFiles/Balance_Car.elf.dir/user_main/user_main.c.obj
                0x08005670                Mode_State
 .text.mpu6050_oled
                0x080056d4       0xa0 CMakeFiles/Balance_Car.elf.dir/user_main/user_main.c.obj
                0x080056d4                mpu6050_oled
 .text.Encoder_oled
                0x08005774       0x7c CMakeFiles/Balance_Car.elf.dir/user_main/user_main.c.obj
                0x08005774                Encoder_oled
 .text.mode_oled
                0x080057f0      0x14c CMakeFiles/Balance_Car.elf.dir/user_main/user_main.c.obj
                0x080057f0                mode_oled
 .text.Read_Encoder
                0x0800593c       0x30 CMakeFiles/Balance_Car.elf.dir/user_main/user_main.c.obj
                0x0800593c                Read_Encoder
 .text.balance_UP
                0x0800596c       0x34 CMakeFiles/Balance_Car.elf.dir/user_main/user_main.c.obj
                0x0800596c                balance_UP
 .text.velocity
                0x080059a0      0x11c CMakeFiles/Balance_Car.elf.dir/user_main/user_main.c.obj
                0x080059a0                velocity
 .text.Turn_UP  0x08005abc       0x48 CMakeFiles/Balance_Car.elf.dir/user_main/user_main.c.obj
                0x08005abc                Turn_UP
 *fill*         0x08005b04        0x4 
 .text.Xianfu_Pwm
                0x08005b08       0x98 CMakeFiles/Balance_Car.elf.dir/user_main/user_main.c.obj
                0x08005b08                Xianfu_Pwm
 .text.Turn_Off
                0x08005ba0       0x48 CMakeFiles/Balance_Car.elf.dir/user_main/user_main.c.obj
                0x08005ba0                Turn_Off
 .text.mode_select
                0x08005be8       0x28 CMakeFiles/Balance_Car.elf.dir/user_main/user_main.c.obj
                0x08005be8                mode_select
 .text.run      0x08005c10      0x1f8 CMakeFiles/Balance_Car.elf.dir/user_main/user_main.c.obj
                0x08005c10                run
 .text.HAL_GPIO_EXTI_Callback
                0x08005e08        0xe CMakeFiles/Balance_Car.elf.dir/user_main/user_main.c.obj
                0x08005e08                HAL_GPIO_EXTI_Callback
 *fill*         0x08005e16        0x2 
 .text.Run_Enter
                0x08005e18       0x18 CMakeFiles/Balance_Car.elf.dir/user_main/user_main.c.obj
                0x08005e18                Run_Enter
 .text.Run_Key  0x08005e30       0x30 CMakeFiles/Balance_Car.elf.dir/user_main/user_main.c.obj
                0x08005e30                Run_Key
 .text.user_main
                0x08005e60       0x8c CMakeFiles/Balance_Car.elf.dir/user_main/user_main.c.obj
                0x08005e60                user_main
 .text.OLED_Write_Byte
                0x08005eec       0x50 CMakeFiles/Balance_Car.elf.dir/OLED/Src/driver_ssd1306.c.obj
                0x08005eec                OLED_Write_Byte
 .text.OLED_Init
                0x08005f3c       0xf2 CMakeFiles/Balance_Car.elf.dir/OLED/Src/driver_ssd1306.c.obj
                0x08005f3c                OLED_Init
 *fill*         0x0800602e        0x2 
 .text.OLED_Fill
                0x08006030       0x28 CMakeFiles/Balance_Car.elf.dir/OLED/Src/driver_ssd1306.c.obj
                0x08006030                OLED_Fill
 .text.OLED_Clear
                0x08006058       0x1a CMakeFiles/Balance_Car.elf.dir/OLED/Src/driver_ssd1306.c.obj
                0x08006058                OLED_Clear
 *fill*         0x08006072        0x2 
 .text.OLED_Refresh_Gram
                0x08006074       0x4c CMakeFiles/Balance_Car.elf.dir/OLED/Src/driver_ssd1306.c.obj
                0x08006074                OLED_Refresh_Gram
 .text.OLED_DrawPoint
                0x080060c0       0x6c CMakeFiles/Balance_Car.elf.dir/OLED/Src/driver_ssd1306.c.obj
                0x080060c0                OLED_DrawPoint
 .text.OLED_DrawChar
                0x0800612c      0x300 CMakeFiles/Balance_Car.elf.dir/OLED/Src/driver_ssd1306.c.obj
                0x0800612c                OLED_DrawChar
 .text.OLED_DrawStr
                0x0800642c       0x72 CMakeFiles/Balance_Car.elf.dir/OLED/Src/driver_ssd1306.c.obj
                0x0800642c                OLED_DrawStr
 .text.Ten_Exponent
                0x0800649e       0x1a CMakeFiles/Balance_Car.elf.dir/OLED/Src/driver_ssd1306.c.obj
                0x0800649e                Ten_Exponent
 .text.OLED_DrawNum
                0x080064b8       0xc4 CMakeFiles/Balance_Car.elf.dir/OLED/Src/driver_ssd1306.c.obj
                0x080064b8                OLED_DrawNum
 .text.OLED_DrawNum0
                0x0800657c       0xd8 CMakeFiles/Balance_Car.elf.dir/OLED/Src/driver_ssd1306.c.obj
                0x0800657c                OLED_DrawNum0
 .text.OLED_ShowSignedNum
                0x08006654       0x4e CMakeFiles/Balance_Car.elf.dir/OLED/Src/driver_ssd1306.c.obj
                0x08006654                OLED_ShowSignedNum
 *fill*         0x080066a2        0x2 
 .text.delay_init
                0x080066a4       0x14 CMakeFiles/Balance_Car.elf.dir/Delay/delay.c.obj
                0x080066a4                delay_init
 .text.delay_us
                0x080066b8       0x3c CMakeFiles/Balance_Car.elf.dir/Delay/delay.c.obj
                0x080066b8                delay_us
 .text.delay_ms
                0x080066f4       0x10 CMakeFiles/Balance_Car.elf.dir/Delay/delay.c.obj
                0x080066f4                delay_ms
 .text.HAL_Delay
                0x08006704        0xa CMakeFiles/Balance_Car.elf.dir/Delay/delay.c.obj
                0x08006704                HAL_Delay
 *fill*         0x0800670e        0x2 
 .text.hcrs04_get_distance
                0x08006710       0xb8 CMakeFiles/Balance_Car.elf.dir/hcsr04/hcsr04.c.obj
                0x08006710                hcrs04_get_distance
 .text.myabs    0x080067c8        0xa CMakeFiles/Balance_Car.elf.dir/TB6612FNG/motor.c.obj
                0x080067c8                myabs
 *fill*         0x080067d2        0x2 
 .text.Set_Pwm  0x080067d4       0x98 CMakeFiles/Balance_Car.elf.dir/TB6612FNG/motor.c.obj
                0x080067d4                Set_Pwm
 .text.atk_ms6050_write
                0x0800686c       0x50 CMakeFiles/Balance_Car.elf.dir/mpu6050/atk_ms6050.c.obj
                0x0800686c                atk_ms6050_write
 .text.atk_ms6050_write_byte
                0x080068bc       0x18 CMakeFiles/Balance_Car.elf.dir/mpu6050/atk_ms6050.c.obj
                0x080068bc                atk_ms6050_write_byte
 .text.atk_ms6050_read
                0x080068d4       0x48 CMakeFiles/Balance_Car.elf.dir/mpu6050/atk_ms6050.c.obj
                0x080068d4                atk_ms6050_read
 .text.atk_ms6050_read_byte
                0x0800691c        0xc CMakeFiles/Balance_Car.elf.dir/mpu6050/atk_ms6050.c.obj
                0x0800691c                atk_ms6050_read_byte
 .text.atk_ms6050_sw_reset
                0x08006928       0x1e CMakeFiles/Balance_Car.elf.dir/mpu6050/atk_ms6050.c.obj
                0x08006928                atk_ms6050_sw_reset
 .text.atk_ms6050_set_gyro_fsr
                0x08006946       0x12 CMakeFiles/Balance_Car.elf.dir/mpu6050/atk_ms6050.c.obj
                0x08006946                atk_ms6050_set_gyro_fsr
 .text.atk_ms6050_set_accel_fsr
                0x08006958       0x12 CMakeFiles/Balance_Car.elf.dir/mpu6050/atk_ms6050.c.obj
                0x08006958                atk_ms6050_set_accel_fsr
 .text.atk_ms6050_set_lpf
                0x0800696a       0x36 CMakeFiles/Balance_Car.elf.dir/mpu6050/atk_ms6050.c.obj
                0x0800696a                atk_ms6050_set_lpf
 .text.atk_ms6050_set_rate
                0x080069a0       0x38 CMakeFiles/Balance_Car.elf.dir/mpu6050/atk_ms6050.c.obj
                0x080069a0                atk_ms6050_set_rate
 .text.atk_ms6050_get_gyroscope
                0x080069d8       0x46 CMakeFiles/Balance_Car.elf.dir/mpu6050/atk_ms6050.c.obj
                0x080069d8                atk_ms6050_get_gyroscope
 .text.atk_ms6050_init
                0x08006a1e       0x7c CMakeFiles/Balance_Car.elf.dir/mpu6050/atk_ms6050.c.obj
                0x08006a1e                atk_ms6050_init
 .text.my_mpu6050_init
                0x08006a9a       0x3a CMakeFiles/Balance_Car.elf.dir/mpu6050/atk_ms6050.c.obj
                0x08006a9a                my_mpu6050_init
 .text.inv_row_2_scale
                0x08006ad4       0x3a CMakeFiles/Balance_Car.elf.dir/mpu6050/inv_mpu.c.obj
 .text.inv_orientation_matrix_to_scalar
                0x08006b0e       0x24 CMakeFiles/Balance_Car.elf.dir/mpu6050/inv_mpu.c.obj
 *fill*         0x08006b32        0x2 
 .text.get_accel_prod_shift
                0x08006b34       0xc4 CMakeFiles/Balance_Car.elf.dir/mpu6050/inv_mpu.c.obj
 .text.accel_self_test
                0x08006bf8       0xa8 CMakeFiles/Balance_Car.elf.dir/mpu6050/inv_mpu.c.obj
 .text.gyro_self_test
                0x08006ca0      0x100 CMakeFiles/Balance_Car.elf.dir/mpu6050/inv_mpu.c.obj
 .text.set_int_enable
                0x08006da0       0x98 CMakeFiles/Balance_Car.elf.dir/mpu6050/inv_mpu.c.obj
 .text.get_st_biases
                0x08006e38      0x428 CMakeFiles/Balance_Car.elf.dir/mpu6050/inv_mpu.c.obj
 .text.mpu_reset_fifo
                0x08007260      0x1f8 CMakeFiles/Balance_Car.elf.dir/mpu6050/inv_mpu.c.obj
                0x08007260                mpu_reset_fifo
 .text.mpu_get_gyro_fsr
                0x08007458       0x3c CMakeFiles/Balance_Car.elf.dir/mpu6050/inv_mpu.c.obj
                0x08007458                mpu_get_gyro_fsr
 .text.mpu_set_gyro_fsr
                0x08007494       0x98 CMakeFiles/Balance_Car.elf.dir/mpu6050/inv_mpu.c.obj
                0x08007494                mpu_set_gyro_fsr
 .text.mpu_get_accel_fsr
                0x0800752c       0x44 CMakeFiles/Balance_Car.elf.dir/mpu6050/inv_mpu.c.obj
                0x0800752c                mpu_get_accel_fsr
 .text.mpu_set_accel_fsr
                0x08007570       0x94 CMakeFiles/Balance_Car.elf.dir/mpu6050/inv_mpu.c.obj
                0x08007570                mpu_set_accel_fsr
 .text.mpu_get_lpf
                0x08007604       0x44 CMakeFiles/Balance_Car.elf.dir/mpu6050/inv_mpu.c.obj
                0x08007604                mpu_get_lpf
 .text.mpu_set_lpf
                0x08007648       0x94 CMakeFiles/Balance_Car.elf.dir/mpu6050/inv_mpu.c.obj
                0x08007648                mpu_set_lpf
 .text.mpu_get_sample_rate
                0x080076dc       0x1c CMakeFiles/Balance_Car.elf.dir/mpu6050/inv_mpu.c.obj
                0x080076dc                mpu_get_sample_rate
 .text.mpu_get_gyro_sens
                0x080076f8       0x4c CMakeFiles/Balance_Car.elf.dir/mpu6050/inv_mpu.c.obj
                0x080076f8                mpu_get_gyro_sens
 .text.mpu_get_accel_sens
                0x08007744       0x4c CMakeFiles/Balance_Car.elf.dir/mpu6050/inv_mpu.c.obj
                0x08007744                mpu_get_accel_sens
 .text.mpu_get_fifo_config
                0x08007790       0x10 CMakeFiles/Balance_Car.elf.dir/mpu6050/inv_mpu.c.obj
                0x08007790                mpu_get_fifo_config
 .text.mpu_configure_fifo
                0x080077a0       0x64 CMakeFiles/Balance_Car.elf.dir/mpu6050/inv_mpu.c.obj
                0x080077a0                mpu_configure_fifo
 .text.mpu_read_fifo_stream
                0x08007804       0xc0 CMakeFiles/Balance_Car.elf.dir/mpu6050/inv_mpu.c.obj
                0x08007804                mpu_read_fifo_stream
 .text.mpu_set_bypass
                0x080078c4      0x168 CMakeFiles/Balance_Car.elf.dir/mpu6050/inv_mpu.c.obj
                0x080078c4                mpu_set_bypass
 .text.mpu_set_int_latched
                0x08007a2c       0x74 CMakeFiles/Balance_Car.elf.dir/mpu6050/inv_mpu.c.obj
                0x08007a2c                mpu_set_int_latched
 .text.mpu_lp_accel_mode
                0x08007aa0       0xdc CMakeFiles/Balance_Car.elf.dir/mpu6050/inv_mpu.c.obj
                0x08007aa0                mpu_lp_accel_mode
 .text.mpu_set_sample_rate
                0x08007b7c       0xa0 CMakeFiles/Balance_Car.elf.dir/mpu6050/inv_mpu.c.obj
                0x08007b7c                mpu_set_sample_rate
 .text.mpu_set_sensors
                0x08007c1c       0xe4 CMakeFiles/Balance_Car.elf.dir/mpu6050/inv_mpu.c.obj
                0x08007c1c                mpu_set_sensors
 .text.mpu_init
                0x08007d00      0x194 CMakeFiles/Balance_Car.elf.dir/mpu6050/inv_mpu.c.obj
                0x08007d00                mpu_init
 .text.mpu_write_mem
                0x08007e94       0x74 CMakeFiles/Balance_Car.elf.dir/mpu6050/inv_mpu.c.obj
                0x08007e94                mpu_write_mem
 .text.mpu_read_mem
                0x08007f08       0x74 CMakeFiles/Balance_Car.elf.dir/mpu6050/inv_mpu.c.obj
                0x08007f08                mpu_read_mem
 .text.mpu_load_firmware
                0x08007f7c       0xb4 CMakeFiles/Balance_Car.elf.dir/mpu6050/inv_mpu.c.obj
                0x08007f7c                mpu_load_firmware
 .text.mpu_set_dmp_state
                0x08008030       0x94 CMakeFiles/Balance_Car.elf.dir/mpu6050/inv_mpu.c.obj
                0x08008030                mpu_set_dmp_state
 .text.mpu_run_self_test
                0x080080c4      0x104 CMakeFiles/Balance_Car.elf.dir/mpu6050/inv_mpu.c.obj
                0x080080c4                mpu_run_self_test
 .text.atk_ms6050_get_clock_ms
                0x080081c8       0x14 CMakeFiles/Balance_Car.elf.dir/mpu6050/inv_mpu.c.obj
                0x080081c8                atk_ms6050_get_clock_ms
 .text.atk_ms6050_run_self_test
                0x080081dc       0x78 CMakeFiles/Balance_Car.elf.dir/mpu6050/inv_mpu.c.obj
                0x080081dc                atk_ms6050_run_self_test
 .text.atk_ms6050_dmp_init
                0x08008254       0x74 CMakeFiles/Balance_Car.elf.dir/mpu6050/inv_mpu.c.obj
                0x08008254                atk_ms6050_dmp_init
 .text.atk_ms6050_dmp_get_data
                0x080082c8      0x1c8 CMakeFiles/Balance_Car.elf.dir/mpu6050/inv_mpu.c.obj
                0x080082c8                atk_ms6050_dmp_get_data
 .text.decode_gesture
                0x08008490       0x3c CMakeFiles/Balance_Car.elf.dir/mpu6050/inv_mpu_dmp_motion_driver.c.obj
 .text.dmp_load_motion_driver_firmware
                0x080084cc       0x18 CMakeFiles/Balance_Car.elf.dir/mpu6050/inv_mpu_dmp_motion_driver.c.obj
                0x080084cc                dmp_load_motion_driver_firmware
 .text.dmp_set_orientation
                0x080084e4      0x14c CMakeFiles/Balance_Car.elf.dir/mpu6050/inv_mpu_dmp_motion_driver.c.obj
                0x080084e4                dmp_set_orientation
 .text.dmp_set_gyro_bias
                0x08008630      0x110 CMakeFiles/Balance_Car.elf.dir/mpu6050/inv_mpu_dmp_motion_driver.c.obj
                0x08008630                dmp_set_gyro_bias
 .text.dmp_set_accel_bias
                0x08008740       0xf4 CMakeFiles/Balance_Car.elf.dir/mpu6050/inv_mpu_dmp_motion_driver.c.obj
                0x08008740                dmp_set_accel_bias
 .text.dmp_set_fifo_rate
                0x08008834       0x68 CMakeFiles/Balance_Car.elf.dir/mpu6050/inv_mpu_dmp_motion_driver.c.obj
                0x08008834                dmp_set_fifo_rate
 .text.dmp_set_tap_thresh
                0x0800889c      0x1a0 CMakeFiles/Balance_Car.elf.dir/mpu6050/inv_mpu_dmp_motion_driver.c.obj
                0x0800889c                dmp_set_tap_thresh
 .text.dmp_set_tap_axes
                0x08008a3c       0x4e CMakeFiles/Balance_Car.elf.dir/mpu6050/inv_mpu_dmp_motion_driver.c.obj
                0x08008a3c                dmp_set_tap_axes
 .text.dmp_set_tap_count
                0x08008a8a       0x2c CMakeFiles/Balance_Car.elf.dir/mpu6050/inv_mpu_dmp_motion_driver.c.obj
                0x08008a8a                dmp_set_tap_count
 *fill*         0x08008ab6        0x2 
 .text.dmp_set_tap_time
                0x08008ab8       0x30 CMakeFiles/Balance_Car.elf.dir/mpu6050/inv_mpu_dmp_motion_driver.c.obj
                0x08008ab8                dmp_set_tap_time
 .text.dmp_set_tap_time_multi
                0x08008ae8       0x30 CMakeFiles/Balance_Car.elf.dir/mpu6050/inv_mpu_dmp_motion_driver.c.obj
                0x08008ae8                dmp_set_tap_time_multi
 .text.dmp_set_shake_reject_thresh
                0x08008b18       0x44 CMakeFiles/Balance_Car.elf.dir/mpu6050/inv_mpu_dmp_motion_driver.c.obj
                0x08008b18                dmp_set_shake_reject_thresh
 .text.dmp_set_shake_reject_time
                0x08008b5c       0x2c CMakeFiles/Balance_Car.elf.dir/mpu6050/inv_mpu_dmp_motion_driver.c.obj
                0x08008b5c                dmp_set_shake_reject_time
 .text.dmp_set_shake_reject_timeout
                0x08008b88       0x2c CMakeFiles/Balance_Car.elf.dir/mpu6050/inv_mpu_dmp_motion_driver.c.obj
                0x08008b88                dmp_set_shake_reject_timeout
 .text.dmp_enable_gyro_cal
                0x08008bb4       0x44 CMakeFiles/Balance_Car.elf.dir/mpu6050/inv_mpu_dmp_motion_driver.c.obj
                0x08008bb4                dmp_enable_gyro_cal
 .text.dmp_enable_lp_quat
                0x08008bf8       0x3c CMakeFiles/Balance_Car.elf.dir/mpu6050/inv_mpu_dmp_motion_driver.c.obj
                0x08008bf8                dmp_enable_lp_quat
 .text.dmp_enable_6x_lp_quat
                0x08008c34       0x3c CMakeFiles/Balance_Car.elf.dir/mpu6050/inv_mpu_dmp_motion_driver.c.obj
                0x08008c34                dmp_enable_6x_lp_quat
 .text.dmp_enable_feature
                0x08008c70      0x218 CMakeFiles/Balance_Car.elf.dir/mpu6050/inv_mpu_dmp_motion_driver.c.obj
                0x08008c70                dmp_enable_feature
 .text.dmp_read_fifo
                0x08008e88      0x1ec CMakeFiles/Balance_Car.elf.dir/mpu6050/inv_mpu_dmp_motion_driver.c.obj
                0x08008e88                dmp_read_fifo
 .text.button_init
                0x08009074       0x36 CMakeFiles/Balance_Car.elf.dir/keypad/MultiButton/multi_button.c.obj
                0x08009074                button_init
 .text.button_attach
                0x080090aa        0xa CMakeFiles/Balance_Car.elf.dir/keypad/MultiButton/multi_button.c.obj
                0x080090aa                button_attach
 .text.button_handler
                0x080090b4      0x222 CMakeFiles/Balance_Car.elf.dir/keypad/MultiButton/multi_button.c.obj
                0x080090b4                button_handler
 *fill*         0x080092d6        0x2 
 .text.button_start
                0x080092d8       0x24 CMakeFiles/Balance_Car.elf.dir/keypad/MultiButton/multi_button.c.obj
                0x080092d8                button_start
 .text.button_ticks
                0x080092fc       0x1c CMakeFiles/Balance_Car.elf.dir/keypad/MultiButton/multi_button.c.obj
                0x080092fc                button_ticks
 .text.TouchKey_GetLevelCallback
                0x08009318       0x18 CMakeFiles/Balance_Car.elf.dir/keypad/button_port/button_port.c.obj
 .text.TouchKey_Init
                0x08009330       0x30 CMakeFiles/Balance_Car.elf.dir/keypad/button_port/button_port.c.obj
                0x08009330                TouchKey_Init
 .text.__udivmoddi4
                0x08009360      0x2c0 d:/arm gnu toolchain arm-none-eabi/12.2 rel1/bin/../lib/gcc/arm-none-eabi/12.2.1/thumb/v7-m/nofp\libgcc.a(_udivmoddi4.o)
                0x08009360                __udivmoddi4
 .text.memcmp   0x08009620       0x20 d:/arm gnu toolchain arm-none-eabi/12.2 rel1/bin/../lib/gcc/arm-none-eabi/12.2.1/thumb/v7-m/nofp\libg_nano.a(libc_a-memcmp.o)
                0x08009620                memcmp
 .text.memset   0x08009640       0x10 d:/arm gnu toolchain arm-none-eabi/12.2 rel1/bin/../lib/gcc/arm-none-eabi/12.2.1/thumb/v7-m/nofp\libg_nano.a(libc_a-memset.o)
                0x08009640                memset
 .text.__errno  0x08009650        0xc d:/arm gnu toolchain arm-none-eabi/12.2 rel1/bin/../lib/gcc/arm-none-eabi/12.2.1/thumb/v7-m/nofp\libg_nano.a(libc_a-errno.o)
                0x08009650                __errno
 .text.__libc_init_array
                0x0800965c       0x48 d:/arm gnu toolchain arm-none-eabi/12.2 rel1/bin/../lib/gcc/arm-none-eabi/12.2.1/thumb/v7-m/nofp\libg_nano.a(libc_a-init.o)
                0x0800965c                __libc_init_array
 .text.asin     0x080096a4       0x50 d:/arm gnu toolchain arm-none-eabi/12.2 rel1/bin/../lib/gcc/arm-none-eabi/12.2.1/thumb/v7-m/nofp\libm.a(libm_a-w_asin.o)
                0x080096a4                asin
 .text.atan2    0x080096f4        0x4 d:/arm gnu toolchain arm-none-eabi/12.2 rel1/bin/../lib/gcc/arm-none-eabi/12.2.1/thumb/v7-m/nofp\libm.a(libm_a-w_atan2.o)
                0x080096f4                atan2
 .text.fabs     0x080096f8        0x8 d:/arm gnu toolchain arm-none-eabi/12.2 rel1/bin/../lib/gcc/arm-none-eabi/12.2.1/thumb/v7-m/nofp\libm.a(libm_a-s_fabs.o)
                0x080096f8                fabs
 .text.nan      0x08009700        0xc d:/arm gnu toolchain arm-none-eabi/12.2 rel1/bin/../lib/gcc/arm-none-eabi/12.2.1/thumb/v7-m/nofp\libm.a(libm_a-s_nan.o)
                0x08009700                nan
 *fill*         0x0800970c        0x4 
 .text.__ieee754_asin
                0x08009710      0x44c d:/arm gnu toolchain arm-none-eabi/12.2 rel1/bin/../lib/gcc/arm-none-eabi/12.2.1/thumb/v7-m/nofp\libm.a(libm_a-e_asin.o)
                0x08009710                __ieee754_asin
 *fill*         0x08009b5c        0x4 
 .text.__ieee754_atan2
                0x08009b60      0x194 d:/arm gnu toolchain arm-none-eabi/12.2 rel1/bin/../lib/gcc/arm-none-eabi/12.2.1/thumb/v7-m/nofp\libm.a(libm_a-e_atan2.o)
                0x08009b60                __ieee754_atan2
 *fill*         0x08009cf4        0x4 
 .text.atan     0x08009cf8      0x318 d:/arm gnu toolchain arm-none-eabi/12.2 rel1/bin/../lib/gcc/arm-none-eabi/12.2.1/thumb/v7-m/nofp\libm.a(libm_a-s_atan.o)
                0x08009cf8                atan
 .text.__ieee754_sqrt
                0x0800a010      0x1dc d:/arm gnu toolchain arm-none-eabi/12.2 rel1/bin/../lib/gcc/arm-none-eabi/12.2.1/thumb/v7-m/nofp\libm.a(libm_a-e_sqrt.o)
                0x0800a010                __ieee754_sqrt
 *(.glue_7)
 .glue_7        0x0800a1ec        0x0 linker stubs
 *(.glue_7t)
 .glue_7t       0x0800a1ec        0x0 linker stubs
 *(.eh_frame)
 .eh_frame      0x0800a1ec        0x0 d:/arm gnu toolchain arm-none-eabi/12.2 rel1/bin/../lib/gcc/arm-none-eabi/12.2.1/thumb/v7-m/nofp/crtbegin.o
 *(.init)
 .init          0x0800a1ec        0x4 d:/arm gnu toolchain arm-none-eabi/12.2 rel1/bin/../lib/gcc/arm-none-eabi/12.2.1/thumb/v7-m/nofp/crti.o
                0x0800a1ec                _init
 .init          0x0800a1f0        0x8 d:/arm gnu toolchain arm-none-eabi/12.2 rel1/bin/../lib/gcc/arm-none-eabi/12.2.1/thumb/v7-m/nofp/crtn.o
 *(.fini)
 .fini          0x0800a1f8        0x4 d:/arm gnu toolchain arm-none-eabi/12.2 rel1/bin/../lib/gcc/arm-none-eabi/12.2.1/thumb/v7-m/nofp/crti.o
                0x0800a1f8                _fini
 .fini          0x0800a1fc        0x8 d:/arm gnu toolchain arm-none-eabi/12.2 rel1/bin/../lib/gcc/arm-none-eabi/12.2.1/thumb/v7-m/nofp/crtn.o
                0x0800a204                . = ALIGN (0x4)
                0x0800a204                _etext = .

.vfp11_veneer   0x0800a204        0x0
 .vfp11_veneer  0x0800a204        0x0 linker stubs

.v4_bx          0x0800a204        0x0
 .v4_bx         0x0800a204        0x0 linker stubs

.iplt           0x0800a204        0x0
 .iplt          0x0800a204        0x0 d:/arm gnu toolchain arm-none-eabi/12.2 rel1/bin/../lib/gcc/arm-none-eabi/12.2.1/thumb/v7-m/nofp/crtbegin.o

.rodata         0x0800a208     0x2d40
                0x0800a208                . = ALIGN (0x4)
 *(.rodata)
 *(.rodata*)
 .rodata.APBPrescTable
                0x0800a208        0x8 CMakeFiles/Balance_Car.elf.dir/Core/Src/system_stm32f1xx.c.obj
                0x0800a208                APBPrescTable
 .rodata.AHBPrescTable
                0x0800a210       0x10 CMakeFiles/Balance_Car.elf.dir/Core/Src/system_stm32f1xx.c.obj
                0x0800a210                AHBPrescTable
 .rodata.aPredivFactorTable.0
                0x0800a220        0x2 CMakeFiles/Balance_Car.elf.dir/Drivers/STM32F1xx_HAL_Driver/Src/stm32f1xx_hal_rcc.c.obj
 *fill*         0x0800a222        0x2 
 .rodata.aPLLMULFactorTable.1
                0x0800a224       0x10 CMakeFiles/Balance_Car.elf.dir/Drivers/STM32F1xx_HAL_Driver/Src/stm32f1xx_hal_rcc.c.obj
 .rodata.aPredivFactorTable.0
                0x0800a234        0x2 CMakeFiles/Balance_Car.elf.dir/Drivers/STM32F1xx_HAL_Driver/Src/stm32f1xx_hal_rcc_ex.c.obj
 *fill*         0x0800a236        0x2 
 .rodata.aPLLMULFactorTable.1
                0x0800a238       0x10 CMakeFiles/Balance_Car.elf.dir/Drivers/STM32F1xx_HAL_Driver/Src/stm32f1xx_hal_rcc_ex.c.obj
 .rodata.mpu6050_oled.str1.4
                0x0800a248        0xb CMakeFiles/Balance_Car.elf.dir/user_main/user_main.c.obj
 *fill*         0x0800a253        0x1 
 .rodata.Encoder_oled.str1.4
                0x0800a254        0x3 CMakeFiles/Balance_Car.elf.dir/user_main/user_main.c.obj
 *fill*         0x0800a257        0x1 
 .rodata.mode_oled.str1.4
                0x0800a258       0x15 CMakeFiles/Balance_Car.elf.dir/user_main/user_main.c.obj
 *fill*         0x0800a26d        0x3 
 .rodata.F32x16
                0x0800a270     0x17c0 CMakeFiles/Balance_Car.elf.dir/OLED/Src/driver_ssd1306.c.obj
                0x0800a270                F32x16
 .rodata.F16x8  0x0800ba30      0x600 CMakeFiles/Balance_Car.elf.dir/OLED/Src/driver_ssd1306.c.obj
                0x0800ba30                F16x8
 .rodata.F8x6   0x0800c030      0x228 CMakeFiles/Balance_Car.elf.dir/OLED/Src/driver_ssd1306.c.obj
                0x0800c030                F8x6
 .rodata.test   0x0800c258       0x28 CMakeFiles/Balance_Car.elf.dir/mpu6050/inv_mpu.c.obj
                0x0800c258                test
 .rodata.hw     0x0800c280        0xc CMakeFiles/Balance_Car.elf.dir/mpu6050/inv_mpu.c.obj
                0x0800c280                hw
 .rodata.reg    0x0800c28c       0x1b CMakeFiles/Balance_Car.elf.dir/mpu6050/inv_mpu.c.obj
                0x0800c28c                reg
 *fill*         0x0800c2a7        0x1 
 .rodata.dmp_set_orientation.str1.4
                0x0800c2a8       0x10 CMakeFiles/Balance_Car.elf.dir/mpu6050/inv_mpu_dmp_motion_driver.c.obj
 .rodata.dmp_set_fifo_rate.str1.4
                0x0800c2b8        0xd CMakeFiles/Balance_Car.elf.dir/mpu6050/inv_mpu_dmp_motion_driver.c.obj
 *fill*         0x0800c2c5        0x3 
 .rodata.dmp_enable_gyro_cal.str1.4
                0x0800c2c8       0x16 CMakeFiles/Balance_Car.elf.dir/mpu6050/inv_mpu_dmp_motion_driver.c.obj
 *fill*         0x0800c2de        0x2 
 .rodata.dmp_memory
                0x0800c2e0      0xbf6 CMakeFiles/Balance_Car.elf.dir/mpu6050/inv_mpu_dmp_motion_driver.c.obj
 .rodata.asin.str1.4
                0x0800ced6       0x16 d:/arm gnu toolchain arm-none-eabi/12.2 rel1/bin/../lib/gcc/arm-none-eabi/12.2.1/thumb/v7-m/nofp\libm.a(libm_a-w_asin.o)
                                  0x1 (size before relaxing)
 *fill*         0x0800ced6        0x2 
 .rodata.CSWTCH.9
                0x0800ced8       0x18 d:/arm gnu toolchain arm-none-eabi/12.2 rel1/bin/../lib/gcc/arm-none-eabi/12.2.1/thumb/v7-m/nofp\libm.a(libm_a-e_atan2.o)
 .rodata.CSWTCH.8
                0x0800cef0       0x18 d:/arm gnu toolchain arm-none-eabi/12.2 rel1/bin/../lib/gcc/arm-none-eabi/12.2.1/thumb/v7-m/nofp\libm.a(libm_a-e_atan2.o)
 .rodata.atanlo
                0x0800cf08       0x20 d:/arm gnu toolchain arm-none-eabi/12.2 rel1/bin/../lib/gcc/arm-none-eabi/12.2.1/thumb/v7-m/nofp\libm.a(libm_a-s_atan.o)
 .rodata.atanhi
                0x0800cf28       0x20 d:/arm gnu toolchain arm-none-eabi/12.2 rel1/bin/../lib/gcc/arm-none-eabi/12.2.1/thumb/v7-m/nofp\libm.a(libm_a-s_atan.o)
                0x0800cf48                . = ALIGN (0x4)

.ARM.extab      0x0800cf48        0x0
                0x0800cf48                . = ALIGN (0x4)
 *(.ARM.extab* .gnu.linkonce.armextab.*)
                0x0800cf48                . = ALIGN (0x4)

.ARM            0x0800cf48        0x8
                0x0800cf48                . = ALIGN (0x4)
                0x0800cf48                __exidx_start = .
 *(.ARM.exidx*)
 .ARM.exidx.text.__udivmoddi4
                0x0800cf48        0x8 d:/arm gnu toolchain arm-none-eabi/12.2 rel1/bin/../lib/gcc/arm-none-eabi/12.2.1/thumb/v7-m/nofp\libgcc.a(_udivmoddi4.o)
                0x0800cf50                __exidx_end = .
                0x0800cf50                . = ALIGN (0x4)

.preinit_array  0x0800cf50        0x0
                0x0800cf50                . = ALIGN (0x4)
                0x0800cf50                PROVIDE (__preinit_array_start = .)
 *(.preinit_array*)
                0x0800cf50                PROVIDE (__preinit_array_end = .)
                0x0800cf50                . = ALIGN (0x4)

.init_array     0x0800cf50        0x4
                0x0800cf50                . = ALIGN (0x4)
                0x0800cf50                PROVIDE (__init_array_start = .)
 *(SORT_BY_NAME(.init_array.*))
 *(.init_array*)
 .init_array    0x0800cf50        0x4 d:/arm gnu toolchain arm-none-eabi/12.2 rel1/bin/../lib/gcc/arm-none-eabi/12.2.1/thumb/v7-m/nofp/crtbegin.o
                0x0800cf54                PROVIDE (__init_array_end = .)
                0x0800cf54                . = ALIGN (0x4)

.fini_array     0x0800cf54        0x4
                0x0800cf54                . = ALIGN (0x4)
                [!provide]                PROVIDE (__fini_array_start = .)
 *(SORT_BY_NAME(.fini_array.*))
 *(.fini_array*)
 .fini_array    0x0800cf54        0x4 d:/arm gnu toolchain arm-none-eabi/12.2 rel1/bin/../lib/gcc/arm-none-eabi/12.2.1/thumb/v7-m/nofp/crtbegin.o
                [!provide]                PROVIDE (__fini_array_end = .)
                0x0800cf58                . = ALIGN (0x4)
                0x0800cf58                _sidata = LOADADDR (.data)

.rel.dyn        0x0800cf58        0x0
 .rel.iplt      0x0800cf58        0x0 d:/arm gnu toolchain arm-none-eabi/12.2 rel1/bin/../lib/gcc/arm-none-eabi/12.2.1/thumb/v7-m/nofp/crtbegin.o

.data           0x20000000       0xe0 load address 0x0800cf58
                0x20000000                . = ALIGN (0x4)
                0x20000000                _sdata = .
 *(.data)
 *(.data*)
 .data.SystemCoreClock
                0x20000000        0x4 CMakeFiles/Balance_Car.elf.dir/Core/Src/system_stm32f1xx.c.obj
                0x20000000                SystemCoreClock
 .data.uwTickFreq
                0x20000004        0x1 CMakeFiles/Balance_Car.elf.dir/Drivers/STM32F1xx_HAL_Driver/Src/stm32f1xx_hal.c.obj
                0x20000004                uwTickFreq
 *fill*         0x20000005        0x3 
 .data.uwTickPrio
                0x20000008        0x4 CMakeFiles/Balance_Car.elf.dir/Drivers/STM32F1xx_HAL_Driver/Src/stm32f1xx_hal.c.obj
                0x20000008                uwTickPrio
 .data.Turn_KP  0x2000000c        0x4 CMakeFiles/Balance_Car.elf.dir/user_main/user_main.c.obj
                0x2000000c                Turn_KP
 .data.Turn_Kd  0x20000010        0x4 CMakeFiles/Balance_Car.elf.dir/user_main/user_main.c.obj
                0x20000010                Turn_Kd
 .data.velocity_KI
                0x20000014        0x4 CMakeFiles/Balance_Car.elf.dir/user_main/user_main.c.obj
                0x20000014                velocity_KI
 .data.velocity_KP
                0x20000018        0x4 CMakeFiles/Balance_Car.elf.dir/user_main/user_main.c.obj
                0x20000018                velocity_KP
 .data.balance_KD
                0x2000001c        0x4 CMakeFiles/Balance_Car.elf.dir/user_main/user_main.c.obj
                0x2000001c                balance_KD
 .data.balance_KP
                0x20000020        0x4 CMakeFiles/Balance_Car.elf.dir/user_main/user_main.c.obj
                0x20000020                balance_KP
 .data.Turn_Speed
                0x20000024        0x4 CMakeFiles/Balance_Car.elf.dir/user_main/user_main.c.obj
                0x20000024                Turn_Speed
 .data.mode     0x20000028        0x4 CMakeFiles/Balance_Car.elf.dir/user_main/user_main.c.obj
                0x20000028                mode
 .data.line_5   0x2000002c        0x4 CMakeFiles/Balance_Car.elf.dir/user_main/user_main.c.obj
                0x2000002c                line_5
 .data.line_4   0x20000030        0x4 CMakeFiles/Balance_Car.elf.dir/user_main/user_main.c.obj
                0x20000030                line_4
 .data.line_3   0x20000034        0x4 CMakeFiles/Balance_Car.elf.dir/user_main/user_main.c.obj
                0x20000034                line_3
 .data.line_2   0x20000038        0x4 CMakeFiles/Balance_Car.elf.dir/user_main/user_main.c.obj
                0x20000038                line_2
 .data.gyro_orientation
                0x2000003c        0x9 CMakeFiles/Balance_Car.elf.dir/mpu6050/inv_mpu.c.obj
 *fill*         0x20000045        0x3 
 .data.st       0x20000048       0x2c CMakeFiles/Balance_Car.elf.dir/mpu6050/inv_mpu.c.obj
 .data.KeyList  0x20000074        0x8 CMakeFiles/Balance_Car.elf.dir/keypad/button_port/button_port.c.obj
                0x20000074                KeyList
 .data._impure_ptr
                0x2000007c        0x4 d:/arm gnu toolchain arm-none-eabi/12.2 rel1/bin/../lib/gcc/arm-none-eabi/12.2.1/thumb/v7-m/nofp\libg_nano.a(libc_a-impure.o)
                0x2000007c                _impure_ptr
 .data._impure_data
                0x20000080       0x4c d:/arm gnu toolchain arm-none-eabi/12.2 rel1/bin/../lib/gcc/arm-none-eabi/12.2.1/thumb/v7-m/nofp\libg_nano.a(libc_a-impure.o)
                0x20000080                _impure_data
 *fill*         0x200000cc        0x4 
 .data.tiny     0x200000d0        0x8 d:/arm gnu toolchain arm-none-eabi/12.2 rel1/bin/../lib/gcc/arm-none-eabi/12.2.1/thumb/v7-m/nofp\libm.a(libm_a-e_sqrt.o)
 .data.one      0x200000d8        0x8 d:/arm gnu toolchain arm-none-eabi/12.2 rel1/bin/../lib/gcc/arm-none-eabi/12.2.1/thumb/v7-m/nofp\libm.a(libm_a-e_sqrt.o)
 *(.RamFunc)
 *(.RamFunc*)
                0x200000e0                . = ALIGN (0x4)
                0x200000e0                _edata = .

.tm_clone_table
                0x200000e0        0x0 load address 0x0800d038
 .tm_clone_table
                0x200000e0        0x0 d:/arm gnu toolchain arm-none-eabi/12.2 rel1/bin/../lib/gcc/arm-none-eabi/12.2.1/thumb/v7-m/nofp/crtbegin.o
 .tm_clone_table
                0x200000e0        0x0 d:/arm gnu toolchain arm-none-eabi/12.2 rel1/bin/../lib/gcc/arm-none-eabi/12.2.1/thumb/v7-m/nofp/crtend.o

.igot.plt       0x200000e0        0x0 load address 0x0800d038
 .igot.plt      0x200000e0        0x0 d:/arm gnu toolchain arm-none-eabi/12.2 rel1/bin/../lib/gcc/arm-none-eabi/12.2.1/thumb/v7-m/nofp/crtbegin.o
                0x200000e0                . = ALIGN (0x4)

.bss            0x200000e0      0x7fc load address 0x0800d038
                0x200000e0                _sbss = .
                0x200000e0                __bss_start__ = _sbss
 *(.bss)
 *(.bss*)
 .bss.completed.1
                0x200000e0        0x1 d:/arm gnu toolchain arm-none-eabi/12.2 rel1/bin/../lib/gcc/arm-none-eabi/12.2.1/thumb/v7-m/nofp/crtbegin.o
 *fill*         0x200000e1        0x3 
 .bss.object.0  0x200000e4       0x18 d:/arm gnu toolchain arm-none-eabi/12.2 rel1/bin/../lib/gcc/arm-none-eabi/12.2.1/thumb/v7-m/nofp/crtbegin.o
 .bss.hadc1     0x200000fc       0x30 CMakeFiles/Balance_Car.elf.dir/Core/Src/adc.c.obj
                0x200000fc                hadc1
 .bss.hi2c2     0x2000012c       0x54 CMakeFiles/Balance_Car.elf.dir/Core/Src/i2c.c.obj
                0x2000012c                hi2c2
 .bss.hi2c1     0x20000180       0x54 CMakeFiles/Balance_Car.elf.dir/Core/Src/i2c.c.obj
                0x20000180                hi2c1
 .bss.htim4     0x200001d4       0x48 CMakeFiles/Balance_Car.elf.dir/Core/Src/tim.c.obj
                0x200001d4                htim4
 .bss.htim3     0x2000021c       0x48 CMakeFiles/Balance_Car.elf.dir/Core/Src/tim.c.obj
                0x2000021c                htim3
 .bss.htim2     0x20000264       0x48 CMakeFiles/Balance_Car.elf.dir/Core/Src/tim.c.obj
                0x20000264                htim2
 .bss.htim1     0x200002ac       0x48 CMakeFiles/Balance_Car.elf.dir/Core/Src/tim.c.obj
                0x200002ac                htim1
 .bss.uwTick    0x200002f4        0x4 CMakeFiles/Balance_Car.elf.dir/Drivers/STM32F1xx_HAL_Driver/Src/stm32f1xx_hal.c.obj
                0x200002f4                uwTick
 .bss.Velocity.0
                0x200002f8        0x4 CMakeFiles/Balance_Car.elf.dir/user_main/user_main.c.obj
 .bss.Encoder_Integral.1
                0x200002fc        0x4 CMakeFiles/Balance_Car.elf.dir/user_main/user_main.c.obj
 .bss.Encoder.2
                0x20000300        0x4 CMakeFiles/Balance_Car.elf.dir/user_main/user_main.c.obj
 .bss.Encoder_Least.3
                0x20000304        0x4 CMakeFiles/Balance_Car.elf.dir/user_main/user_main.c.obj
 .bss.tick_10ms.4
                0x20000308        0x4 CMakeFiles/Balance_Car.elf.dir/user_main/user_main.c.obj
 .bss.event     0x2000030c        0x2 CMakeFiles/Balance_Car.elf.dir/user_main/user_main.c.obj
                0x2000030c                event
 *fill*         0x2000030e        0x2 
 .bss.voltage   0x20000310        0x4 CMakeFiles/Balance_Car.elf.dir/user_main/user_main.c.obj
                0x20000310                voltage
 .bss.Target_Speed
                0x20000314        0x4 CMakeFiles/Balance_Car.elf.dir/user_main/user_main.c.obj
                0x20000314                Target_Speed
 .bss.Mechanical_angle
                0x20000318        0x4 CMakeFiles/Balance_Car.elf.dir/user_main/user_main.c.obj
                0x20000318                Mechanical_angle
 .bss.gyr_z     0x2000031c        0x2 CMakeFiles/Balance_Car.elf.dir/user_main/user_main.c.obj
                0x2000031c                gyr_z
 .bss.gyr_y     0x2000031e        0x2 CMakeFiles/Balance_Car.elf.dir/user_main/user_main.c.obj
                0x2000031e                gyr_y
 .bss.gyr_x     0x20000320        0x2 CMakeFiles/Balance_Car.elf.dir/user_main/user_main.c.obj
                0x20000320                gyr_x
 *fill*         0x20000322        0x2 
 .bss.Turn_Pwm  0x20000324        0x4 CMakeFiles/Balance_Car.elf.dir/user_main/user_main.c.obj
                0x20000324                Turn_Pwm
 .bss.Velocity_Pwm
                0x20000328        0x4 CMakeFiles/Balance_Car.elf.dir/user_main/user_main.c.obj
                0x20000328                Velocity_Pwm
 .bss.Balance_Pwm
                0x2000032c        0x4 CMakeFiles/Balance_Car.elf.dir/user_main/user_main.c.obj
                0x2000032c                Balance_Pwm
 .bss.obstacle_job
                0x20000330        0x1 CMakeFiles/Balance_Car.elf.dir/user_main/user_main.c.obj
                0x20000330                obstacle_job
 .bss.distance_job
                0x20000331        0x1 CMakeFiles/Balance_Car.elf.dir/user_main/user_main.c.obj
                0x20000331                distance_job
 *fill*         0x20000332        0x2 
 .bss.distance  0x20000334        0x4 CMakeFiles/Balance_Car.elf.dir/user_main/user_main.c.obj
                0x20000334                distance
 .bss.line_1    0x20000338        0x4 CMakeFiles/Balance_Car.elf.dir/user_main/user_main.c.obj
                0x20000338                line_1
 .bss.Encoder_Right
                0x2000033c        0x4 CMakeFiles/Balance_Car.elf.dir/user_main/user_main.c.obj
                0x2000033c                Encoder_Right
 .bss.Encoder_Left
                0x20000340        0x4 CMakeFiles/Balance_Car.elf.dir/user_main/user_main.c.obj
                0x20000340                Encoder_Left
 .bss.yaw       0x20000344        0x4 CMakeFiles/Balance_Car.elf.dir/user_main/user_main.c.obj
                0x20000344                yaw
 .bss.rol       0x20000348        0x4 CMakeFiles/Balance_Car.elf.dir/user_main/user_main.c.obj
                0x20000348                rol
 .bss.pit       0x2000034c        0x4 CMakeFiles/Balance_Car.elf.dir/user_main/user_main.c.obj
                0x2000034c                pit
 .bss.Moto2     0x20000350        0x8 CMakeFiles/Balance_Car.elf.dir/user_main/user_main.c.obj
                0x20000350                Moto2
 .bss.Moto1     0x20000358        0x8 CMakeFiles/Balance_Car.elf.dir/user_main/user_main.c.obj
                0x20000358                Moto1
 .bss.OLED_GRAM
                0x20000360      0x400 CMakeFiles/Balance_Car.elf.dir/OLED/Src/driver_ssd1306.c.obj
                0x20000360                OLED_GRAM
 .bss.g_fac_us  0x20000760        0x4 CMakeFiles/Balance_Car.elf.dir/Delay/delay.c.obj
 .bss.dmp       0x20000764       0x10 CMakeFiles/Balance_Car.elf.dir/mpu6050/inv_mpu_dmp_motion_driver.c.obj
 .bss.head_handle
                0x20000774        0x4 CMakeFiles/Balance_Car.elf.dir/keypad/MultiButton/multi_button.c.obj
 .bss.TouchKey  0x20000778       0x2c CMakeFiles/Balance_Car.elf.dir/keypad/button_port/button_port.c.obj
                0x20000778                TouchKey
 .bss.__sf      0x200007a4      0x138 d:/arm gnu toolchain arm-none-eabi/12.2 rel1/bin/../lib/gcc/arm-none-eabi/12.2.1/thumb/v7-m/nofp\libg_nano.a(libc_a-findfp.o)
                0x200007a4                __sf
 *(COMMON)
                0x200008dc                . = ALIGN (0x4)
                0x200008dc                _ebss = .
                0x200008dc                __bss_end__ = _ebss

._user_heap_stack
                0x200008dc      0x604 load address 0x0800d038
                0x200008e0                . = ALIGN (0x8)
 *fill*         0x200008dc        0x4 
                [!provide]                PROVIDE (end = .)
                0x200008e0                PROVIDE (_end = .)
                0x20000ae0                . = (. + _Min_Heap_Size)
 *fill*         0x200008e0      0x200 
                0x20000ee0                . = (. + _Min_Stack_Size)
 *fill*         0x20000ae0      0x400 
                0x20000ee0                . = ALIGN (0x8)

/DISCARD/
 libc.a(*)
 libm.a(*)
 libgcc.a(*)

.ARM.attributes
                0x00000000       0x29
 *(.ARM.attributes)
 .ARM.attributes
                0x00000000       0x1d d:/arm gnu toolchain arm-none-eabi/12.2 rel1/bin/../lib/gcc/arm-none-eabi/12.2.1/thumb/v7-m/nofp/crti.o
 .ARM.attributes
                0x0000001d       0x2d d:/arm gnu toolchain arm-none-eabi/12.2 rel1/bin/../lib/gcc/arm-none-eabi/12.2.1/thumb/v7-m/nofp/crtbegin.o
 .ARM.attributes
                0x0000004a       0x2d CMakeFiles/Balance_Car.elf.dir/Core/Src/adc.c.obj
 .ARM.attributes
                0x00000077       0x2d CMakeFiles/Balance_Car.elf.dir/Core/Src/gpio.c.obj
 .ARM.attributes
                0x000000a4       0x2d CMakeFiles/Balance_Car.elf.dir/Core/Src/i2c.c.obj
 .ARM.attributes
                0x000000d1       0x2d CMakeFiles/Balance_Car.elf.dir/Core/Src/main.c.obj
 .ARM.attributes
                0x000000fe       0x2d CMakeFiles/Balance_Car.elf.dir/Core/Src/stm32f1xx_hal_msp.c.obj
 .ARM.attributes
                0x0000012b       0x2d CMakeFiles/Balance_Car.elf.dir/Core/Src/stm32f1xx_it.c.obj
 .ARM.attributes
                0x00000158       0x2d CMakeFiles/Balance_Car.elf.dir/Core/Src/system_stm32f1xx.c.obj
 .ARM.attributes
                0x00000185       0x2d CMakeFiles/Balance_Car.elf.dir/Core/Src/tim.c.obj
 .ARM.attributes
                0x000001b2       0x21 CMakeFiles/Balance_Car.elf.dir/Core/Startup/startup_stm32f103c8tx.s.obj
 .ARM.attributes
                0x000001d3       0x2d CMakeFiles/Balance_Car.elf.dir/Drivers/STM32F1xx_HAL_Driver/Src/stm32f1xx_hal.c.obj
 .ARM.attributes
                0x00000200       0x2d CMakeFiles/Balance_Car.elf.dir/Drivers/STM32F1xx_HAL_Driver/Src/stm32f1xx_hal_adc.c.obj
 .ARM.attributes
                0x0000022d       0x2d CMakeFiles/Balance_Car.elf.dir/Drivers/STM32F1xx_HAL_Driver/Src/stm32f1xx_hal_adc_ex.c.obj
 .ARM.attributes
                0x0000025a       0x2d CMakeFiles/Balance_Car.elf.dir/Drivers/STM32F1xx_HAL_Driver/Src/stm32f1xx_hal_cortex.c.obj
 .ARM.attributes
                0x00000287       0x2d CMakeFiles/Balance_Car.elf.dir/Drivers/STM32F1xx_HAL_Driver/Src/stm32f1xx_hal_dma.c.obj
 .ARM.attributes
                0x000002b4       0x2d CMakeFiles/Balance_Car.elf.dir/Drivers/STM32F1xx_HAL_Driver/Src/stm32f1xx_hal_gpio.c.obj
 .ARM.attributes
                0x000002e1       0x2d CMakeFiles/Balance_Car.elf.dir/Drivers/STM32F1xx_HAL_Driver/Src/stm32f1xx_hal_i2c.c.obj
 .ARM.attributes
                0x0000030e       0x2d CMakeFiles/Balance_Car.elf.dir/Drivers/STM32F1xx_HAL_Driver/Src/stm32f1xx_hal_rcc.c.obj
 .ARM.attributes
                0x0000033b       0x2d CMakeFiles/Balance_Car.elf.dir/Drivers/STM32F1xx_HAL_Driver/Src/stm32f1xx_hal_rcc_ex.c.obj
 .ARM.attributes
                0x00000368       0x2d CMakeFiles/Balance_Car.elf.dir/Drivers/STM32F1xx_HAL_Driver/Src/stm32f1xx_hal_tim.c.obj
 .ARM.attributes
                0x00000395       0x2d CMakeFiles/Balance_Car.elf.dir/Drivers/STM32F1xx_HAL_Driver/Src/stm32f1xx_hal_tim_ex.c.obj
 .ARM.attributes
                0x000003c2       0x2d CMakeFiles/Balance_Car.elf.dir/user_main/user_main.c.obj
 .ARM.attributes
                0x000003ef       0x2d CMakeFiles/Balance_Car.elf.dir/OLED/Src/driver_ssd1306.c.obj
 .ARM.attributes
                0x0000041c       0x2d CMakeFiles/Balance_Car.elf.dir/Delay/delay.c.obj
 .ARM.attributes
                0x00000449       0x2d CMakeFiles/Balance_Car.elf.dir/hcsr04/hcsr04.c.obj
 .ARM.attributes
                0x00000476       0x2d CMakeFiles/Balance_Car.elf.dir/TB6612FNG/motor.c.obj
 .ARM.attributes
                0x000004a3       0x2d CMakeFiles/Balance_Car.elf.dir/mpu6050/atk_ms6050.c.obj
 .ARM.attributes
                0x000004d0       0x2d CMakeFiles/Balance_Car.elf.dir/mpu6050/inv_mpu.c.obj
 .ARM.attributes
                0x000004fd       0x2d CMakeFiles/Balance_Car.elf.dir/mpu6050/inv_mpu_dmp_motion_driver.c.obj
 .ARM.attributes
                0x0000052a       0x2d CMakeFiles/Balance_Car.elf.dir/keypad/MultiButton/multi_button.c.obj
 .ARM.attributes
                0x00000557       0x2d CMakeFiles/Balance_Car.elf.dir/keypad/button_port/button_port.c.obj
 .ARM.attributes
                0x00000584       0x1d d:/arm gnu toolchain arm-none-eabi/12.2 rel1/bin/../lib/gcc/arm-none-eabi/12.2.1/thumb/v7-m/nofp\libgcc.a(_arm_addsubdf3.o)
 .ARM.attributes
                0x000005a1       0x1d d:/arm gnu toolchain arm-none-eabi/12.2 rel1/bin/../lib/gcc/arm-none-eabi/12.2.1/thumb/v7-m/nofp\libgcc.a(_arm_cmpdf2.o)
 .ARM.attributes
                0x000005be       0x1d d:/arm gnu toolchain arm-none-eabi/12.2 rel1/bin/../lib/gcc/arm-none-eabi/12.2.1/thumb/v7-m/nofp\libgcc.a(_arm_fixdfsi.o)
 .ARM.attributes
                0x000005db       0x1d d:/arm gnu toolchain arm-none-eabi/12.2 rel1/bin/../lib/gcc/arm-none-eabi/12.2.1/thumb/v7-m/nofp\libgcc.a(_arm_fixunsdfsi.o)
 .ARM.attributes
                0x000005f8       0x1d d:/arm gnu toolchain arm-none-eabi/12.2 rel1/bin/../lib/gcc/arm-none-eabi/12.2.1/thumb/v7-m/nofp\libgcc.a(_arm_truncdfsf2.o)
 .ARM.attributes
                0x00000615       0x1d d:/arm gnu toolchain arm-none-eabi/12.2 rel1/bin/../lib/gcc/arm-none-eabi/12.2.1/thumb/v7-m/nofp\libgcc.a(_arm_addsubsf3.o)
 .ARM.attributes
                0x00000632       0x1d d:/arm gnu toolchain arm-none-eabi/12.2 rel1/bin/../lib/gcc/arm-none-eabi/12.2.1/thumb/v7-m/nofp\libgcc.a(_arm_muldivsf3.o)
 .ARM.attributes
                0x0000064f       0x1d d:/arm gnu toolchain arm-none-eabi/12.2 rel1/bin/../lib/gcc/arm-none-eabi/12.2.1/thumb/v7-m/nofp\libgcc.a(_arm_cmpsf2.o)
 .ARM.attributes
                0x0000066c       0x1d d:/arm gnu toolchain arm-none-eabi/12.2 rel1/bin/../lib/gcc/arm-none-eabi/12.2.1/thumb/v7-m/nofp\libgcc.a(_arm_fixsfsi.o)
 .ARM.attributes
                0x00000689       0x1d d:/arm gnu toolchain arm-none-eabi/12.2 rel1/bin/../lib/gcc/arm-none-eabi/12.2.1/thumb/v7-m/nofp\libgcc.a(_arm_fixunssfsi.o)
 .ARM.attributes
                0x000006a6       0x1d d:/arm gnu toolchain arm-none-eabi/12.2 rel1/bin/../lib/gcc/arm-none-eabi/12.2.1/thumb/v7-m/nofp\libgcc.a(_aeabi_ldivmod.o)
 .ARM.attributes
                0x000006c3       0x2d d:/arm gnu toolchain arm-none-eabi/12.2 rel1/bin/../lib/gcc/arm-none-eabi/12.2.1/thumb/v7-m/nofp\libgcc.a(_udivmoddi4.o)
 .ARM.attributes
                0x000006f0       0x1d d:/arm gnu toolchain arm-none-eabi/12.2 rel1/bin/../lib/gcc/arm-none-eabi/12.2.1/thumb/v7-m/nofp\libgcc.a(_dvmd_tls.o)
 .ARM.attributes
                0x0000070d       0x2d d:/arm gnu toolchain arm-none-eabi/12.2 rel1/bin/../lib/gcc/arm-none-eabi/12.2.1/thumb/v7-m/nofp\libg_nano.a(libc_a-findfp.o)
 .ARM.attributes
                0x0000073a       0x2d d:/arm gnu toolchain arm-none-eabi/12.2 rel1/bin/../lib/gcc/arm-none-eabi/12.2.1/thumb/v7-m/nofp\libg_nano.a(libc_a-memcmp.o)
 .ARM.attributes
                0x00000767       0x2d d:/arm gnu toolchain arm-none-eabi/12.2 rel1/bin/../lib/gcc/arm-none-eabi/12.2.1/thumb/v7-m/nofp\libg_nano.a(libc_a-memset.o)
 .ARM.attributes
                0x00000794       0x2d d:/arm gnu toolchain arm-none-eabi/12.2 rel1/bin/../lib/gcc/arm-none-eabi/12.2.1/thumb/v7-m/nofp\libg_nano.a(libc_a-impure.o)
 .ARM.attributes
                0x000007c1       0x2d d:/arm gnu toolchain arm-none-eabi/12.2 rel1/bin/../lib/gcc/arm-none-eabi/12.2.1/thumb/v7-m/nofp\libg_nano.a(libc_a-errno.o)
 .ARM.attributes
                0x000007ee       0x2d d:/arm gnu toolchain arm-none-eabi/12.2 rel1/bin/../lib/gcc/arm-none-eabi/12.2.1/thumb/v7-m/nofp\libg_nano.a(libc_a-init.o)
 .ARM.attributes
                0x0000081b       0x2d d:/arm gnu toolchain arm-none-eabi/12.2 rel1/bin/../lib/gcc/arm-none-eabi/12.2.1/thumb/v7-m/nofp/crtend.o
 .ARM.attributes
                0x00000848       0x1d d:/arm gnu toolchain arm-none-eabi/12.2 rel1/bin/../lib/gcc/arm-none-eabi/12.2.1/thumb/v7-m/nofp/crtn.o
OUTPUT(Balance_Car.elf elf32-littlearm)
LOAD linker stubs
LOAD d:/arm gnu toolchain arm-none-eabi/12.2 rel1/bin/../lib/gcc/arm-none-eabi/12.2.1/thumb/v7-m/nofp\libc.a
LOAD d:/arm gnu toolchain arm-none-eabi/12.2 rel1/bin/../lib/gcc/arm-none-eabi/12.2.1/thumb/v7-m/nofp\libm.a
LOAD d:/arm gnu toolchain arm-none-eabi/12.2 rel1/bin/../lib/gcc/arm-none-eabi/12.2.1/thumb/v7-m/nofp\libgcc.a

.debug_info     0x00000000    0x1be19
 .debug_info    0x00000000      0x9e7 CMakeFiles/Balance_Car.elf.dir/Core/Src/adc.c.obj
 .debug_info    0x000009e7      0x540 CMakeFiles/Balance_Car.elf.dir/Core/Src/gpio.c.obj
 .debug_info    0x00000f27      0xaff CMakeFiles/Balance_Car.elf.dir/Core/Src/i2c.c.obj
 .debug_info    0x00001a26      0x432 CMakeFiles/Balance_Car.elf.dir/Core/Src/main.c.obj
 .debug_info    0x00001e58      0x1f4 CMakeFiles/Balance_Car.elf.dir/Core/Src/stm32f1xx_hal_msp.c.obj
 .debug_info    0x0000204c      0xa90 CMakeFiles/Balance_Car.elf.dir/Core/Src/stm32f1xx_it.c.obj
 .debug_info    0x00002adc      0x22d CMakeFiles/Balance_Car.elf.dir/Core/Src/system_stm32f1xx.c.obj
 .debug_info    0x00002d09     0x13f1 CMakeFiles/Balance_Car.elf.dir/Core/Src/tim.c.obj
 .debug_info    0x000040fa       0x2e CMakeFiles/Balance_Car.elf.dir/Core/Startup/startup_stm32f103c8tx.s.obj
 .debug_info    0x00004128      0x7a2 CMakeFiles/Balance_Car.elf.dir/Drivers/STM32F1xx_HAL_Driver/Src/stm32f1xx_hal.c.obj
 .debug_info    0x000048ca      0xed9 CMakeFiles/Balance_Car.elf.dir/Drivers/STM32F1xx_HAL_Driver/Src/stm32f1xx_hal_adc.c.obj
 .debug_info    0x000057a3      0xc3a CMakeFiles/Balance_Car.elf.dir/Drivers/STM32F1xx_HAL_Driver/Src/stm32f1xx_hal_adc_ex.c.obj
 .debug_info    0x000063dd      0xcad CMakeFiles/Balance_Car.elf.dir/Drivers/STM32F1xx_HAL_Driver/Src/stm32f1xx_hal_cortex.c.obj