Archive member included to satisfy reference by file (symbol)

d:/arm gnu toolchain arm-none-eabi/12.2 rel1/bin/../lib/gcc/arm-none-eabi/12.2.1/thumb/v7-m/nofp\libgcc.a(_arm_muldf3.o)
                              CMakeFiles/Balance_Car.elf.dir/Core/Src/adc.c.obj (__aeabi_dmul)
d:/arm gnu toolchain arm-none-eabi/12.2 rel1/bin/../lib/gcc/arm-none-eabi/12.2.1/thumb/v7-m/nofp\libgcc.a(_arm_mulsf3.o)
                              CMakeFiles/Balance_Car.elf.dir/user_main/user_main.c.obj (__aeabi_fmul)
d:/arm gnu toolchain arm-none-eabi/12.2 rel1/bin/../lib/gcc/arm-none-eabi/12.2.1/thumb/v7-m/nofp\libgcc.a(_arm_addsubdf3.o)
                              CMakeFiles/Balance_Car.elf.dir/hcsr04/hcsr04.c.obj (__aeabi_i2d)
d:/arm gnu toolchain arm-none-eabi/12.2 rel1/bin/../lib/gcc/arm-none-eabi/12.2.1/thumb/v7-m/nofp\libgcc.a(_arm_cmpdf2.o)
                              CMakeFiles/Balance_Car.elf.dir/user_main/user_main.c.obj (__aeabi_dcmplt)
d:/arm gnu toolchain arm-none-eabi/12.2 rel1/bin/../lib/gcc/arm-none-eabi/12.2.1/thumb/v7-m/nofp\libgcc.a(_arm_fixdfsi.o)
                              CMakeFiles/Balance_Car.elf.dir/TB6612FNG/motor.c.obj (__aeabi_d2iz)
d:/arm gnu toolchain arm-none-eabi/12.2 rel1/bin/../lib/gcc/arm-none-eabi/12.2.1/thumb/v7-m/nofp\libgcc.a(_arm_fixunsdfsi.o)
                              CMakeFiles/Balance_Car.elf.dir/hcsr04/hcsr04.c.obj (__aeabi_d2uiz)
d:/arm gnu toolchain arm-none-eabi/12.2 rel1/bin/../lib/gcc/arm-none-eabi/12.2.1/thumb/v7-m/nofp\libgcc.a(_arm_truncdfsf2.o)
                              CMakeFiles/Balance_Car.elf.dir/Core/Src/adc.c.obj (__aeabi_d2f)
d:/arm gnu toolchain arm-none-eabi/12.2 rel1/bin/../lib/gcc/arm-none-eabi/12.2.1/thumb/v7-m/nofp\libgcc.a(_arm_addsubsf3.o)
                              CMakeFiles/Balance_Car.elf.dir/user_main/user_main.c.obj (__aeabi_fsub)
d:/arm gnu toolchain arm-none-eabi/12.2 rel1/bin/../lib/gcc/arm-none-eabi/12.2.1/thumb/v7-m/nofp\libgcc.a(_arm_muldivsf3.o)
                              CMakeFiles/Balance_Car.elf.dir/Core/Src/adc.c.obj (__aeabi_fdiv)
d:/arm gnu toolchain arm-none-eabi/12.2 rel1/bin/../lib/gcc/arm-none-eabi/12.2.1/thumb/v7-m/nofp\libgcc.a(_arm_cmpsf2.o)
                              CMakeFiles/Balance_Car.elf.dir/user_main/user_main.c.obj (__aeabi_fcmpeq)
d:/arm gnu toolchain arm-none-eabi/12.2 rel1/bin/../lib/gcc/arm-none-eabi/12.2.1/thumb/v7-m/nofp\libgcc.a(_arm_fixsfsi.o)
                              CMakeFiles/Balance_Car.elf.dir/user_main/user_main.c.obj (__aeabi_f2iz)
d:/arm gnu toolchain arm-none-eabi/12.2 rel1/bin/../lib/gcc/arm-none-eabi/12.2.1/thumb/v7-m/nofp\libgcc.a(_arm_fixunssfsi.o)
                              CMakeFiles/Balance_Car.elf.dir/user_main/user_main.c.obj (__aeabi_f2uiz)
d:/arm gnu toolchain arm-none-eabi/12.2 rel1/bin/../lib/gcc/arm-none-eabi/12.2.1/thumb/v7-m/nofp\libgcc.a(_aeabi_ldivmod.o)
                              CMakeFiles/Balance_Car.elf.dir/mpu6050/inv_mpu.c.obj (__aeabi_ldivmod)
d:/arm gnu toolchain arm-none-eabi/12.2 rel1/bin/../lib/gcc/arm-none-eabi/12.2.1/thumb/v7-m/nofp\libgcc.a(_udivmoddi4.o)
                              d:/arm gnu toolchain arm-none-eabi/12.2 rel1/bin/../lib/gcc/arm-none-eabi/12.2.1/thumb/v7-m/nofp\libgcc.a(_aeabi_ldivmod.o) (__udivmoddi4)
d:/arm gnu toolchain arm-none-eabi/12.2 rel1/bin/../lib/gcc/arm-none-eabi/12.2.1/thumb/v7-m/nofp\libgcc.a(_dvmd_tls.o)
                              d:/arm gnu toolchain arm-none-eabi/12.2 rel1/bin/../lib/gcc/arm-none-eabi/12.2.1/thumb/v7-m/nofp\libgcc.a(_aeabi_ldivmod.o) (__aeabi_ldiv0)
d:/arm gnu toolchain arm-none-eabi/12.2 rel1/bin/../lib/gcc/arm-none-eabi/12.2.1/thumb/v7-m/nofp\libg_nano.a(libc_a-exit.o)
                              d:/arm gnu toolchain arm-none-eabi/12.2 rel1/bin/../lib/gcc/arm-none-eabi/12.2.1/thumb/v7-m/nofp/crt0.o (exit)
d:/arm gnu toolchain arm-none-eabi/12.2 rel1/bin/../lib/gcc/arm-none-eabi/12.2.1/thumb/v7-m/nofp\libg_nano.a(libc_a-findfp.o)
                              d:/arm gnu toolchain arm-none-eabi/12.2 rel1/bin/../lib/gcc/arm-none-eabi/12.2.1/thumb/v7-m/nofp\libg_nano.a(libc_a-exit.o) (__stdio_exit_handler)
d:/arm gnu toolchain arm-none-eabi/12.2 rel1/bin/../lib/gcc/arm-none-eabi/12.2.1/thumb/v7-m/nofp\libg_nano.a(libc_a-fwalk.o)
                              d:/arm gnu toolchain arm-none-eabi/12.2 rel1/bin/../lib/gcc/arm-none-eabi/12.2.1/thumb/v7-m/nofp\libg_nano.a(libc_a-findfp.o) (_fwalk_sglue)
d:/arm gnu toolchain arm-none-eabi/12.2 rel1/bin/../lib/gcc/arm-none-eabi/12.2.1/thumb/v7-m/nofp\libg_nano.a(libc_a-setvbuf.o)
                              CMakeFiles/Balance_Car.elf.dir/uart/driver_uart.c.obj (setvbuf)
d:/arm gnu toolchain arm-none-eabi/12.2 rel1/bin/../lib/gcc/arm-none-eabi/12.2.1/thumb/v7-m/nofp\libg_nano.a(libc_a-stdio.o)
                              d:/arm gnu toolchain arm-none-eabi/12.2 rel1/bin/../lib/gcc/arm-none-eabi/12.2.1/thumb/v7-m/nofp\libg_nano.a(libc_a-findfp.o) (__sread)
[...]
Memory Configuration

Name             Origin             Length             Attributes
RAM              0x20000000         0x00005000         xrw
FLASH            0x08000000         0x00010000         xr
*default*        0x00000000         0xffffffff

Linker script and memory map

LOAD d:/arm gnu toolchain arm-none-eabi/12.2 rel1/bin/../lib/gcc/arm-none-eabi/12.2.1/thumb/v7-m/nofp/crti.o
LOAD d:/arm gnu toolchain arm-none-eabi/12.2 rel1/bin/../lib/gcc/arm-none-eabi/12.2.1/thumb/v7-m/nofp/crtbegin.o
LOAD d:/arm gnu toolchain arm-none-eabi/12.2 rel1/bin/../lib/gcc/arm-none-eabi/12.2.1/thumb/v7-m/nofp/crt0.o
LOAD CMakeFiles/Balance_Car.elf.dir/Core/Src/adc.c.obj
LOAD CMakeFiles/Balance_Car.elf.dir/Core/Src/gpio.c.obj
LOAD CMakeFiles/Balance_Car.elf.dir/Core/Src/i2c.c.obj
LOAD CMakeFiles/Balance_Car.elf.dir/Core/Src/main.c.obj
LOAD CMakeFiles/Balance_Car.elf.dir/Core/Src/stm32f1xx_hal_msp.c.obj
LOAD CMakeFiles/Balance_Car.elf.dir/Core/Src/stm32f1xx_it.c.obj
LOAD CMakeFiles/Balance_Car.elf.dir/Core/Src/syscalls.c.obj
LOAD CMakeFiles/Balance_Car.elf.dir/Core/Src/sysmem.c.obj
LOAD CMakeFiles/Balance_Car.elf.dir/Core/Src/system_stm32f1xx.c.obj
LOAD CMakeFiles/Balance_Car.elf.dir/Core/Src/tim.c.obj
LOAD CMakeFiles/Balance_Car.elf.dir/Core/Src/usart.c.obj
LOAD CMakeFiles/Balance_Car.elf.dir/Core/Startup/startup_stm32f103c8tx.s.obj
LOAD CMakeFiles/Balance_Car.elf.dir/Drivers/STM32F1xx_HAL_Driver/Src/stm32f1xx_hal.c.obj
LOAD CMakeFiles/Balance_Car.elf.dir/Drivers/STM32F1xx_HAL_Driver/Src/stm32f1xx_hal_adc.c.obj
LOAD CMakeFiles/Balance_Car.elf.dir/Drivers/STM32F1xx_HAL_Driver/Src/stm32f1xx_hal_adc_ex.c.obj
LOAD CMakeFiles/Balance_Car.elf.dir/Drivers/STM32F1xx_HAL_Driver/Src/stm32f1xx_hal_cortex.c.obj
LOAD CMakeFiles/Balance_Car.elf.dir/Drivers/STM32F1xx_HAL_Driver/Src/stm32f1xx_hal_dma.c.obj
LOAD CMakeFiles/Balance_Car.elf.dir/Drivers/STM32F1xx_HAL_Driver/Src/stm32f1xx_hal_exti.c.obj
LOAD CMakeFiles/Balance_Car.elf.dir/Drivers/STM32F1xx_HAL_Driver/Src/stm32f1xx_hal_flash.c.obj
LOAD CMakeFiles/Balance_Car.elf.dir/Drivers/STM32F1xx_HAL_Driver/Src/stm32f1xx_hal_flash_ex.c.obj
LOAD CMakeFiles/Balance_Car.elf.dir/Drivers/STM32F1xx_HAL_Driver/Src/stm32f1xx_hal_gpio.c.obj
LOAD CMakeFiles/Balance_Car.elf.dir/Drivers/STM32F1xx_HAL_Driver/Src/stm32f1xx_hal_gpio_ex.c.obj
LOAD CMakeFiles/Balance_Car.elf.dir/Drivers/STM32F1xx_HAL_Driver/Src/stm32f1xx_hal_i2c.c.obj
LOAD CMakeFiles/Balance_Car.elf.dir/Drivers/STM32F1xx_HAL_Driver/Src/stm32f1xx_hal_pwr.c.obj
LOAD CMakeFiles/Balance_Car.elf.dir/Drivers/STM32F1xx_HAL_Driver/Src/stm32f1xx_hal_rcc.c.obj
LOAD CMakeFiles/Balance_Car.elf.dir/Drivers/STM32F1xx_HAL_Driver/Src/stm32f1xx_hal_rcc_ex.c.obj
LOAD CMakeFiles/Balance_Car.elf.dir/Drivers/STM32F1xx_HAL_Driver/Src/stm32f1xx_hal_tim.c.obj
LOAD CMakeFiles/Balance_Car.elf.dir/Drivers/STM32F1xx_HAL_Driver/Src/stm32f1xx_hal_tim_ex.c.obj
LOAD CMakeFiles/Balance_Car.elf.dir/Drivers/STM32F1xx_HAL_Driver/Src/stm32f1xx_hal_uart.c.obj
LOAD CMakeFiles/Balance_Car.elf.dir/user_main/user_main.c.obj
LOAD CMakeFiles/Balance_Car.elf.dir/OLED/Src/driver_ssd1306.c.obj
LOAD CMakeFiles/Balance_Car.elf.dir/Delay/delay.c.obj
LOAD CMakeFiles/Balance_Car.elf.dir/hcsr04/hcsr04.c.obj
LOAD CMakeFiles/Balance_Car.elf.dir/TB6612FNG/motor.c.obj
LOAD CMakeFiles/Balance_Car.elf.dir/mpu6050/atk_ms6050.c.obj
LOAD CMakeFiles/Balance_Car.elf.dir/mpu6050/inv_mpu.c.obj
LOAD CMakeFiles/Balance_Car.elf.dir/mpu6050/inv_mpu_dmp_motion_driver.c.obj
LOAD CMakeFiles/Balance_Car.elf.dir/pid/pid.c.obj
LOAD CMakeFiles/Balance_Car.elf.dir/keypad/MultiButton/multi_button.c.obj
LOAD CMakeFiles/Balance_Car.elf.dir/keypad/button_port/button_port.c.obj
LOAD CMakeFiles/Balance_Car.elf.dir/uart/driver_uart.c.obj
START GROUP
LOAD d:/arm gnu toolchain arm-none-eabi/12.2 rel1/bin/../lib/gcc/arm-none-eabi/12.2.1/thumb/v7-m/nofp\libgcc.a
LOAD d:/arm gnu toolchain arm-none-eabi/12.2 rel1/bin/../lib/gcc/arm-none-eabi/12.2.1/thumb/v7-m/nofp\libg_nano.a
LOAD d:/arm gnu toolchain arm-none-eabi/12.2 rel1/bin/../lib/gcc/arm-none-eabi/12.2.1/thumb/v7-m/nofp\libc_nano.a
END GROUP
START GROUP
LOAD d:/arm gnu toolchain arm-none-eabi/12.2 rel1/bin/../lib/gcc/arm-none-eabi/12.2.1/thumb/v7-m/nofp\libgcc.a
LOAD d:/arm gnu toolchain arm-none-eabi/12.2 rel1/bin/../lib/gcc/arm-none-eabi/12.2.1/thumb/v7-m/nofp\libc_nano.a
END GROUP
LOAD d:/arm gnu toolchain arm-none-eabi/12.2 rel1/bin/../lib/gcc/arm-none-eabi/12.2.1/thumb/v7-m/nofp/crtend.o
LOAD d:/arm gnu toolchain arm-none-eabi/12.2 rel1/bin/../lib/gcc/arm-none-eabi/12.2.1/thumb/v7-m/nofp/crtn.o
                0x20005000                _estack = (ORIGIN (RAM) + LENGTH (RAM))
                0x00000200                _Min_Heap_Size = 0x200
                0x00000400                _Min_Stack_Size = 0x400

.isr_vector     0x08000000      0x10c
                0x08000000                . = ALIGN (0x4)
 *(.isr_vector)
 .isr_vector    0x08000000      0x10c CMakeFiles/Balance_Car.elf.dir/Core/Startup/startup_stm32f103c8tx.s.obj
                0x08000000                g_pfnVectors
                0x0800010c                . = ALIGN (0x4)

.text           0x08000110     0xaa74
                0x08000110                . = ALIGN (0x4)
 *(.text)
 .text          0x08000110      0x378 d:/arm gnu toolchain arm-none-eabi/12.2 rel1/bin/../lib/gcc/arm-none-eabi/12.2.1/thumb/v7-m/nofp\libgcc.a(_arm_addsubdf3.o)
                0x08000110                __aeabi_drsub
                0x08000118                __aeabi_dsub
                0x08000118                __subdf3
                0x0800011c                __aeabi_dadd
                0x0800011c                __adddf3
                0x08000394                __floatunsidf
                0x08000394                __aeabi_ui2d
                0x080003b4                __floatsidf
                0x080003b4                __aeabi_i2d
                0x080003d8                __aeabi_f2d
                0x080003d8                __extendsfdf2
                0x0800041c                __floatundidf
                0x0800041c                __aeabi_ul2d
                0x0800042c                __floatdidf
                0x0800042c                __aeabi_l2d
 .text          0x08000488      0x110 d:/arm gnu toolchain arm-none-eabi/12.2 rel1/bin/../lib/gcc/arm-none-eabi/12.2.1/thumb/v7-m/nofp\libgcc.a(_arm_cmpdf2.o)
                0x08000488                __gtdf2
                0x08000488                __gedf2
                0x08000490                __ltdf2
                0x08000490                __ledf2
                0x08000498                __nedf2
                0x08000498                __eqdf2
                0x08000498                __cmpdf2
                0x08000514                __aeabi_cdrcmple
                0x08000524                __aeabi_cdcmpeq
                0x08000524                __aeabi_cdcmple
                0x08000534                __aeabi_dcmpeq
                0x08000548                __aeabi_dcmplt
                0x0800055c                __aeabi_dcmple
                0x08000570                __aeabi_dcmpge
                0x08000584                __aeabi_dcmpgt
 .text          0x08000598       0x50 d:/arm gnu toolchain arm-none-eabi/12.2 rel1/bin/../lib/gcc/arm-none-eabi/12.2.1/thumb/v7-m/nofp\libgcc.a(_arm_fixdfsi.o)
                0x08000598                __aeabi_d2iz
                0x08000598                __fixdfsi
 .text          0x080005e8       0x40 d:/arm gnu toolchain arm-none-eabi/12.2 rel1/bin/../lib/gcc/arm-none-eabi/12.2.1/thumb/v7-m/nofp\libgcc.a(_arm_fixunsdfsi.o)
                0x080005e8                __aeabi_d2uiz
                0x080005e8                __fixunsdfsi
 .text          0x08000628       0xa0 d:/arm gnu toolchain arm-none-eabi/12.2 rel1/bin/../lib/gcc/arm-none-eabi/12.2.1/thumb/v7-m/nofp\libgcc.a(_arm_truncdfsf2.o)
                0x08000628                __truncdfsf2
                0x08000628                __aeabi_d2f
 .text          0x080006c8      0x21c d:/arm gnu toolchain arm-none-eabi/12.2 rel1/bin/../lib/gcc/arm-none-eabi/12.2.1/thumb/v7-m/nofp\libgcc.a(_arm_addsubsf3.o)
                0x080006c8                __aeabi_frsub
                0x080006d0                __subsf3
                0x080006d0                __aeabi_fsub
                0x080006d4                __aeabi_fadd
                0x080006d4                __addsf3
                0x08000834                __aeabi_ui2f
                0x08000834                __floatunsisf
                0x0800083c                __aeabi_i2f
                0x0800083c                __floatsisf
                0x08000858                __aeabi_ul2f
                0x08000858                __floatundisf
                0x08000868                __aeabi_l2f
                0x08000868                __floatdisf
 .text          0x080008e4      0x2a0 d:/arm gnu toolchain arm-none-eabi/12.2 rel1/bin/../lib/gcc/arm-none-eabi/12.2.1/thumb/v7-m/nofp\libgcc.a(_arm_muldivsf3.o)
                0x080008e4                __mulsf3
                0x080008e4                __aeabi_fmul
                0x08000a4c                __aeabi_fdiv
                0x08000a4c                __divsf3
 .text          0x08000b84       0xec d:/arm gnu toolchain arm-none-eabi/12.2 rel1/bin/../lib/gcc/arm-none-eabi/12.2.1/thumb/v7-m/nofp\libgcc.a(_arm_cmpsf2.o)
                0x08000b84                __gesf2
                0x08000b84                __gtsf2
                0x08000b8c                __lesf2
                0x08000b8c                __ltsf2
                0x08000b94                __nesf2
                0x08000b94                __eqsf2
                0x08000b94                __cmpsf2
                0x08000bf4                __aeabi_cfrcmple
                0x08000bfc                __aeabi_cfcmpeq
                0x08000bfc                __aeabi_cfcmple
                0x08000c0c                __aeabi_fcmpeq
                0x08000c20                __aeabi_fcmplt
                0x08000c34                __aeabi_fcmple
                0x08000c48                __aeabi_fcmpge
                0x08000c5c                __aeabi_fcmpgt
 .text          0x08000c70       0x4c d:/arm gnu toolchain arm-none-eabi/12.2 rel1/bin/../lib/gcc/arm-none-eabi/12.2.1/thumb/v7-m/nofp\libgcc.a(_arm_fixsfsi.o)
                0x08000c70                __aeabi_f2iz
                0x08000c70                __fixsfsi
 .text          0x08000cbc       0x40 d:/arm gnu toolchain arm-none-eabi/12.2 rel1/bin/../lib/gcc/arm-none-eabi/12.2.1/thumb/v7-m/nofp\libgcc.a(_arm_fixunssfsi.o)
                0x08000cbc                __fixunssfsi
                0x08000cbc                __aeabi_f2uiz
 .text          0x08000cfc       0xa0 d:/arm gnu toolchain arm-none-eabi/12.2 rel1/bin/../lib/gcc/arm-none-eabi/12.2.1/thumb/v7-m/nofp\libgcc.a(_aeabi_ldivmod.o)
                0x08000cfc                __aeabi_ldivmod
 .text          0x08000d9c        0x4 d:/arm gnu toolchain arm-none-eabi/12.2 rel1/bin/../lib/gcc/arm-none-eabi/12.2.1/thumb/v7-m/nofp\libgcc.a(_dvmd_tls.o)
                0x08000d9c                __aeabi_idiv0
                0x08000d9c                __aeabi_ldiv0
 .text          0x08000da0      0x424 d:/arm gnu toolchain arm-none-eabi/12.2 rel1/bin/../lib/gcc/arm-none-eabi/12.2.1/thumb/v7-m/nofp\libgcc.a(_arm_muldivdf3.o)
                0x08000da0                __aeabi_dmul
                0x08000da0                __muldf3
                0x08000ff4                __divdf3
                0x08000ff4                __aeabi_ddiv
 .text          0x080011c4       0x2c d:/arm gnu toolchain arm-none-eabi/12.2 rel1/bin/../lib/gcc/arm-none-eabi/12.2.1/thumb/v7-m/nofp\libgcc.a(_arm_unorddf2.o)
                0x080011c4                __unorddf2
                0x080011c4                __aeabi_dcmpun
 *(.text*)
 .text.deregister_tm_clones
                0x080011f0       0x1c d:/arm gnu toolchain arm-none-eabi/12.2 rel1/bin/../lib/gcc/arm-none-eabi/12.2.1/thumb/v7-m/nofp/crtbegin.o
 .text.register_tm_clones
                0x0800120c       0x24 d:/arm gnu toolchain arm-none-eabi/12.2 rel1/bin/../lib/gcc/arm-none-eabi/12.2.1/thumb/v7-m/nofp/crtbegin.o
 .text.__do_global_dtors_aux
                0x08001230       0x28 d:/arm gnu toolchain arm-none-eabi/12.2 rel1/bin/../lib/gcc/arm-none-eabi/12.2.1/thumb/v7-m/nofp/crtbegin.o
 .text.frame_dummy
                0x08001258       0x24 d:/arm gnu toolchain arm-none-eabi/12.2 rel1/bin/../lib/gcc/arm-none-eabi/12.2.1/thumb/v7-m/nofp/crtbegin.o
 *fill*         0x0800127c        0x4 
 .text.Get_Voltage
                0x08001280       0x54 CMakeFiles/Balance_Car.elf.dir/Core/Src/adc.c.obj
                0x08001280                Get_Voltage
 .text.MX_ADC1_Init
                0x080012d4       0x90 CMakeFiles/Balance_Car.elf.dir/Core/Src/adc.c.obj
                0x080012d4                MX_ADC1_Init
 .text.HAL_ADC_MspInit
                0x08001364       0x60 CMakeFiles/Balance_Car.elf.dir/Core/Src/adc.c.obj
                0x08001364                HAL_ADC_MspInit
 .text.MX_GPIO_Init
                0x080013c4      0x10c CMakeFiles/Balance_Car.elf.dir/Core/Src/gpio.c.obj
                0x080013c4                MX_GPIO_Init
 .text.MX_I2C1_Init
                0x080014d0       0x3c CMakeFiles/Balance_Car.elf.dir/Core/Src/i2c.c.obj
                0x080014d0                MX_I2C1_Init
 .text.MX_I2C2_Init
                0x0800150c       0x3c CMakeFiles/Balance_Car.elf.dir/Core/Src/i2c.c.obj
                0x0800150c                MX_I2C2_Init
 .text.HAL_I2C_MspInit
                0x08001548       0xbc CMakeFiles/Balance_Car.elf.dir/Core/Src/i2c.c.obj
                0x08001548                HAL_I2C_MspInit
 .text.Error_Handler
                0x08001604        0x4 CMakeFiles/Balance_Car.elf.dir/Core/Src/main.c.obj
                0x08001604                Error_Handler
 .text.SystemClock_Config
                0x08001608       0x84 CMakeFiles/Balance_Car.elf.dir/Core/Src/main.c.obj
                0x08001608                SystemClock_Config
 .text.main     0x0800168c       0x32 CMakeFiles/Balance_Car.elf.dir/Core/Src/main.c.obj
                0x0800168c                main
 *fill*         0x080016be        0x2 
 .text.HAL_MspInit
                0x080016c0       0x44 CMakeFiles/Balance_Car.elf.dir/Core/Src/stm32f1xx_hal_msp.c.obj
                0x080016c0                HAL_MspInit
 .text.NMI_Handler
                0x08001704        0x2 CMakeFiles/Balance_Car.elf.dir/Core/Src/stm32f1xx_it.c.obj
                0x08001704                NMI_Handler
 .text.HardFault_Handler
                0x08001706        0x2 CMakeFiles/Balance_Car.elf.dir/Core/Src/stm32f1xx_it.c.obj
                0x08001706                HardFault_Handler
 .text.MemManage_Handler
                0x08001708        0x2 CMakeFiles/Balance_Car.elf.dir/Core/Src/stm32f1xx_it.c.obj
                0x08001708                MemManage_Handler
 .text.BusFault_Handler
                0x0800170a        0x2 CMakeFiles/Balance_Car.elf.dir/Core/Src/stm32f1xx_it.c.obj
                0x0800170a                BusFault_Handler
 .text.UsageFault_Handler
                0x0800170c        0x2 CMakeFiles/Balance_Car.elf.dir/Core/Src/stm32f1xx_it.c.obj
                0x0800170c                UsageFault_Handler
 .text.SVC_Handler
                0x0800170e        0x2 CMakeFiles/Balance_Car.elf.dir/Core/Src/stm32f1xx_it.c.obj
                0x0800170e                SVC_Handler
 .text.DebugMon_Handler
                0x08001710        0x2 CMakeFiles/Balance_Car.elf.dir/Core/Src/stm32f1xx_it.c.obj
                0x08001710                DebugMon_Handler
 .text.PendSV_Handler
                0x08001712        0x2 CMakeFiles/Balance_Car.elf.dir/Core/Src/stm32f1xx_it.c.obj
                0x08001712                PendSV_Handler
 .text.SysTick_Handler
                0x08001714        0x8 CMakeFiles/Balance_Car.elf.dir/Core/Src/stm32f1xx_it.c.obj
                0x08001714                SysTick_Handler
 .text.EXTI9_5_IRQHandler
                0x0800171c       0x12 CMakeFiles/Balance_Car.elf.dir/Core/Src/stm32f1xx_it.c.obj
                0x0800171c                EXTI9_5_IRQHandler
 *fill*         0x0800172e        0x2 
 .text.TIM1_BRK_IRQHandler
                0x08001730       0x10 CMakeFiles/Balance_Car.elf.dir/Core/Src/stm32f1xx_it.c.obj
                0x08001730                TIM1_BRK_IRQHandler
 .text.TIM1_UP_IRQHandler
                0x08001740       0x10 CMakeFiles/Balance_Car.elf.dir/Core/Src/stm32f1xx_it.c.obj
                0x08001740                TIM1_UP_IRQHandler
 .text.TIM1_TRG_COM_IRQHandler
                0x08001750       0x10 CMakeFiles/Balance_Car.elf.dir/Core/Src/stm32f1xx_it.c.obj
                0x08001750                TIM1_TRG_COM_IRQHandler
 .text.TIM1_CC_IRQHandler
                0x08001760       0x10 CMakeFiles/Balance_Car.elf.dir/Core/Src/stm32f1xx_it.c.obj
                0x08001760                TIM1_CC_IRQHandler
 .text.TIM4_IRQHandler
                0x08001770       0x10 CMakeFiles/Balance_Car.elf.dir/Core/Src/stm32f1xx_it.c.obj
                0x08001770                TIM4_IRQHandler
 .text.I2C1_EV_IRQHandler
                0x08001780       0x10 CMakeFiles/Balance_Car.elf.dir/Core/Src/stm32f1xx_it.c.obj
                0x08001780                I2C1_EV_IRQHandler
 .text.USART2_IRQHandler
                0x08001790       0x10 CMakeFiles/Balance_Car.elf.dir/Core/Src/stm32f1xx_it.c.obj
                0x08001790                USART2_IRQHandler
 .text.SystemInit
                0x080017a0        0x2 CMakeFiles/Balance_Car.elf.dir/Core/Src/system_stm32f1xx.c.obj
                0x080017a0                SystemInit
 *fill*         0x080017a2        0x2 
 .text.MX_TIM2_Init
                0x080017a4       0x98 CMakeFiles/Balance_Car.elf.dir/Core/Src/tim.c.obj
                0x080017a4                MX_TIM2_Init
 .text.MX_TIM3_Init
                0x0800183c       0x80 CMakeFiles/Balance_Car.elf.dir/Core/Src/tim.c.obj
                0x0800183c                MX_TIM3_Init
 .text.MX_TIM4_Init
                0x080018bc       0x70 CMakeFiles/Balance_Car.elf.dir/Core/Src/tim.c.obj
                0x080018bc                MX_TIM4_Init
 .text.HAL_TIM_Base_MspInit
                0x0800192c       0xa0 CMakeFiles/Balance_Car.elf.dir/Core/Src/tim.c.obj
                0x0800192c                HAL_TIM_Base_MspInit
 .text.HAL_TIM_Encoder_MspInit
                0x080019cc       0x98 CMakeFiles/Balance_Car.elf.dir/Core/Src/tim.c.obj
                0x080019cc                HAL_TIM_Encoder_MspInit
 .text.HAL_TIM_MspPostInit
                0x08001a64       0x64 CMakeFiles/Balance_Car.elf.dir/Core/Src/tim.c.obj
                0x08001a64                HAL_TIM_MspPostInit
 .text.MX_TIM1_Init
                0x08001ac8       0xf8 CMakeFiles/Balance_Car.elf.dir/Core/Src/tim.c.obj
                0x08001ac8                MX_TIM1_Init
 .text.MX_USART2_UART_Init
                0x08001bc0       0x34 CMakeFiles/Balance_Car.elf.dir/Core/Src/usart.c.obj
                0x08001bc0                MX_USART2_UART_Init
 .text.HAL_UART_MspInit
                0x08001bf4       0x88 CMakeFiles/Balance_Car.elf.dir/Core/Src/usart.c.obj
                0x08001bf4                HAL_UART_MspInit
 .text.Reset_Handler
                0x08001c7c       0x48 CMakeFiles/Balance_Car.elf.dir/Core/Startup/startup_stm32f103c8tx.s.obj
                0x08001c7c                Reset_Handler
 .text.Default_Handler
                0x08001cc4        0x2 CMakeFiles/Balance_Car.elf.dir/Core/Startup/startup_stm32f103c8tx.s.obj
                0x08001cc4                RTC_Alarm_IRQHandler
                0x08001cc4                EXTI2_IRQHandler
                0x08001cc4                PVD_IRQHandler
                0x08001cc4                EXTI3_IRQHandler
                0x08001cc4                EXTI0_IRQHandler
                0x08001cc4                I2C2_EV_IRQHandler
                0x08001cc4                ADC1_2_IRQHandler
                0x08001cc4                SPI1_IRQHandler
                0x08001cc4                TAMPER_IRQHandler
                0x08001cc4                DMA1_Channel4_IRQHandler
                0x08001cc4                USART3_IRQHandler
                0x08001cc4                RTC_IRQHandler
                0x08001cc4                DMA1_Channel7_IRQHandler
                0x08001cc4                CAN1_RX1_IRQHandler
                0x08001cc4                DMA1_Channel6_IRQHandler
                0x08001cc4                TIM3_IRQHandler
                0x08001cc4                RCC_IRQHandler
                0x08001cc4                DMA1_Channel1_IRQHandler
                0x08001cc4                Default_Handler
                0x08001cc4                EXTI15_10_IRQHandler
                0x08001cc4                SPI2_IRQHandler
                0x08001cc4                DMA1_Channel5_IRQHandler
                0x08001cc4                EXTI4_IRQHandler
                0x08001cc4                USB_LP_CAN1_RX0_IRQHandler
                0x08001cc4                USB_HP_CAN1_TX_IRQHandler
                0x08001cc4                DMA1_Channel3_IRQHandler
                0x08001cc4                WWDG_IRQHandler
                0x08001cc4                TIM2_IRQHandler
                0x08001cc4                EXTI1_IRQHandler
                0x08001cc4                I2C2_ER_IRQHandler
                0x08001cc4                DMA1_Channel2_IRQHandler
                0x08001cc4                CAN1_SCE_IRQHandler
                0x08001cc4                FLASH_IRQHandler
                0x08001cc4                USART1_IRQHandler
                0x08001cc4                I2C1_ER_IRQHandler
                0x08001cc4                USBWakeUp_IRQHandler
 *fill*         0x08001cc6        0x2 
 .text.HAL_InitTick
                0x08001cc8       0x4c CMakeFiles/Balance_Car.elf.dir/Drivers/STM32F1xx_HAL_Driver/Src/stm32f1xx_hal.c.obj
                0x08001cc8                HAL_InitTick
 .text.HAL_Init
                0x08001d14       0x24 CMakeFiles/Balance_Car.elf.dir/Drivers/STM32F1xx_HAL_Driver/Src/stm32f1xx_hal.c.obj
                0x08001d14                HAL_Init
 .text.HAL_IncTick
                0x08001d38       0x18 CMakeFiles/Balance_Car.elf.dir/Drivers/STM32F1xx_HAL_Driver/Src/stm32f1xx_hal.c.obj
                0x08001d38                HAL_IncTick
 .text.HAL_GetTick
                0x08001d50        0xc CMakeFiles/Balance_Car.elf.dir/Drivers/STM32F1xx_HAL_Driver/Src/stm32f1xx_hal.c.obj
                0x08001d50                HAL_GetTick
 .text.HAL_ADC_PollForConversion
                0x08001d5c      0x184 CMakeFiles/Balance_Car.elf.dir/Drivers/STM32F1xx_HAL_Driver/Src/stm32f1xx_hal_adc.c.obj
                0x08001d5c                HAL_ADC_PollForConversion
 .text.HAL_ADC_GetValue
                0x08001ee0        0x6 CMakeFiles/Balance_Car.elf.dir/Drivers/STM32F1xx_HAL_Driver/Src/stm32f1xx_hal_adc.c.obj
                0x08001ee0                HAL_ADC_GetValue
 *fill*         0x08001ee6        0x2 
 .text.HAL_ADC_ConfigChannel
                0x08001ee8      0x140 CMakeFiles/Balance_Car.elf.dir/Drivers/STM32F1xx_HAL_Driver/Src/stm32f1xx_hal_adc.c.obj
                0x08001ee8                HAL_ADC_ConfigChannel
 .text.ADC_Enable
                0x08002028       0x88 CMakeFiles/Balance_Car.elf.dir/Drivers/STM32F1xx_HAL_Driver/Src/stm32f1xx_hal_adc.c.obj
                0x08002028                ADC_Enable
 .text.HAL_ADC_Start
                0x080020b0       0xe8 CMakeFiles/Balance_Car.elf.dir/Drivers/STM32F1xx_HAL_Driver/Src/stm32f1xx_hal_adc.c.obj
                0x080020b0                HAL_ADC_Start
 .text.ADC_ConversionStop_Disable
                0x08002198       0x56 CMakeFiles/Balance_Car.elf.dir/Drivers/STM32F1xx_HAL_Driver/Src/stm32f1xx_hal_adc.c.obj
                0x08002198                ADC_ConversionStop_Disable
 *fill*         0x080021ee        0x2 
 .text.HAL_ADC_Init
                0x080021f0      0x108 CMakeFiles/Balance_Car.elf.dir/Drivers/STM32F1xx_HAL_Driver/Src/stm32f1xx_hal_adc.c.obj
                0x080021f0                HAL_ADC_Init
 .text.HAL_ADCEx_Calibration_Start
                0x080022f8      0x100 CMakeFiles/Balance_Car.elf.dir/Drivers/STM32F1xx_HAL_Driver/Src/stm32f1xx_hal_adc_ex.c.obj
                0x080022f8                HAL_ADCEx_Calibration_Start
 .text.__NVIC_SetPriority
                0x080023f8       0x28 CMakeFiles/Balance_Car.elf.dir/Drivers/STM32F1xx_HAL_Driver/Src/stm32f1xx_hal_cortex.c.obj
 .text.NVIC_EncodePriority
                0x08002420       0x3e CMakeFiles/Balance_Car.elf.dir/Drivers/STM32F1xx_HAL_Driver/Src/stm32f1xx_hal_cortex.c.obj
 *fill*         0x0800245e        0x2 
 .text.HAL_NVIC_SetPriorityGrouping
                0x08002460       0x24 CMakeFiles/Balance_Car.elf.dir/Drivers/STM32F1xx_HAL_Driver/Src/stm32f1xx_hal_cortex.c.obj
                0x08002460                HAL_NVIC_SetPriorityGrouping
 .text.HAL_NVIC_SetPriority
                0x08002484       0x20 CMakeFiles/Balance_Car.elf.dir/Drivers/STM32F1xx_HAL_Driver/Src/stm32f1xx_hal_cortex.c.obj
                0x08002484                HAL_NVIC_SetPriority
 .text.HAL_NVIC_EnableIRQ
                0x080024a4       0x1c CMakeFiles/Balance_Car.elf.dir/Drivers/STM32F1xx_HAL_Driver/Src/stm32f1xx_hal_cortex.c.obj
                0x080024a4                HAL_NVIC_EnableIRQ
 .text.HAL_SYSTICK_Config
                0x080024c0       0x28 CMakeFiles/Balance_Car.elf.dir/Drivers/STM32F1xx_HAL_Driver/Src/stm32f1xx_hal_cortex.c.obj
                0x080024c0                HAL_SYSTICK_Config
 .text.HAL_SYSTICK_CLKSourceConfig
                0x080024e8       0x20 CMakeFiles/Balance_Car.elf.dir/Drivers/STM32F1xx_HAL_Driver/Src/stm32f1xx_hal_cortex.c.obj
                0x080024e8                HAL_SYSTICK_CLKSourceConfig
 .text.HAL_DMA_Abort
                0x08002508       0x46 CMakeFiles/Balance_Car.elf.dir/Drivers/STM32F1xx_HAL_Driver/Src/stm32f1xx_hal_dma.c.obj
                0x08002508                HAL_DMA_Abort
 *fill*         0x0800254e        0x2 
 .text.HAL_DMA_Abort_IT
                0x08002550       0x98 CMakeFiles/Balance_Car.elf.dir/Drivers/STM32F1xx_HAL_Driver/Src/stm32f1xx_hal_dma.c.obj
                0x08002550                HAL_DMA_Abort_IT
 .text.HAL_DMA_GetState
                0x080025e8        0x6 CMakeFiles/Balance_Car.elf.dir/Drivers/STM32F1xx_HAL_Driver/Src/stm32f1xx_hal_dma.c.obj
                0x080025e8                HAL_DMA_GetState
 *fill*         0x080025ee        0x2 
 .text.HAL_GPIO_Init
                0x080025f0      0x21c CMakeFiles/Balance_Car.elf.dir/Drivers/STM32F1xx_HAL_Driver/Src/stm32f1xx_hal_gpio.c.obj
                0x080025f0                HAL_GPIO_Init
 .text.HAL_GPIO_ReadPin
                0x0800280c        0xe CMakeFiles/Balance_Car.elf.dir/Drivers/STM32F1xx_HAL_Driver/Src/stm32f1xx_hal_gpio.c.obj
                0x0800280c                HAL_GPIO_ReadPin
 .text.HAL_GPIO_WritePin
                0x0800281a        0xc CMakeFiles/Balance_Car.elf.dir/Drivers/STM32F1xx_HAL_Driver/Src/stm32f1xx_hal_gpio.c.obj
                0x0800281a                HAL_GPIO_WritePin
 .text.HAL_GPIO_TogglePin
                0x08002826       0x12 CMakeFiles/Balance_Car.elf.dir/Drivers/STM32F1xx_HAL_Driver/Src/stm32f1xx_hal_gpio.c.obj
                0x08002826                HAL_GPIO_TogglePin
 .text.HAL_GPIO_EXTI_IRQHandler
                0x08002838       0x1c CMakeFiles/Balance_Car.elf.dir/Drivers/STM32F1xx_HAL_Driver/Src/stm32f1xx_hal_gpio.c.obj
                0x08002838                HAL_GPIO_EXTI_IRQHandler
 .text.I2C_Flush_DR
                0x08002854       0x10 CMakeFiles/Balance_Car.elf.dir/Drivers/STM32F1xx_HAL_Driver/Src/stm32f1xx_hal_i2c.c.obj
 .text.I2C_Master_SB
                0x08002864       0xa8 CMakeFiles/Balance_Car.elf.dir/Drivers/STM32F1xx_HAL_Driver/Src/stm32f1xx_hal_i2c.c.obj
 .text.I2C_Master_ADD10
                0x0800290c       0x2a CMakeFiles/Balance_Car.elf.dir/Drivers/STM32F1xx_HAL_Driver/Src/stm32f1xx_hal_i2c.c.obj
 *fill*         0x08002936        0x2 
 .text.I2C_Master_ADDR
                0x08002938      0x248 CMakeFiles/Balance_Car.elf.dir/Drivers/STM32F1xx_HAL_Driver/Src/stm32f1xx_hal_i2c.c.obj
 .text.I2C_SlaveTransmit_BTF
                0x08002b80       0x20 CMakeFiles/Balance_Car.elf.dir/Drivers/STM32F1xx_HAL_Driver/Src/stm32f1xx_hal_i2c.c.obj
 .text.I2C_SlaveReceive_BTF
                0x08002ba0       0x20 CMakeFiles/Balance_Car.elf.dir/Drivers/STM32F1xx_HAL_Driver/Src/stm32f1xx_hal_i2c.c.obj
 .text.I2C_WaitOnSTOPRequestThroughIT
                0x08002bc0       0x48 CMakeFiles/Balance_Car.elf.dir/Drivers/STM32F1xx_HAL_Driver/Src/stm32f1xx_hal_i2c.c.obj
 .text.I2C_IsAcknowledgeFailed
                0x08002c08       0x32 CMakeFiles/Balance_Car.elf.dir/Drivers/STM32F1xx_HAL_Driver/Src/stm32f1xx_hal_i2c.c.obj
 .text.I2C_ConvertOtherXferOptions
                0x08002c3a       0x1e CMakeFiles/Balance_Car.elf.dir/Drivers/STM32F1xx_HAL_Driver/Src/stm32f1xx_hal_i2c.c.obj
 .text.I2C_WaitOnFlagUntilTimeout
                0x08002c58       0xaa CMakeFiles/Balance_Car.elf.dir/Drivers/STM32F1xx_HAL_Driver/Src/stm32f1xx_hal_i2c.c.obj
 .text.I2C_WaitOnMasterAddressFlagUntilTimeout
                0x08002d02       0xd6 CMakeFiles/Balance_Car.elf.dir/Drivers/STM32F1xx_HAL_Driver/Src/stm32f1xx_hal_i2c.c.obj
 .text.I2C_MasterRequestWrite
                0x08002dd8       0xb4 CMakeFiles/Balance_Car.elf.dir/Drivers/STM32F1xx_HAL_Driver/Src/stm32f1xx_hal_i2c.c.obj
 .text.I2C_MasterRequestRead
                0x08002e8c      0x120 CMakeFiles/Balance_Car.elf.dir/Drivers/STM32F1xx_HAL_Driver/Src/stm32f1xx_hal_i2c.c.obj
 .text.I2C_WaitOnTXEFlagUntilTimeout
                0x08002fac       0x5e CMakeFiles/Balance_Car.elf.dir/Drivers/STM32F1xx_HAL_Driver/Src/stm32f1xx_hal_i2c.c.obj
 *fill*         0x0800300a        0x2 
 .text.I2C_RequestMemoryWrite
                0x0800300c       0xd8 CMakeFiles/Balance_Car.elf.dir/Drivers/STM32F1xx_HAL_Driver/Src/stm32f1xx_hal_i2c.c.obj
 .text.I2C_WaitOnBTFFlagUntilTimeout
                0x080030e4       0x5e CMakeFiles/Balance_Car.elf.dir/Drivers/STM32F1xx_HAL_Driver/Src/stm32f1xx_hal_i2c.c.obj
 .text.I2C_WaitOnRXNEFlagUntilTimeout
                0x08003142       0x78 CMakeFiles/Balance_Car.elf.dir/Drivers/STM32F1xx_HAL_Driver/Src/stm32f1xx_hal_i2c.c.obj
 *fill*         0x080031ba        0x2 
 .text.HAL_I2C_Init
                0x080031bc      0x1bc CMakeFiles/Balance_Car.elf.dir/Drivers/STM32F1xx_HAL_Driver/Src/stm32f1xx_hal_i2c.c.obj
                0x080031bc                HAL_I2C_Init
 .text.HAL_I2C_Master_Transmit
                0x08003378      0x178 CMakeFiles/Balance_Car.elf.dir/Drivers/STM32F1xx_HAL_Driver/Src/stm32f1xx_hal_i2c.c.obj
                0x08003378                HAL_I2C_Master_Transmit
 .text.HAL_I2C_Master_Receive
                0x080034f0      0x358 CMakeFiles/Balance_Car.elf.dir/Drivers/STM32F1xx_HAL_Driver/Src/stm32f1xx_hal_i2c.c.obj
                0x080034f0                HAL_I2C_Master_Receive
 .text.HAL_I2C_Mem_Write
                0x08003848      0x164 CMakeFiles/Balance_Car.elf.dir/Drivers/STM32F1xx_HAL_Driver/Src/stm32f1xx_hal_i2c.c.obj
                0x08003848                HAL_I2C_Mem_Write
 .text.HAL_I2C_MasterTxCpltCallback
                0x080039ac        0x2 CMakeFiles/Balance_Car.elf.dir/Drivers/STM32F1xx_HAL_Driver/Src/stm32f1xx_hal_i2c.c.obj
                0x080039ac                HAL_I2C_MasterTxCpltCallback
 .text.HAL_I2C_MasterRxCpltCallback
                0x080039ae        0x2 CMakeFiles/Balance_Car.elf.dir/Drivers/STM32F1xx_HAL_Driver/Src/stm32f1xx_hal_i2c.c.obj
                0x080039ae                HAL_I2C_MasterRxCpltCallback
 .text.HAL_I2C_SlaveTxCpltCallback
                0x080039b0        0x2 CMakeFiles/Balance_Car.elf.dir/Drivers/STM32F1xx_HAL_Driver/Src/stm32f1xx_hal_i2c.c.obj
                0x080039b0                HAL_I2C_SlaveTxCpltCallback
 .text.I2C_SlaveTransmit_TXE
                0x080039b2       0x4c CMakeFiles/Balance_Car.elf.dir/Drivers/STM32F1xx_HAL_Driver/Src/stm32f1xx_hal_i2c.c.obj
 .text.HAL_I2C_SlaveRxCpltCallback
                0x080039fe        0x2 CMakeFiles/Balance_Car.elf.dir/Drivers/STM32F1xx_HAL_Driver/Src/stm32f1xx_hal_i2c.c.obj
                0x080039fe                HAL_I2C_SlaveRxCpltCallback
 .text.I2C_SlaveReceive_RXNE
                0x08003a00       0x4c CMakeFiles/Balance_Car.elf.dir/Drivers/STM32F1xx_HAL_Driver/Src/stm32f1xx_hal_i2c.c.obj
 .text.HAL_I2C_AddrCallback
                0x08003a4c        0x2 CMakeFiles/Balance_Car.elf.dir/Drivers/STM32F1xx_HAL_Driver/Src/stm32f1xx_hal_i2c.c.obj
                0x08003a4c                HAL_I2C_AddrCallback
 .text.I2C_Slave_ADDR
                0x08003a4e       0x5a CMakeFiles/Balance_Car.elf.dir/Drivers/STM32F1xx_HAL_Driver/Src/stm32f1xx_hal_i2c.c.obj
 .text.HAL_I2C_ListenCpltCallback
                0x08003aa8        0x2 CMakeFiles/Balance_Car.elf.dir/Drivers/STM32F1xx_HAL_Driver/Src/stm32f1xx_hal_i2c.c.obj
                0x08003aa8                HAL_I2C_ListenCpltCallback
 .text.HAL_I2C_MemTxCpltCallback
                0x08003aaa        0x2 CMakeFiles/Balance_Car.elf.dir/Drivers/STM32F1xx_HAL_Driver/Src/stm32f1xx_hal_i2c.c.obj
                0x08003aaa                HAL_I2C_MemTxCpltCallback
 .text.I2C_MasterTransmit_BTF
                0x08003aac       0x9e CMakeFiles/Balance_Car.elf.dir/Drivers/STM32F1xx_HAL_Driver/Src/stm32f1xx_hal_i2c.c.obj
 .text.I2C_MemoryTransmit_TXE_BTF
                0x08003b4a       0xc4 CMakeFiles/Balance_Car.elf.dir/Drivers/STM32F1xx_HAL_Driver/Src/stm32f1xx_hal_i2c.c.obj
 .text.I2C_MasterTransmit_TXE
                0x08003c0e       0xd4 CMakeFiles/Balance_Car.elf.dir/Drivers/STM32F1xx_HAL_Driver/Src/stm32f1xx_hal_i2c.c.obj
 .text.HAL_I2C_MemRxCpltCallback
                0x08003ce2        0x2 CMakeFiles/Balance_Car.elf.dir/Drivers/STM32F1xx_HAL_Driver/Src/stm32f1xx_hal_i2c.c.obj
                0x08003ce2                HAL_I2C_MemRxCpltCallback
 .text.I2C_MasterReceive_BTF
                0x08003ce4      0x140 CMakeFiles/Balance_Car.elf.dir/Drivers/STM32F1xx_HAL_Driver/Src/stm32f1xx_hal_i2c.c.obj
 .text.HAL_I2C_ErrorCallback
                0x08003e24        0x2 CMakeFiles/Balance_Car.elf.dir/Drivers/STM32F1xx_HAL_Driver/Src/stm32f1xx_hal_i2c.c.obj
                0x08003e24                HAL_I2C_ErrorCallback
 .text.I2C_MasterReceive_RXNE
                0x08003e26      0x106 CMakeFiles/Balance_Car.elf.dir/Drivers/STM32F1xx_HAL_Driver/Src/stm32f1xx_hal_i2c.c.obj
 .text.HAL_I2C_AbortCpltCallback
                0x08003f2c        0x2 CMakeFiles/Balance_Car.elf.dir/Drivers/STM32F1xx_HAL_Driver/Src/stm32f1xx_hal_i2c.c.obj
                0x08003f2c                HAL_I2C_AbortCpltCallback
 *fill*         0x08003f2e        0x2 
 .text.I2C_DMAAbort
                0x08003f30       0xe4 CMakeFiles/Balance_Car.elf.dir/Drivers/STM32F1xx_HAL_Driver/Src/stm32f1xx_hal_i2c.c.obj
 .text.I2C_ITError
                0x08004014      0x178 CMakeFiles/Balance_Car.elf.dir/Drivers/STM32F1xx_HAL_Driver/Src/stm32f1xx_hal_i2c.c.obj
 .text.I2C_Slave_STOPF
                0x0800418c      0x18c CMakeFiles/Balance_Car.elf.dir/Drivers/STM32F1xx_HAL_Driver/Src/stm32f1xx_hal_i2c.c.obj
 .text.HAL_I2C_EV_IRQHandler
                0x08004318      0x1a0 CMakeFiles/Balance_Car.elf.dir/Drivers/STM32F1xx_HAL_Driver/Src/stm32f1xx_hal_i2c.c.obj
                0x08004318                HAL_I2C_EV_IRQHandler
 .text.RCC_Delay
                0x080044b8       0x2c CMakeFiles/Balance_Car.elf.dir/Drivers/STM32F1xx_HAL_Driver/Src/stm32f1xx_hal_rcc.c.obj
 .text.HAL_RCC_OscConfig
                0x080044e4      0x410 CMakeFiles/Balance_Car.elf.dir/Drivers/STM32F1xx_HAL_Driver/Src/stm32f1xx_hal_rcc.c.obj
                0x080044e4                HAL_RCC_OscConfig
 .text.HAL_RCC_GetSysClockFreq
                0x080048f4       0x54 CMakeFiles/Balance_Car.elf.dir/Drivers/STM32F1xx_HAL_Driver/Src/stm32f1xx_hal_rcc.c.obj
                0x080048f4                HAL_RCC_GetSysClockFreq
 .text.HAL_RCC_ClockConfig
                0x08004948      0x16c CMakeFiles/Balance_Car.elf.dir/Drivers/STM32F1xx_HAL_Driver/Src/stm32f1xx_hal_rcc.c.obj
                0x08004948                HAL_RCC_ClockConfig
 .text.HAL_RCC_GetHCLKFreq
                0x08004ab4        0xc CMakeFiles/Balance_Car.elf.dir/Drivers/STM32F1xx_HAL_Driver/Src/stm32f1xx_hal_rcc.c.obj
                0x08004ab4                HAL_RCC_GetHCLKFreq
 .text.HAL_RCC_GetPCLK1Freq
                0x08004ac0       0x20 CMakeFiles/Balance_Car.elf.dir/Drivers/STM32F1xx_HAL_Driver/Src/stm32f1xx_hal_rcc.c.obj
                0x08004ac0                HAL_RCC_GetPCLK1Freq
 .text.HAL_RCC_GetPCLK2Freq
                0x08004ae0       0x20 CMakeFiles/Balance_Car.elf.dir/Drivers/STM32F1xx_HAL_Driver/Src/stm32f1xx_hal_rcc.c.obj
                0x08004ae0                HAL_RCC_GetPCLK2Freq
 .text.HAL_RCCEx_PeriphCLKConfig
                0x08004b00      0x118 CMakeFiles/Balance_Car.elf.dir/Drivers/STM32F1xx_HAL_Driver/Src/stm32f1xx_hal_rcc_ex.c.obj
                0x08004b00                HAL_RCCEx_PeriphCLKConfig
 .text.HAL_RCCEx_GetPeriphCLKFreq
                0x08004c18       0xd8 CMakeFiles/Balance_Car.elf.dir/Drivers/STM32F1xx_HAL_Driver/Src/stm32f1xx_hal_rcc_ex.c.obj
                0x08004c18                HAL_RCCEx_GetPeriphCLKFreq
 .text.TIM_OC1_SetConfig
                0x08004cf0       0x54 CMakeFiles/Balance_Car.elf.dir/Drivers/STM32F1xx_HAL_Driver/Src/stm32f1xx_hal_tim.c.obj
 .text.TIM_OC3_SetConfig
                0x08004d44       0x5c CMakeFiles/Balance_Car.elf.dir/Drivers/STM32F1xx_HAL_Driver/Src/stm32f1xx_hal_tim.c.obj
 .text.TIM_OC4_SetConfig
                0x08004da0       0x48 CMakeFiles/Balance_Car.elf.dir/Drivers/STM32F1xx_HAL_Driver/Src/stm32f1xx_hal_tim.c.obj
 .text.TIM_TI1_ConfigInputStage
                0x08004de8       0x24 CMakeFiles/Balance_Car.elf.dir/Drivers/STM32F1xx_HAL_Driver/Src/stm32f1xx_hal_tim.c.obj
 .text.TIM_TI2_ConfigInputStage
                0x08004e0c       0x26 CMakeFiles/Balance_Car.elf.dir/Drivers/STM32F1xx_HAL_Driver/Src/stm32f1xx_hal_tim.c.obj
 .text.TIM_ITRx_SetConfig
                0x08004e32       0x10 CMakeFiles/Balance_Car.elf.dir/Drivers/STM32F1xx_HAL_Driver/Src/stm32f1xx_hal_tim.c.obj
 *fill*         0x08004e42        0x2 
 .text.HAL_TIM_Base_Start
                0x08004e44       0x5c CMakeFiles/Balance_Car.elf.dir/Drivers/STM32F1xx_HAL_Driver/Src/stm32f1xx_hal_tim.c.obj
                0x08004e44                HAL_TIM_Base_Start
 .text.HAL_TIM_Base_Stop
                0x08004ea0       0x28 CMakeFiles/Balance_Car.elf.dir/Drivers/STM32F1xx_HAL_Driver/Src/stm32f1xx_hal_tim.c.obj
                0x08004ea0                HAL_TIM_Base_Stop
 .text.HAL_TIM_Base_Start_IT
                0x08004ec8       0x68 CMakeFiles/Balance_Car.elf.dir/Drivers/STM32F1xx_HAL_Driver/Src/stm32f1xx_hal_tim.c.obj
                0x08004ec8                HAL_TIM_Base_Start_IT
 .text.HAL_TIM_PWM_MspInit
                0x08004f30        0x2 CMakeFiles/Balance_Car.elf.dir/Drivers/STM32F1xx_HAL_Driver/Src/stm32f1xx_hal_tim.c.obj
                0x08004f30                HAL_TIM_PWM_MspInit
 .text.HAL_TIM_PeriodElapsedCallback
                0x08004f32        0x2 CMakeFiles/Balance_Car.elf.dir/Drivers/STM32F1xx_HAL_Driver/Src/stm32f1xx_hal_tim.c.obj
                0x08004f32                HAL_TIM_PeriodElapsedCallback
 .text.HAL_TIM_OC_DelayElapsedCallback
                0x08004f34        0x2 CMakeFiles/Balance_Car.elf.dir/Drivers/STM32F1xx_HAL_Driver/Src/stm32f1xx_hal_tim.c.obj
                0x08004f34                HAL_TIM_OC_DelayElapsedCallback
 .text.HAL_TIM_IC_CaptureCallback
                0x08004f36        0x2 CMakeFiles/Balance_Car.elf.dir/Drivers/STM32F1xx_HAL_Driver/Src/stm32f1xx_hal_tim.c.obj
                0x08004f36                HAL_TIM_IC_CaptureCallback
 .text.HAL_TIM_PWM_PulseFinishedCallback
                0x08004f38        0x2 CMakeFiles/Balance_Car.elf.dir/Drivers/STM32F1xx_HAL_Driver/Src/stm32f1xx_hal_tim.c.obj
                0x08004f38                HAL_TIM_PWM_PulseFinishedCallback
 .text.HAL_TIM_TriggerCallback
                0x08004f3a        0x2 CMakeFiles/Balance_Car.elf.dir/Drivers/STM32F1xx_HAL_Driver/Src/stm32f1xx_hal_tim.c.obj
                0x08004f3a                HAL_TIM_TriggerCallback
 .text.HAL_TIM_IRQHandler
                0x08004f3c      0x15e CMakeFiles/Balance_Car.elf.dir/Drivers/STM32F1xx_HAL_Driver/Src/stm32f1xx_hal_tim.c.obj
                0x08004f3c                HAL_TIM_IRQHandler
 *fill*         0x0800509a        0x2 
 .text.TIM_Base_SetConfig
                0x0800509c       0x84 CMakeFiles/Balance_Car.elf.dir/Drivers/STM32F1xx_HAL_Driver/Src/stm32f1xx_hal_tim.c.obj
                0x0800509c                TIM_Base_SetConfig
 .text.HAL_TIM_Base_Init
                0x08005120       0x58 CMakeFiles/Balance_Car.elf.dir/Drivers/STM32F1xx_HAL_Driver/Src/stm32f1xx_hal_tim.c.obj
                0x08005120                HAL_TIM_Base_Init
 .text.HAL_TIM_PWM_Init
                0x08005178       0x58 CMakeFiles/Balance_Car.elf.dir/Drivers/STM32F1xx_HAL_Driver/Src/stm32f1xx_hal_tim.c.obj
                0x08005178                HAL_TIM_PWM_Init
 .text.HAL_TIM_Encoder_Init
                0x080051d0       0xb6 CMakeFiles/Balance_Car.elf.dir/Drivers/STM32F1xx_HAL_Driver/Src/stm32f1xx_hal_tim.c.obj
                0x080051d0                HAL_TIM_Encoder_Init
 *fill*         0x08005286        0x2 
 .text.TIM_OC2_SetConfig
                0x08005288       0x5c CMakeFiles/Balance_Car.elf.dir/Drivers/STM32F1xx_HAL_Driver/Src/stm32f1xx_hal_tim.c.obj
                0x08005288                TIM_OC2_SetConfig
 .text.HAL_TIM_PWM_ConfigChannel
                0x080052e4       0xdc CMakeFiles/Balance_Car.elf.dir/Drivers/STM32F1xx_HAL_Driver/Src/stm32f1xx_hal_tim.c.obj
                0x080052e4                HAL_TIM_PWM_ConfigChannel
 .text.TIM_ETR_SetConfig
                0x080053c0       0x18 CMakeFiles/Balance_Car.elf.dir/Drivers/STM32F1xx_HAL_Driver/Src/stm32f1xx_hal_tim.c.obj
                0x080053c0                TIM_ETR_SetConfig
 .text.HAL_TIM_ConfigClockSource
                0x080053d8       0xfe CMakeFiles/Balance_Car.elf.dir/Drivers/STM32F1xx_HAL_Driver/Src/stm32f1xx_hal_tim.c.obj
                0x080053d8                HAL_TIM_ConfigClockSource
 .text.TIM_CCxChannelCmd
                0x080054d6       0x1e CMakeFiles/Balance_Car.elf.dir/Drivers/STM32F1xx_HAL_Driver/Src/stm32f1xx_hal_tim.c.obj
                0x080054d6                TIM_CCxChannelCmd
 .text.HAL_TIM_PWM_Start
                0x080054f4       0xdc CMakeFiles/Balance_Car.elf.dir/Drivers/STM32F1xx_HAL_Driver/Src/stm32f1xx_hal_tim.c.obj
                0x080054f4                HAL_TIM_PWM_Start
 .text.HAL_TIM_Encoder_Start
                0x080055d0       0xcc CMakeFiles/Balance_Car.elf.dir/Drivers/STM32F1xx_HAL_Driver/Src/stm32f1xx_hal_tim.c.obj
                0x080055d0                HAL_TIM_Encoder_Start
 .text.HAL_TIMEx_MasterConfigSynchronization
                0x0800569c       0x6c CMakeFiles/Balance_Car.elf.dir/Drivers/STM32F1xx_HAL_Driver/Src/stm32f1xx_hal_tim_ex.c.obj
                0x0800569c                HAL_TIMEx_MasterConfigSynchronization
 .text.HAL_TIMEx_ConfigBreakDeadTime
                0x08005708       0x52 CMakeFiles/Balance_Car.elf.dir/Drivers/STM32F1xx_HAL_Driver/Src/stm32f1xx_hal_tim_ex.c.obj
                0x08005708                HAL_TIMEx_ConfigBreakDeadTime
 .text.HAL_TIMEx_CommutCallback
                0x0800575a        0x2 CMakeFiles/Balance_Car.elf.dir/Drivers/STM32F1xx_HAL_Driver/Src/stm32f1xx_hal_tim_ex.c.obj
                0x0800575a                HAL_TIMEx_CommutCallback
 .text.HAL_TIMEx_BreakCallback
                0x0800575c        0x2 CMakeFiles/Balance_Car.elf.dir/Drivers/STM32F1xx_HAL_Driver/Src/stm32f1xx_hal_tim_ex.c.obj
                0x0800575c                HAL_TIMEx_BreakCallback
 .text.UART_EndRxTransfer
                0x0800575e       0x5c CMakeFiles/Balance_Car.elf.dir/Drivers/STM32F1xx_HAL_Driver/Src/stm32f1xx_hal_uart.c.obj
 .text.UART_Transmit_IT
                0x080057ba       0x60 CMakeFiles/Balance_Car.elf.dir/Drivers/STM32F1xx_HAL_Driver/Src/stm32f1xx_hal_uart.c.obj
 *fill*         0x0800581a        0x2 
 .text.UART_SetConfig
                0x0800581c       0x94 CMakeFiles/Balance_Car.elf.dir/Drivers/STM32F1xx_HAL_Driver/Src/stm32f1xx_hal_uart.c.obj
 .text.HAL_UART_Init
                0x080058b0       0x60 CMakeFiles/Balance_Car.elf.dir/Drivers/STM32F1xx_HAL_Driver/Src/stm32f1xx_hal_uart.c.obj
                0x080058b0                HAL_UART_Init
 .text.HAL_UART_TxCpltCallback
                0x08005910        0x2 CMakeFiles/Balance_Car.elf.dir/Drivers/STM32F1xx_HAL_Driver/Src/stm32f1xx_hal_uart.c.obj
                0x08005910                HAL_UART_TxCpltCallback
 .text.UART_EndTransmit_IT
                0x08005912       0x1a CMakeFiles/Balance_Car.elf.dir/Drivers/STM32F1xx_HAL_Driver/Src/stm32f1xx_hal_uart.c.obj
 .text.HAL_UART_ErrorCallback
                0x0800592c        0x2 CMakeFiles/Balance_Car.elf.dir/Drivers/STM32F1xx_HAL_Driver/Src/stm32f1xx_hal_uart.c.obj
                0x0800592c                HAL_UART_ErrorCallback
 .text.UART_DMAAbortOnError
                0x0800592e       0x10 CMakeFiles/Balance_Car.elf.dir/Drivers/STM32F1xx_HAL_Driver/Src/stm32f1xx_hal_uart.c.obj
 .text.HAL_UARTEx_RxEventCallback
                0x0800593e        0x2 CMakeFiles/Balance_Car.elf.dir/Drivers/STM32F1xx_HAL_Driver/Src/stm32f1xx_hal_uart.c.obj
                0x0800593e                HAL_UARTEx_RxEventCallback
 .text.UART_Receive_IT
                0x08005940       0xe6 CMakeFiles/Balance_Car.elf.dir/Drivers/STM32F1xx_HAL_Driver/Src/stm32f1xx_hal_uart.c.obj
 *fill*         0x08005a26        0x2 
 .text.HAL_UART_IRQHandler
                0x08005a28      0x284 CMakeFiles/Balance_Car.elf.dir/Drivers/STM32F1xx_HAL_Driver/Src/stm32f1xx_hal_uart.c.obj
                0x08005a28                HAL_UART_IRQHandler
 .text.UART_Start_Receive_IT
                0x08005cac       0x36 CMakeFiles/Balance_Car.elf.dir/Drivers/STM32F1xx_HAL_Driver/Src/stm32f1xx_hal_uart.c.obj
                0x08005cac                UART_Start_Receive_IT
 .text.HAL_UART_Receive_IT
                0x08005ce2       0x26 CMakeFiles/Balance_Car.elf.dir/Drivers/STM32F1xx_HAL_Driver/Src/stm32f1xx_hal_uart.c.obj
                0x08005ce2                HAL_UART_Receive_IT
 .text.Run_KeyEventHandler
                0x08005d08       0x10 CMakeFiles/Balance_Car.elf.dir/user_main/user_main.c.obj
 .text.Git_Ultrasonic
                0x08005d18       0x18 CMakeFiles/Balance_Car.elf.dir/user_main/user_main.c.obj
                0x08005d18                Git_Ultrasonic
 .text.Mode_State
                0x08005d30       0x8c CMakeFiles/Balance_Car.elf.dir/user_main/user_main.c.obj
                0x08005d30                Mode_State
 .text.BluetoothCMD
                0x08005dbc       0xc8 CMakeFiles/Balance_Car.elf.dir/user_main/user_main.c.obj
                0x08005dbc                BluetoothCMD
 .text.HAL_UART_RxCpltCallback
                0x08005e84       0x2c CMakeFiles/Balance_Car.elf.dir/user_main/user_main.c.obj
                0x08005e84                HAL_UART_RxCpltCallback
 .text.NRF24L01_Oled
                0x08005eb0       0xa0 CMakeFiles/Balance_Car.elf.dir/user_main/user_main.c.obj
                0x08005eb0                NRF24L01_Oled
 .text.Bluetooth_Oled
                0x08005f50       0xa0 CMakeFiles/Balance_Car.elf.dir/user_main/user_main.c.obj
                0x08005f50                Bluetooth_Oled
 .text.Obstacle_Oled
                0x08005ff0       0xa0 CMakeFiles/Balance_Car.elf.dir/user_main/user_main.c.obj
                0x08005ff0                Obstacle_Oled
 .text.mpu6050_oled
                0x08006090       0xa0 CMakeFiles/Balance_Car.elf.dir/user_main/user_main.c.obj
                0x08006090                mpu6050_oled
 .text.Encoder_oled
                0x08006130       0x98 CMakeFiles/Balance_Car.elf.dir/user_main/user_main.c.obj
                0x08006130                Encoder_oled
 .text.Mode_Oled
                0x080061c8       0x48 CMakeFiles/Balance_Car.elf.dir/user_main/user_main.c.obj
                0x080061c8                Mode_Oled
 .text.Read_Encoder
                0x08006210       0x30 CMakeFiles/Balance_Car.elf.dir/user_main/user_main.c.obj
                0x08006210                Read_Encoder
 .text.balance_UP
                0x08006240       0x14 CMakeFiles/Balance_Car.elf.dir/user_main/user_main.c.obj
                0x08006240                balance_UP
 *fill*         0x08006254        0x4 
 .text.velocity_UP
                0x08006258      0x11c CMakeFiles/Balance_Car.elf.dir/user_main/user_main.c.obj
                0x08006258                velocity_UP
 .text.Turn_UP  0x08006374       0x4c CMakeFiles/Balance_Car.elf.dir/user_main/user_main.c.obj
                0x08006374                Turn_UP
 .text.Xianfu_Pwm
                0x080063c0       0x98 CMakeFiles/Balance_Car.elf.dir/user_main/user_main.c.obj
                0x080063c0                Xianfu_Pwm
 .text.Turn_Off
                0x08006458       0x48 CMakeFiles/Balance_Car.elf.dir/user_main/user_main.c.obj
                0x08006458                Turn_Off
 .text.mode_select
                0x080064a0       0x28 CMakeFiles/Balance_Car.elf.dir/user_main/user_main.c.obj
                0x080064a0                mode_select
 .text.Run      0x080064c8      0x1e0 CMakeFiles/Balance_Car.elf.dir/user_main/user_main.c.obj
                0x080064c8                Run
 .text.HAL_GPIO_EXTI_Callback
                0x080066a8        0xe CMakeFiles/Balance_Car.elf.dir/user_main/user_main.c.obj
                0x080066a8                HAL_GPIO_EXTI_Callback
 *fill*         0x080066b6        0x2 
 .text.Run_Enter
                0x080066b8       0x18 CMakeFiles/Balance_Car.elf.dir/user_main/user_main.c.obj
                0x080066b8                Run_Enter
 .text.Run_Key  0x080066d0       0x30 CMakeFiles/Balance_Car.elf.dir/user_main/user_main.c.obj
                0x080066d0                Run_Key
 .text.user_main
                0x08006700       0xb4 CMakeFiles/Balance_Car.elf.dir/user_main/user_main.c.obj
                0x08006700                user_main
 .text.OLED_Write_Byte
                0x080067b4       0x50 CMakeFiles/Balance_Car.elf.dir/OLED/Src/driver_ssd1306.c.obj
                0x080067b4                OLED_Write_Byte
 .text.OLED_Init
                0x08006804       0xf2 CMakeFiles/Balance_Car.elf.dir/OLED/Src/driver_ssd1306.c.obj
                0x08006804                OLED_Init
 *fill*         0x080068f6        0x2 
 .text.OLED_Fill
                0x080068f8       0x28 CMakeFiles/Balance_Car.elf.dir/OLED/Src/driver_ssd1306.c.obj
                0x080068f8                OLED_Fill
 .text.OLED_Clear
                0x08006920       0x1a CMakeFiles/Balance_Car.elf.dir/OLED/Src/driver_ssd1306.c.obj
                0x08006920                OLED_Clear
 *fill*         0x0800693a        0x2 
 .text.OLED_Refresh_Gram
                0x0800693c       0x4c CMakeFiles/Balance_Car.elf.dir/OLED/Src/driver_ssd1306.c.obj
                0x0800693c                OLED_Refresh_Gram
 .text.OLED_DrawPoint
                0x08006988       0x6c CMakeFiles/Balance_Car.elf.dir/OLED/Src/driver_ssd1306.c.obj
                0x08006988                OLED_DrawPoint
 .text.OLED_DrawChar
                0x080069f4      0x300 CMakeFiles/Balance_Car.elf.dir/OLED/Src/driver_ssd1306.c.obj
                0x080069f4                OLED_DrawChar
 .text.OLED_DrawStr
                0x08006cf4       0x72 CMakeFiles/Balance_Car.elf.dir/OLED/Src/driver_ssd1306.c.obj
                0x08006cf4                OLED_DrawStr
 .text.Ten_Exponent
                0x08006d66       0x1a CMakeFiles/Balance_Car.elf.dir/OLED/Src/driver_ssd1306.c.obj
                0x08006d66                Ten_Exponent
 .text.OLED_DrawNum
                0x08006d80       0xc4 CMakeFiles/Balance_Car.elf.dir/OLED/Src/driver_ssd1306.c.obj
                0x08006d80                OLED_DrawNum
 .text.OLED_DrawNum0
                0x08006e44       0xd8 CMakeFiles/Balance_Car.elf.dir/OLED/Src/driver_ssd1306.c.obj
                0x08006e44                OLED_DrawNum0
 .text.OLED_ShowSignedNum
                0x08006f1c       0x4e CMakeFiles/Balance_Car.elf.dir/OLED/Src/driver_ssd1306.c.obj
                0x08006f1c                OLED_ShowSignedNum
 *fill*         0x08006f6a        0x2 
 .text.delay_init
                0x08006f6c       0x14 CMakeFiles/Balance_Car.elf.dir/Delay/delay.c.obj
                0x08006f6c                delay_init
 .text.delay_us
                0x08006f80       0x3c CMakeFiles/Balance_Car.elf.dir/Delay/delay.c.obj
                0x08006f80                delay_us
 .text.delay_ms
                0x08006fbc       0x10 CMakeFiles/Balance_Car.elf.dir/Delay/delay.c.obj
                0x08006fbc                delay_ms
 .text.HAL_Delay
                0x08006fcc        0xa CMakeFiles/Balance_Car.elf.dir/Delay/delay.c.obj
                0x08006fcc                HAL_Delay
 *fill*         0x08006fd6        0x2 
 .text.hcrs04_get_distance
                0x08006fd8       0xb8 CMakeFiles/Balance_Car.elf.dir/hcsr04/hcsr04.c.obj
                0x08006fd8                hcrs04_get_distance
 .text.myabs    0x08007090        0xa CMakeFiles/Balance_Car.elf.dir/TB6612FNG/motor.c.obj
                0x08007090                myabs
 *fill*         0x0800709a        0x2 
 .text.Set_Pwm  0x0800709c       0xc4 CMakeFiles/Balance_Car.elf.dir/TB6612FNG/motor.c.obj
                0x0800709c                Set_Pwm
 .text.atk_ms6050_write
                0x08007160       0x50 CMakeFiles/Balance_Car.elf.dir/mpu6050/atk_ms6050.c.obj
                0x08007160                atk_ms6050_write
 .text.atk_ms6050_write_byte
                0x080071b0       0x18 CMakeFiles/Balance_Car.elf.dir/mpu6050/atk_ms6050.c.obj
                0x080071b0                atk_ms6050_write_byte
 .text.atk_ms6050_read
                0x080071c8       0x48 CMakeFiles/Balance_Car.elf.dir/mpu6050/atk_ms6050.c.obj
                0x080071c8                atk_ms6050_read
 .text.atk_ms6050_read_byte
                0x08007210        0xc CMakeFiles/Balance_Car.elf.dir/mpu6050/atk_ms6050.c.obj
                0x08007210                atk_ms6050_read_byte
 .text.atk_ms6050_sw_reset
                0x0800721c       0x1e CMakeFiles/Balance_Car.elf.dir/mpu6050/atk_ms6050.c.obj
                0x0800721c                atk_ms6050_sw_reset
 .text.atk_ms6050_set_gyro_fsr
                0x0800723a       0x12 CMakeFiles/Balance_Car.elf.dir/mpu6050/atk_ms6050.c.obj
                0x0800723a                atk_ms6050_set_gyro_fsr
 .text.atk_ms6050_set_accel_fsr
                0x0800724c       0x12 CMakeFiles/Balance_Car.elf.dir/mpu6050/atk_ms6050.c.obj
                0x0800724c                atk_ms6050_set_accel_fsr
 .text.atk_ms6050_set_lpf
                0x0800725e       0x36 CMakeFiles/Balance_Car.elf.dir/mpu6050/atk_ms6050.c.obj
                0x0800725e                atk_ms6050_set_lpf
 .text.atk_ms6050_set_rate
                0x08007294       0x38 CMakeFiles/Balance_Car.elf.dir/mpu6050/atk_ms6050.c.obj
                0x08007294                atk_ms6050_set_rate
 .text.atk_ms6050_get_gyroscope
                0x080072cc       0x46 CMakeFiles/Balance_Car.elf.dir/mpu6050/atk_ms6050.c.obj
                0x080072cc                atk_ms6050_get_gyroscope
 .text.atk_ms6050_init
                0x08007312       0x7c CMakeFiles/Balance_Car.elf.dir/mpu6050/atk_ms6050.c.obj
                0x08007312                atk_ms6050_init
 .text.my_mpu6050_init
                0x0800738e       0x3a CMakeFiles/Balance_Car.elf.dir/mpu6050/atk_ms6050.c.obj
                0x0800738e                my_mpu6050_init
 .text.inv_row_2_scale
                0x080073c8       0x3a CMakeFiles/Balance_Car.elf.dir/mpu6050/inv_mpu.c.obj
 .text.inv_orientation_matrix_to_scalar
                0x08007402       0x24 CMakeFiles/Balance_Car.elf.dir/mpu6050/inv_mpu.c.obj
 *fill*         0x08007426        0x2 
 .text.get_accel_prod_shift
                0x08007428       0xc4 CMakeFiles/Balance_Car.elf.dir/mpu6050/inv_mpu.c.obj
 .text.accel_self_test
                0x080074ec       0xa8 CMakeFiles/Balance_Car.elf.dir/mpu6050/inv_mpu.c.obj
 .text.gyro_self_test
                0x08007594      0x100 CMakeFiles/Balance_Car.elf.dir/mpu6050/inv_mpu.c.obj
 .text.set_int_enable
                0x08007694       0x98 CMakeFiles/Balance_Car.elf.dir/mpu6050/inv_mpu.c.obj
 .text.get_st_biases
                0x0800772c      0x428 CMakeFiles/Balance_Car.elf.dir/mpu6050/inv_mpu.c.obj
 .text.mpu_reset_fifo
                0x08007b54      0x1f8 CMakeFiles/Balance_Car.elf.dir/mpu6050/inv_mpu.c.obj
                0x08007b54                mpu_reset_fifo
 .text.mpu_get_gyro_fsr
                0x08007d4c       0x3c CMakeFiles/Balance_Car.elf.dir/mpu6050/inv_mpu.c.obj
                0x08007d4c                mpu_get_gyro_fsr
 .text.mpu_set_gyro_fsr
                0x08007d88       0x98 CMakeFiles/Balance_Car.elf.dir/mpu6050/inv_mpu.c.obj
                0x08007d88                mpu_set_gyro_fsr
 .text.mpu_get_accel_fsr
                0x08007e20       0x44 CMakeFiles/Balance_Car.elf.dir/mpu6050/inv_mpu.c.obj
                0x08007e20                mpu_get_accel_fsr
 .text.mpu_set_accel_fsr
                0x08007e64       0x94 CMakeFiles/Balance_Car.elf.dir/mpu6050/inv_mpu.c.obj
                0x08007e64                mpu_set_accel_fsr
 .text.mpu_get_lpf
                0x08007ef8       0x44 CMakeFiles/Balance_Car.elf.dir/mpu6050/inv_mpu.c.obj
                0x08007ef8                mpu_get_lpf
 .text.mpu_set_lpf
                0x08007f3c       0x94 CMakeFiles/Balance_Car.elf.dir/mpu6050/inv_mpu.c.obj
                0x08007f3c                mpu_set_lpf
 .text.mpu_get_sample_rate
                0x08007fd0       0x1c CMakeFiles/Balance_Car.elf.dir/mpu6050/inv_mpu.c.obj
                0x08007fd0                mpu_get_sample_rate
 .text.mpu_get_gyro_sens
                0x08007fec       0x4c CMakeFiles/Balance_Car.elf.dir/mpu6050/inv_mpu.c.obj
                0x08007fec                mpu_get_gyro_sens
 .text.mpu_get_accel_sens
                0x08008038       0x4c CMakeFiles/Balance_Car.elf.dir/mpu6050/inv_mpu.c.obj
                0x08008038                mpu_get_accel_sens
 .text.mpu_get_fifo_config
                0x08008084       0x10 CMakeFiles/Balance_Car.elf.dir/mpu6050/inv_mpu.c.obj
                0x08008084                mpu_get_fifo_config
 .text.mpu_configure_fifo
                0x08008094       0x64 CMakeFiles/Balance_Car.elf.dir/mpu6050/inv_mpu.c.obj
                0x08008094                mpu_configure_fifo
 .text.mpu_read_fifo_stream
                0x080080f8       0xc0 CMakeFiles/Balance_Car.elf.dir/mpu6050/inv_mpu.c.obj
                0x080080f8                mpu_read_fifo_stream
 .text.mpu_set_bypass
                0x080081b8      0x168 CMakeFiles/Balance_Car.elf.dir/mpu6050/inv_mpu.c.obj
                0x080081b8                mpu_set_bypass
 .text.mpu_set_int_latched
                0x08008320       0x74 CMakeFiles/Balance_Car.elf.dir/mpu6050/inv_mpu.c.obj
                0x08008320                mpu_set_int_latched
 .text.mpu_lp_accel_mode
                0x08008394       0xdc CMakeFiles/Balance_Car.elf.dir/mpu6050/inv_mpu.c.obj
                0x08008394                mpu_lp_accel_mode
 .text.mpu_set_sample_rate
                0x08008470       0xa0 CMakeFiles/Balance_Car.elf.dir/mpu6050/inv_mpu.c.obj
                0x08008470                mpu_set_sample_rate
 .text.mpu_set_sensors
                0x08008510       0xe4 CMakeFiles/Balance_Car.elf.dir/mpu6050/inv_mpu.c.obj
                0x08008510                mpu_set_sensors
 .text.mpu_init
                0x080085f4      0x194 CMakeFiles/Balance_Car.elf.dir/mpu6050/inv_mpu.c.obj
                0x080085f4                mpu_init
 .text.mpu_write_mem
                0x08008788       0x74 CMakeFiles/Balance_Car.elf.dir/mpu6050/inv_mpu.c.obj
                0x08008788                mpu_write_mem
 .text.mpu_read_mem
                0x080087fc       0x74 CMakeFiles/Balance_Car.elf.dir/mpu6050/inv_mpu.c.obj
                0x080087fc                mpu_read_mem
 .text.mpu_load_firmware
                0x08008870       0xb4 CMakeFiles/Balance_Car.elf.dir/mpu6050/inv_mpu.c.obj
                0x08008870                mpu_load_firmware
 .text.mpu_set_dmp_state
                0x08008924       0x94 CMakeFiles/Balance_Car.elf.dir/mpu6050/inv_mpu.c.obj
                0x08008924                mpu_set_dmp_state
 .text.mpu_run_self_test
                0x080089b8      0x104 CMakeFiles/Balance_Car.elf.dir/mpu6050/inv_mpu.c.obj
                0x080089b8                mpu_run_self_test
 .text.atk_ms6050_get_clock_ms
                0x08008abc       0x14 CMakeFiles/Balance_Car.elf.dir/mpu6050/inv_mpu.c.obj
                0x08008abc                atk_ms6050_get_clock_ms
 .text.atk_ms6050_run_self_test
                0x08008ad0       0x78 CMakeFiles/Balance_Car.elf.dir/mpu6050/inv_mpu.c.obj
                0x08008ad0                atk_ms6050_run_self_test
 .text.atk_ms6050_dmp_init
                0x08008b48       0x74 CMakeFiles/Balance_Car.elf.dir/mpu6050/inv_mpu.c.obj
                0x08008b48                atk_ms6050_dmp_init
 *fill*         0x08008bbc        0x4 
 .text.atk_ms6050_dmp_get_data
                0x08008bc0      0x1c8 CMakeFiles/Balance_Car.elf.dir/mpu6050/inv_mpu.c.obj
                0x08008bc0                atk_ms6050_dmp_get_data
 .text.decode_gesture
                0x08008d88       0x3c CMakeFiles/Balance_Car.elf.dir/mpu6050/inv_mpu_dmp_motion_driver.c.obj
 .text.dmp_load_motion_driver_firmware
                0x08008dc4       0x18 CMakeFiles/Balance_Car.elf.dir/mpu6050/inv_mpu_dmp_motion_driver.c.obj
                0x08008dc4                dmp_load_motion_driver_firmware
 .text.dmp_set_orientation
                0x08008ddc      0x14c CMakeFiles/Balance_Car.elf.dir/mpu6050/inv_mpu_dmp_motion_driver.c.obj
                0x08008ddc                dmp_set_orientation
 .text.dmp_set_gyro_bias
                0x08008f28      0x110 CMakeFiles/Balance_Car.elf.dir/mpu6050/inv_mpu_dmp_motion_driver.c.obj
                0x08008f28                dmp_set_gyro_bias
 .text.dmp_set_accel_bias
                0x08009038       0xf4 CMakeFiles/Balance_Car.elf.dir/mpu6050/inv_mpu_dmp_motion_driver.c.obj
                0x08009038                dmp_set_accel_bias
 .text.dmp_set_fifo_rate
                0x0800912c       0x68 CMakeFiles/Balance_Car.elf.dir/mpu6050/inv_mpu_dmp_motion_driver.c.obj
                0x0800912c                dmp_set_fifo_rate
 .text.dmp_set_tap_thresh
                0x08009194      0x1a0 CMakeFiles/Balance_Car.elf.dir/mpu6050/inv_mpu_dmp_motion_driver.c.obj
                0x08009194                dmp_set_tap_thresh
 .text.dmp_set_tap_axes
                0x08009334       0x4e CMakeFiles/Balance_Car.elf.dir/mpu6050/inv_mpu_dmp_motion_driver.c.obj
                0x08009334                dmp_set_tap_axes
 .text.dmp_set_tap_count
                0x08009382       0x2c CMakeFiles/Balance_Car.elf.dir/mpu6050/inv_mpu_dmp_motion_driver.c.obj
                0x08009382                dmp_set_tap_count
 *fill*         0x080093ae        0x2 
 .text.dmp_set_tap_time
                0x080093b0       0x30 CMakeFiles/Balance_Car.elf.dir/mpu6050/inv_mpu_dmp_motion_driver.c.obj
                0x080093b0                dmp_set_tap_time
 .text.dmp_set_tap_time_multi
                0x080093e0       0x30 CMakeFiles/Balance_Car.elf.dir/mpu6050/inv_mpu_dmp_motion_driver.c.obj
                0x080093e0                dmp_set_tap_time_multi
 .text.dmp_set_shake_reject_thresh
                0x08009410       0x44 CMakeFiles/Balance_Car.elf.dir/mpu6050/inv_mpu_dmp_motion_driver.c.obj
                0x08009410                dmp_set_shake_reject_thresh
 .text.dmp_set_shake_reject_time
                0x08009454       0x2c CMakeFiles/Balance_Car.elf.dir/mpu6050/inv_mpu_dmp_motion_driver.c.obj
                0x08009454                dmp_set_shake_reject_time
 .text.dmp_set_shake_reject_timeout
                0x08009480       0x2c CMakeFiles/Balance_Car.elf.dir/mpu6050/inv_mpu_dmp_motion_driver.c.obj
                0x08009480                dmp_set_shake_reject_timeout
 .text.dmp_enable_gyro_cal
                0x080094ac       0x44 CMakeFiles/Balance_Car.elf.dir/mpu6050/inv_mpu_dmp_motion_driver.c.obj
                0x080094ac                dmp_enable_gyro_cal
 .text.dmp_enable_lp_quat
                0x080094f0       0x3c CMakeFiles/Balance_Car.elf.dir/mpu6050/inv_mpu_dmp_motion_driver.c.obj
                0x080094f0                dmp_enable_lp_quat
 .text.dmp_enable_6x_lp_quat
                0x0800952c       0x3c CMakeFiles/Balance_Car.elf.dir/mpu6050/inv_mpu_dmp_motion_driver.c.obj
                0x0800952c                dmp_enable_6x_lp_quat
 .text.dmp_enable_feature
                0x08009568      0x218 CMakeFiles/Balance_Car.elf.dir/mpu6050/inv_mpu_dmp_motion_driver.c.obj
                0x08009568                dmp_enable_feature
 .text.dmp_read_fifo
                0x08009780      0x1ec CMakeFiles/Balance_Car.elf.dir/mpu6050/inv_mpu_dmp_motion_driver.c.obj
                0x08009780                dmp_read_fifo
 .text.pid_init
                0x0800996c       0x24 CMakeFiles/Balance_Car.elf.dir/pid/pid.c.obj
                0x0800996c                pid_init
 .text.increment_pid_ctrl
                0x08009990       0x68 CMakeFiles/Balance_Car.elf.dir/pid/pid.c.obj
                0x08009990                increment_pid_ctrl
 .text.button_init
                0x080099f8       0x36 CMakeFiles/Balance_Car.elf.dir/keypad/MultiButton/multi_button.c.obj
                0x080099f8                button_init
 .text.button_attach
                0x08009a2e        0xa CMakeFiles/Balance_Car.elf.dir/keypad/MultiButton/multi_button.c.obj
                0x08009a2e                button_attach
 .text.button_handler
                0x08009a38      0x222 CMakeFiles/Balance_Car.elf.dir/keypad/MultiButton/multi_button.c.obj
                0x08009a38                button_handler
 *fill*         0x08009c5a        0x2 
 .text.button_start
                0x08009c5c       0x24 CMakeFiles/Balance_Car.elf.dir/keypad/MultiButton/multi_button.c.obj
                0x08009c5c                button_start
 .text.button_ticks
                0x08009c80       0x1c CMakeFiles/Balance_Car.elf.dir/keypad/MultiButton/multi_button.c.obj
                0x08009c80                button_ticks
 .text.TouchKey_GetLevelCallback
                0x08009c9c       0x18 CMakeFiles/Balance_Car.elf.dir/keypad/button_port/button_port.c.obj
 .text.TouchKey_Init
                0x08009cb4       0x30 CMakeFiles/Balance_Car.elf.dir/keypad/button_port/button_port.c.obj
                0x08009cb4                TouchKey_Init
 .text.__udivmoddi4
                0x08009ce4      0x2c0 d:/arm gnu toolchain arm-none-eabi/12.2 rel1/bin/../lib/gcc/arm-none-eabi/12.2.1/thumb/v7-m/nofp\libgcc.a(_udivmoddi4.o)
                0x08009ce4                __udivmoddi4
 .text.memcmp   0x08009fa4       0x20 d:/arm gnu toolchain arm-none-eabi/12.2 rel1/bin/../lib/gcc/arm-none-eabi/12.2.1/thumb/v7-m/nofp\libg_nano.a(libc_a-memcmp.o)
                0x08009fa4                memcmp
 .text.memset   0x08009fc4       0x10 d:/arm gnu toolchain arm-none-eabi/12.2 rel1/bin/../lib/gcc/arm-none-eabi/12.2.1/thumb/v7-m/nofp\libg_nano.a(libc_a-memset.o)
                0x08009fc4                memset
 .text.__errno  0x08009fd4        0xc d:/arm gnu toolchain arm-none-eabi/12.2 rel1/bin/../lib/gcc/arm-none-eabi/12.2.1/thumb/v7-m/nofp\libg_nano.a(libc_a-errno.o)
                0x08009fd4                __errno
 .text.__libc_init_array
                0x08009fe0       0x48 d:/arm gnu toolchain arm-none-eabi/12.2 rel1/bin/../lib/gcc/arm-none-eabi/12.2.1/thumb/v7-m/nofp\libg_nano.a(libc_a-init.o)
                0x08009fe0                __libc_init_array
 .text.asin     0x0800a028       0x50 d:/arm gnu toolchain arm-none-eabi/12.2 rel1/bin/../lib/gcc/arm-none-eabi/12.2.1/thumb/v7-m/nofp\libm.a(libm_a-w_asin.o)
                0x0800a028                asin
 .text.atan2    0x0800a078        0x4 d:/arm gnu toolchain arm-none-eabi/12.2 rel1/bin/../lib/gcc/arm-none-eabi/12.2.1/thumb/v7-m/nofp\libm.a(libm_a-w_atan2.o)
                0x0800a078                atan2
 .text.fabs     0x0800a07c        0x8 d:/arm gnu toolchain arm-none-eabi/12.2 rel1/bin/../lib/gcc/arm-none-eabi/12.2.1/thumb/v7-m/nofp\libm.a(libm_a-s_fabs.o)
                0x0800a07c                fabs
 .text.nan      0x0800a084        0xc d:/arm gnu toolchain arm-none-eabi/12.2 rel1/bin/../lib/gcc/arm-none-eabi/12.2.1/thumb/v7-m/nofp\libm.a(libm_a-s_nan.o)
                0x0800a084                nan
 .text.__ieee754_asin
                0x0800a090      0x44c d:/arm gnu toolchain arm-none-eabi/12.2 rel1/bin/../lib/gcc/arm-none-eabi/12.2.1/thumb/v7-m/nofp\libm.a(libm_a-e_asin.o)
                0x0800a090                __ieee754_asin
 *fill*         0x0800a4dc        0x4 
 .text.__ieee754_atan2
                0x0800a4e0      0x194 d:/arm gnu toolchain arm-none-eabi/12.2 rel1/bin/../lib/gcc/arm-none-eabi/12.2.1/thumb/v7-m/nofp\libm.a(libm_a-e_atan2.o)
                0x0800a4e0                __ieee754_atan2
 *fill*         0x0800a674        0x4 
 .text.atan     0x0800a678      0x318 d:/arm gnu toolchain arm-none-eabi/12.2 rel1/bin/../lib/gcc/arm-none-eabi/12.2.1/thumb/v7-m/nofp\libm.a(libm_a-s_atan.o)
                0x0800a678                atan
 .text.__ieee754_sqrt
                0x0800a990      0x1dc d:/arm gnu toolchain arm-none-eabi/12.2 rel1/bin/../lib/gcc/arm-none-eabi/12.2.1/thumb/v7-m/nofp\libm.a(libm_a-e_sqrt.o)
                0x0800a990                __ieee754_sqrt
 *(.glue_7)
 .glue_7        0x0800ab6c        0x0 linker stubs
 *(.glue_7t)
 .glue_7t       0x0800ab6c        0x0 linker stubs
 *(.eh_frame)
 .eh_frame      0x0800ab6c        0x0 d:/arm gnu toolchain arm-none-eabi/12.2 rel1/bin/../lib/gcc/arm-none-eabi/12.2.1/thumb/v7-m/nofp/crtbegin.o
 *(.init)
 .init          0x0800ab6c        0x4 d:/arm gnu toolchain arm-none-eabi/12.2 rel1/bin/../lib/gcc/arm-none-eabi/12.2.1/thumb/v7-m/nofp/crti.o
                0x0800ab6c                _init
 .init          0x0800ab70        0x8 d:/arm gnu toolchain arm-none-eabi/12.2 rel1/bin/../lib/gcc/arm-none-eabi/12.2.1/thumb/v7-m/nofp/crtn.o
 *(.fini)
 .fini          0x0800ab78        0x4 d:/arm gnu toolchain arm-none-eabi/12.2 rel1/bin/../lib/gcc/arm-none-eabi/12.2.1/thumb/v7-m/nofp/crti.o
                0x0800ab78                _fini
 .fini          0x0800ab7c        0x8 d:/arm gnu toolchain arm-none-eabi/12.2 rel1/bin/../lib/gcc/arm-none-eabi/12.2.1/thumb/v7-m/nofp/crtn.o
                0x0800ab84                . = ALIGN (0x4)
                0x0800ab84                _etext = .

.vfp11_veneer   0x0800ab84        0x0
 .vfp11_veneer  0x0800ab84        0x0 linker stubs

.v4_bx          0x0800ab84        0x0
 .v4_bx         0x0800ab84        0x0 linker stubs

.iplt           0x0800ab84        0x0
 .iplt          0x0800ab84        0x0 d:/arm gnu toolchain arm-none-eabi/12.2 rel1/bin/../lib/gcc/arm-none-eabi/12.2.1/thumb/v7-m/nofp/crtbegin.o

.rodata         0x0800ab88     0x2d50
                0x0800ab88                . = ALIGN (0x4)
 *(.rodata)
 *(.rodata*)
 .rodata.APBPrescTable
                0x0800ab88        0x8 CMakeFiles/Balance_Car.elf.dir/Core/Src/system_stm32f1xx.c.obj
                0x0800ab88                APBPrescTable
 .rodata.AHBPrescTable
                0x0800ab90       0x10 CMakeFiles/Balance_Car.elf.dir/Core/Src/system_stm32f1xx.c.obj
                0x0800ab90                AHBPrescTable
 .rodata.aPredivFactorTable.0
                0x0800aba0        0x2 CMakeFiles/Balance_Car.elf.dir/Drivers/STM32F1xx_HAL_Driver/Src/stm32f1xx_hal_rcc.c.obj
 *fill*         0x0800aba2        0x2 
 .rodata.aPLLMULFactorTable.1
                0x0800aba4       0x10 CMakeFiles/Balance_Car.elf.dir/Drivers/STM32F1xx_HAL_Driver/Src/stm32f1xx_hal_rcc.c.obj
 .rodata.aPredivFactorTable.0
                0x0800abb4        0x2 CMakeFiles/Balance_Car.elf.dir/Drivers/STM32F1xx_HAL_Driver/Src/stm32f1xx_hal_rcc_ex.c.obj
 *fill*         0x0800abb6        0x2 
 .rodata.aPLLMULFactorTable.1
                0x0800abb8       0x10 CMakeFiles/Balance_Car.elf.dir/Drivers/STM32F1xx_HAL_Driver/Src/stm32f1xx_hal_rcc_ex.c.obj
 .rodata.NRF24L01_Oled.str1.4
                0x0800abc8        0x9 CMakeFiles/Balance_Car.elf.dir/user_main/user_main.c.obj
 *fill*         0x0800abd1        0x3 
 .rodata.Bluetooth_Oled.str1.4
                0x0800abd4        0xa CMakeFiles/Balance_Car.elf.dir/user_main/user_main.c.obj
 *fill*         0x0800abde        0x2 
 .rodata.Obstacle_Oled.str1.4
                0x0800abe0        0x9 CMakeFiles/Balance_Car.elf.dir/user_main/user_main.c.obj
 *fill*         0x0800abe9        0x3 
 .rodata.mpu6050_oled.str1.4
                0x0800abec        0xb CMakeFiles/Balance_Car.elf.dir/user_main/user_main.c.obj
 *fill*         0x0800abf7        0x1 
 .rodata.Encoder_oled.str1.4
                0x0800abf8        0x3 CMakeFiles/Balance_Car.elf.dir/user_main/user_main.c.obj
 *fill*         0x0800abfb        0x1 
 .rodata.F32x16
                0x0800abfc     0x17c0 CMakeFiles/Balance_Car.elf.dir/OLED/Src/driver_ssd1306.c.obj
                0x0800abfc                F32x16
 .rodata.F16x8  0x0800c3bc      0x600 CMakeFiles/Balance_Car.elf.dir/OLED/Src/driver_ssd1306.c.obj
                0x0800c3bc                F16x8
 .rodata.F8x6   0x0800c9bc      0x228 CMakeFiles/Balance_Car.elf.dir/OLED/Src/driver_ssd1306.c.obj
                0x0800c9bc                F8x6
 .rodata.test   0x0800cbe4       0x28 CMakeFiles/Balance_Car.elf.dir/mpu6050/inv_mpu.c.obj
                0x0800cbe4                test
 .rodata.hw     0x0800cc0c        0xc CMakeFiles/Balance_Car.elf.dir/mpu6050/inv_mpu.c.obj
                0x0800cc0c                hw
 .rodata.reg    0x0800cc18       0x1b CMakeFiles/Balance_Car.elf.dir/mpu6050/inv_mpu.c.obj
                0x0800cc18                reg
 *fill*         0x0800cc33        0x1 
 .rodata.dmp_set_orientation.str1.4
                0x0800cc34       0x10 CMakeFiles/Balance_Car.elf.dir/mpu6050/inv_mpu_dmp_motion_driver.c.obj
 .rodata.dmp_set_fifo_rate.str1.4
                0x0800cc44        0xd CMakeFiles/Balance_Car.elf.dir/mpu6050/inv_mpu_dmp_motion_driver.c.obj
 *fill*         0x0800cc51        0x3 
 .rodata.dmp_enable_gyro_cal.str1.4
                0x0800cc54       0x16 CMakeFiles/Balance_Car.elf.dir/mpu6050/inv_mpu_dmp_motion_driver.c.obj
 *fill*         0x0800cc6a        0x2 
 .rodata.dmp_memory
                0x0800cc6c      0xbf6 CMakeFiles/Balance_Car.elf.dir/mpu6050/inv_mpu_dmp_motion_driver.c.obj
 .rodata.asin.str1.4
                0x0800d862       0x16 d:/arm gnu toolchain arm-none-eabi/12.2 rel1/bin/../lib/gcc/arm-none-eabi/12.2.1/thumb/v7-m/nofp\libm.a(libm_a-w_asin.o)
                                  0x1 (size before relaxing)
 *fill*         0x0800d862        0x6 
 .rodata.CSWTCH.9
                0x0800d868       0x18 d:/arm gnu toolchain arm-none-eabi/12.2 rel1/bin/../lib/gcc/arm-none-eabi/12.2.1/thumb/v7-m/nofp\libm.a(libm_a-e_atan2.o)
 .rodata.CSWTCH.8
                0x0800d880       0x18 d:/arm gnu toolchain arm-none-eabi/12.2 rel1/bin/../lib/gcc/arm-none-eabi/12.2.1/thumb/v7-m/nofp\libm.a(libm_a-e_atan2.o)
 .rodata.atanlo
                0x0800d898       0x20 d:/arm gnu toolchain arm-none-eabi/12.2 rel1/bin/../lib/gcc/arm-none-eabi/12.2.1/thumb/v7-m/nofp\libm.a(libm_a-s_atan.o)
 .rodata.atanhi
                0x0800d8b8       0x20 d:/arm gnu toolchain arm-none-eabi/12.2 rel1/bin/../lib/gcc/arm-none-eabi/12.2.1/thumb/v7-m/nofp\libm.a(libm_a-s_atan.o)
                0x0800d8d8                . = ALIGN (0x4)

.ARM.extab      0x0800d8d8        0x0
                0x0800d8d8                . = ALIGN (0x4)
 *(.ARM.extab* .gnu.linkonce.armextab.*)
                0x0800d8d8                . = ALIGN (0x4)

.ARM            0x0800d8d8        0x8
                0x0800d8d8                . = ALIGN (0x4)
                0x0800d8d8                __exidx_start = .
 *(.ARM.exidx*)
 .ARM.exidx.text.__udivmoddi4
                0x0800d8d8        0x8 d:/arm gnu toolchain arm-none-eabi/12.2 rel1/bin/../lib/gcc/arm-none-eabi/12.2.1/thumb/v7-m/nofp\libgcc.a(_udivmoddi4.o)
                0x0800d8e0                __exidx_end = .
                0x0800d8e0                . = ALIGN (0x4)

.preinit_array  0x0800d8e0        0x0
                0x0800d8e0                . = ALIGN (0x4)
                0x0800d8e0                PROVIDE (__preinit_array_start = .)
 *(.preinit_array*)
                0x0800d8e0                PROVIDE (__preinit_array_end = .)
                0x0800d8e0                . = ALIGN (0x4)

.init_array     0x0800d8e0        0x4
                0x0800d8e0                . = ALIGN (0x4)
                0x0800d8e0                PROVIDE (__init_array_start = .)
 *(SORT_BY_NAME(.init_array.*))
 *(.init_array*)
 .init_array    0x0800d8e0        0x4 d:/arm gnu toolchain arm-none-eabi/12.2 rel1/bin/../lib/gcc/arm-none-eabi/12.2.1/thumb/v7-m/nofp/crtbegin.o
                0x0800d8e4                PROVIDE (__init_array_end = .)
                0x0800d8e4                . = ALIGN (0x4)

.fini_array     0x0800d8e4        0x4
                0x0800d8e4                . = ALIGN (0x4)
                [!provide]                PROVIDE (__fini_array_start = .)
 *(SORT_BY_NAME(.fini_array.*))
 *(.fini_array*)
 .fini_array    0x0800d8e4        0x4 d:/arm gnu toolchain arm-none-eabi/12.2 rel1/bin/../lib/gcc/arm-none-eabi/12.2.1/thumb/v7-m/nofp/crtbegin.o
                [!provide]                PROVIDE (__fini_array_end = .)
                0x0800d8e8                . = ALIGN (0x4)
                0x0800d8e8                _sidata = LOADADDR (.data)

.rel.dyn        0x0800d8e8        0x0
 .rel.iplt      0x0800d8e8        0x0 d:/arm gnu toolchain arm-none-eabi/12.2 rel1/bin/../lib/gcc/arm-none-eabi/12.2.1/thumb/v7-m/nofp/crtbegin.o

.data           0x20000000       0xd0 load address 0x0800d8e8
                0x20000000                . = ALIGN (0x4)
                0x20000000                _sdata = .
 *(.data)
 *(.data*)
 .data.SystemCoreClock
                0x20000000        0x4 CMakeFiles/Balance_Car.elf.dir/Core/Src/system_stm32f1xx.c.obj
                0x20000000                SystemCoreClock
 .data.uwTickFreq
                0x20000004        0x1 CMakeFiles/Balance_Car.elf.dir/Drivers/STM32F1xx_HAL_Driver/Src/stm32f1xx_hal.c.obj
                0x20000004                uwTickFreq
 *fill*         0x20000005        0x3 
 .data.uwTickPrio
                0x20000008        0x4 CMakeFiles/Balance_Car.elf.dir/Drivers/STM32F1xx_HAL_Driver/Src/stm32f1xx_hal.c.obj
                0x20000008                uwTickPrio
 .data.Turn_KP  0x2000000c        0x4 CMakeFiles/Balance_Car.elf.dir/user_main/user_main.c.obj
                0x2000000c                Turn_KP
 .data.Turn_Kd  0x20000010        0x4 CMakeFiles/Balance_Car.elf.dir/user_main/user_main.c.obj
                0x20000010                Turn_Kd
 .data.velocity_KI
                0x20000014        0x4 CMakeFiles/Balance_Car.elf.dir/user_main/user_main.c.obj
                0x20000014                velocity_KI
 .data.velocity_KP
                0x20000018        0x4 CMakeFiles/Balance_Car.elf.dir/user_main/user_main.c.obj
                0x20000018                velocity_KP
 .data.mode     0x2000001c        0x4 CMakeFiles/Balance_Car.elf.dir/user_main/user_main.c.obj
                0x2000001c                mode
 .data.line_5   0x20000020        0x4 CMakeFiles/Balance_Car.elf.dir/user_main/user_main.c.obj
                0x20000020                line_5
 .data.line_4   0x20000024        0x4 CMakeFiles/Balance_Car.elf.dir/user_main/user_main.c.obj
                0x20000024                line_4
 .data.line_3   0x20000028        0x4 CMakeFiles/Balance_Car.elf.dir/user_main/user_main.c.obj
                0x20000028                line_3
 .data.line_2   0x2000002c        0x4 CMakeFiles/Balance_Car.elf.dir/user_main/user_main.c.obj
                0x2000002c                line_2
 .data.gyro_orientation
                0x20000030        0x9 CMakeFiles/Balance_Car.elf.dir/mpu6050/inv_mpu.c.obj
 *fill*         0x20000039        0x3 
 .data.st       0x2000003c       0x2c CMakeFiles/Balance_Car.elf.dir/mpu6050/inv_mpu.c.obj
 .data.KeyList  0x20000068        0x8 CMakeFiles/Balance_Car.elf.dir/keypad/button_port/button_port.c.obj
                0x20000068                KeyList
 .data._impure_ptr
                0x20000070        0x4 d:/arm gnu toolchain arm-none-eabi/12.2 rel1/bin/../lib/gcc/arm-none-eabi/12.2.1/thumb/v7-m/nofp\libg_nano.a(libc_a-impure.o)
                0x20000070                _impure_ptr
 .data._impure_data
                0x20000074       0x4c d:/arm gnu toolchain arm-none-eabi/12.2 rel1/bin/../lib/gcc/arm-none-eabi/12.2.1/thumb/v7-m/nofp\libg_nano.a(libc_a-impure.o)
                0x20000074                _impure_data
 .data.tiny     0x200000c0        0x8 d:/arm gnu toolchain arm-none-eabi/12.2 rel1/bin/../lib/gcc/arm-none-eabi/12.2.1/thumb/v7-m/nofp\libm.a(libm_a-e_sqrt.o)
 .data.one      0x200000c8        0x8 d:/arm gnu toolchain arm-none-eabi/12.2 rel1/bin/../lib/gcc/arm-none-eabi/12.2.1/thumb/v7-m/nofp\libm.a(libm_a-e_sqrt.o)
 *(.RamFunc)
 *(.RamFunc*)
                0x200000d0                . = ALIGN (0x4)
                0x200000d0                _edata = .

.tm_clone_table
                0x200000d0        0x0 load address 0x0800d9b8
 .tm_clone_table
                0x200000d0        0x0 d:/arm gnu toolchain arm-none-eabi/12.2 rel1/bin/../lib/gcc/arm-none-eabi/12.2.1/thumb/v7-m/nofp/crtbegin.o
 .tm_clone_table
                0x200000d0        0x0 d:/arm gnu toolchain arm-none-eabi/12.2 rel1/bin/../lib/gcc/arm-none-eabi/12.2.1/thumb/v7-m/nofp/crtend.o

.igot.plt       0x200000d0        0x0 load address 0x0800d9b8
 .igot.plt      0x200000d0        0x0 d:/arm gnu toolchain arm-none-eabi/12.2 rel1/bin/../lib/gcc/arm-none-eabi/12.2.1/thumb/v7-m/nofp/crtbegin.o
                0x200000d0                . = ALIGN (0x4)

.bss            0x200000d0      0x870 load address 0x0800d9b8
                0x200000d0                _sbss = .
                0x200000d0                __bss_start__ = _sbss
 *(.bss)
 *(.bss*)
 .bss.completed.1
                0x200000d0        0x1 d:/arm gnu toolchain arm-none-eabi/12.2 rel1/bin/../lib/gcc/arm-none-eabi/12.2.1/thumb/v7-m/nofp/crtbegin.o
 *fill*         0x200000d1        0x3 
 .bss.object.0  0x200000d4       0x18 d:/arm gnu toolchain arm-none-eabi/12.2 rel1/bin/../lib/gcc/arm-none-eabi/12.2.1/thumb/v7-m/nofp/crtbegin.o
 .bss.hadc1     0x200000ec       0x30 CMakeFiles/Balance_Car.elf.dir/Core/Src/adc.c.obj
                0x200000ec                hadc1
 .bss.hi2c2     0x2000011c       0x54 CMakeFiles/Balance_Car.elf.dir/Core/Src/i2c.c.obj
                0x2000011c                hi2c2
 .bss.hi2c1     0x20000170       0x54 CMakeFiles/Balance_Car.elf.dir/Core/Src/i2c.c.obj
                0x20000170                hi2c1
 .bss.htim4     0x200001c4       0x48 CMakeFiles/Balance_Car.elf.dir/Core/Src/tim.c.obj
                0x200001c4                htim4
 .bss.htim3     0x2000020c       0x48 CMakeFiles/Balance_Car.elf.dir/Core/Src/tim.c.obj
                0x2000020c                htim3
 .bss.htim2     0x20000254       0x48 CMakeFiles/Balance_Car.elf.dir/Core/Src/tim.c.obj
                0x20000254                htim2
 .bss.htim1     0x2000029c       0x48 CMakeFiles/Balance_Car.elf.dir/Core/Src/tim.c.obj
                0x2000029c                htim1
 .bss.huart2    0x200002e4       0x48 CMakeFiles/Balance_Car.elf.dir/Core/Src/usart.c.obj
                0x200002e4                huart2
 .bss.uwTick    0x2000032c        0x4 CMakeFiles/Balance_Car.elf.dir/Drivers/STM32F1xx_HAL_Driver/Src/stm32f1xx_hal.c.obj
                0x2000032c                uwTick
 .bss.Velocity.0
                0x20000330        0x4 CMakeFiles/Balance_Car.elf.dir/user_main/user_main.c.obj
 .bss.Encoder_Integral.1
                0x20000334        0x4 CMakeFiles/Balance_Car.elf.dir/user_main/user_main.c.obj
 .bss.Encoder.2
                0x20000338        0x4 CMakeFiles/Balance_Car.elf.dir/user_main/user_main.c.obj
 .bss.Encoder_Least.3
                0x2000033c        0x4 CMakeFiles/Balance_Car.elf.dir/user_main/user_main.c.obj
 .bss.tick_10ms.4
                0x20000340        0x4 CMakeFiles/Balance_Car.elf.dir/user_main/user_main.c.obj
 .bss.event     0x20000344        0x2 CMakeFiles/Balance_Car.elf.dir/user_main/user_main.c.obj
                0x20000344                event
 *fill*         0x20000346        0x2 
 .bss.Voltage   0x20000348        0x4 CMakeFiles/Balance_Car.elf.dir/user_main/user_main.c.obj
                0x20000348                Voltage
 .bss.Turn_Speed
                0x2000034c        0x4 CMakeFiles/Balance_Car.elf.dir/user_main/user_main.c.obj
                0x2000034c                Turn_Speed
 .bss.Target_Speed
                0x20000350        0x4 CMakeFiles/Balance_Car.elf.dir/user_main/user_main.c.obj
                0x20000350                Target_Speed
 .bss.Mechanical_angle
                0x20000354        0x4 CMakeFiles/Balance_Car.elf.dir/user_main/user_main.c.obj
                0x20000354                Mechanical_angle
 .bss.gyr_z     0x20000358        0x2 CMakeFiles/Balance_Car.elf.dir/user_main/user_main.c.obj
                0x20000358                gyr_z
 .bss.gyr_y     0x2000035a        0x2 CMakeFiles/Balance_Car.elf.dir/user_main/user_main.c.obj
                0x2000035a                gyr_y
 .bss.gyr_x     0x2000035c        0x2 CMakeFiles/Balance_Car.elf.dir/user_main/user_main.c.obj
                0x2000035c                gyr_x
 *fill*         0x2000035e        0x2 
 .bss.Turn_Pwm  0x20000360        0x4 CMakeFiles/Balance_Car.elf.dir/user_main/user_main.c.obj
                0x20000360                Turn_Pwm
 .bss.Velocity_Pwm
                0x20000364        0x4 CMakeFiles/Balance_Car.elf.dir/user_main/user_main.c.obj
                0x20000364                Velocity_Pwm
 .bss.Balance_Pwm
                0x20000368        0x4 CMakeFiles/Balance_Car.elf.dir/user_main/user_main.c.obj
                0x20000368                Balance_Pwm
 .bss.Uart_Receive
                0x2000036c        0x1 CMakeFiles/Balance_Car.elf.dir/user_main/user_main.c.obj
                0x2000036c                Uart_Receive
 .bss.obstacle_sign
                0x2000036d        0x1 CMakeFiles/Balance_Car.elf.dir/user_main/user_main.c.obj
                0x2000036d                obstacle_sign
 .bss.distance_sign
                0x2000036e        0x1 CMakeFiles/Balance_Car.elf.dir/user_main/user_main.c.obj
                0x2000036e                distance_sign
 *fill*         0x2000036f        0x1 
 .bss.distance  0x20000370        0x4 CMakeFiles/Balance_Car.elf.dir/user_main/user_main.c.obj
                0x20000370                distance
 .bss.line_1    0x20000374        0x4 CMakeFiles/Balance_Car.elf.dir/user_main/user_main.c.obj
                0x20000374                line_1
 .bss.Encoder_Right
                0x20000378        0x4 CMakeFiles/Balance_Car.elf.dir/user_main/user_main.c.obj
                0x20000378                Encoder_Right
 .bss.Encoder_Left
                0x2000037c        0x4 CMakeFiles/Balance_Car.elf.dir/user_main/user_main.c.obj
                0x2000037c                Encoder_Left
 .bss.yaw       0x20000380        0x4 CMakeFiles/Balance_Car.elf.dir/user_main/user_main.c.obj
                0x20000380                yaw
 .bss.rol       0x20000384        0x4 CMakeFiles/Balance_Car.elf.dir/user_main/user_main.c.obj
                0x20000384                rol
 .bss.pit       0x20000388        0x4 CMakeFiles/Balance_Car.elf.dir/user_main/user_main.c.obj
                0x20000388                pit
 *fill*         0x2000038c        0x4 
 .bss.Moto2     0x20000390        0x8 CMakeFiles/Balance_Car.elf.dir/user_main/user_main.c.obj
                0x20000390                Moto2
 .bss.Moto1     0x20000398        0x8 CMakeFiles/Balance_Car.elf.dir/user_main/user_main.c.obj
                0x20000398                Moto1
 .bss.OLED_GRAM
                0x200003a0      0x400 CMakeFiles/Balance_Car.elf.dir/OLED/Src/driver_ssd1306.c.obj
                0x200003a0                OLED_GRAM
 .bss.g_fac_us  0x200007a0        0x4 CMakeFiles/Balance_Car.elf.dir/Delay/delay.c.obj
 .bss.dmp       0x200007a4       0x10 CMakeFiles/Balance_Car.elf.dir/mpu6050/inv_mpu_dmp_motion_driver.c.obj
 .bss.g_balance_pid
                0x200007b4       0x24 CMakeFiles/Balance_Car.elf.dir/pid/pid.c.obj
                0x200007b4                g_balance_pid
 .bss.head_handle
                0x200007d8        0x4 CMakeFiles/Balance_Car.elf.dir/keypad/MultiButton/multi_button.c.obj
 .bss.TouchKey  0x200007dc       0x2c CMakeFiles/Balance_Car.elf.dir/keypad/button_port/button_port.c.obj
                0x200007dc                TouchKey
 .bss.__sf      0x20000808      0x138 d:/arm gnu toolchain arm-none-eabi/12.2 rel1/bin/../lib/gcc/arm-none-eabi/12.2.1/thumb/v7-m/nofp\libg_nano.a(libc_a-findfp.o)
                0x20000808                __sf
 *(COMMON)
                0x20000940                . = ALIGN (0x4)
                0x20000940                _ebss = .
                0x20000940                __bss_end__ = _ebss

._user_heap_stack
                0x20000940      0x600 load address 0x0800d9b8
                0x20000940                . = ALIGN (0x8)
                [!provide]                PROVIDE (end = .)
                0x20000940                PROVIDE (_end = .)
                0x20000b40                . = (. + _Min_Heap_Size)
 *fill*         0x20000940      0x200 
                0x20000f40                . = (. + _Min_Stack_Size)
 *fill*         0x20000b40      0x400 
                0x20000f40                . = ALIGN (0x8)

/DISCARD/
 libc.a(*)
 libm.a(*)
 libgcc.a(*)

.ARM.attributes
                0x00000000       0x29
 *(.ARM.attributes)
 .ARM.attributes
                0x00000000       0x1d d:/arm gnu toolchain arm-none-eabi/12.2 rel1/bin/../lib/gcc/arm-none-eabi/12.2.1/thumb/v7-m/nofp/crti.o
 .ARM.attributes
                0x0000001d       0x2d d:/arm gnu toolchain arm-none-eabi/12.2 rel1/bin/../lib/gcc/arm-none-eabi/12.2.1/thumb/v7-m/nofp/crtbegin.o
 .ARM.attributes
                0x0000004a       0x2d CMakeFiles/Balance_Car.elf.dir/Core/Src/adc.c.obj
 .ARM.attributes
                0x00000077       0x2d CMakeFiles/Balance_Car.elf.dir/Core/Src/gpio.c.obj
 .ARM.attributes
                0x000000a4       0x2d CMakeFiles/Balance_Car.elf.dir/Core/Src/i2c.c.obj
 .ARM.attributes
                0x000000d1       0x2d CMakeFiles/Balance_Car.elf.dir/Core/Src/main.c.obj
 .ARM.attributes
                0x000000fe       0x2d CMakeFiles/Balance_Car.elf.dir/Core/Src/stm32f1xx_hal_msp.c.obj
 .ARM.attributes
                0x0000012b       0x2d CMakeFiles/Balance_Car.elf.dir/Core/Src/stm32f1xx_it.c.obj
 .ARM.attributes
                0x00000158       0x2d CMakeFiles/Balance_Car.elf.dir/Core/Src/system_stm32f1xx.c.obj
 .ARM.attributes
                0x00000185       0x2d CMakeFiles/Balance_Car.elf.dir/Core/Src/tim.c.obj
 .ARM.attributes
                0x000001b2       0x2d CMakeFiles/Balance_Car.elf.dir/Core/Src/usart.c.obj
 .ARM.attributes
                0x000001df       0x21 CMakeFiles/Balance_Car.elf.dir/Core/Startup/startup_stm32f103c8tx.s.obj
 .ARM.attributes
                0x00000200       0x2d CMakeFiles/Balance_Car.elf.dir/Drivers/STM32F1xx_HAL_Driver/Src/stm32f1xx_hal.c.obj
 .ARM.attributes
                0x0000022d       0x2d CMakeFiles/Balance_Car.elf.dir/Drivers/STM32F1xx_HAL_Driver/Src/stm32f1xx_hal_adc.c.obj
 .ARM.attributes
                0x0000025a       0x2d CMakeFiles/Balance_Car.elf.dir/Drivers/STM32F1xx_HAL_Driver/Src/stm32f1xx_hal_adc_ex.c.obj
 .ARM.attributes
                0x00000287       0x2d CMakeFiles/Balance_Car.elf.dir/Drivers/STM32F1xx_HAL_Driver/Src/stm32f1xx_hal_cortex.c.obj
 .ARM.attributes
                0x000002b4       0x2d CMakeFiles/Balance_Car.elf.dir/Drivers/STM32F1xx_HAL_Driver/Src/stm32f1xx_hal_dma.c.obj
 .ARM.attributes
                0x000002e1       0x2d CMakeFiles/Balance_Car.elf.dir/Drivers/STM32F1xx_HAL_Driver/Src/stm32f1xx_hal_gpio.c.obj
 .ARM.attributes
                0x0000030e       0x2d CMakeFiles/Balance_Car.elf.dir/Drivers/STM32F1xx_HAL_Driver/Src/stm32f1xx_hal_i2c.c.obj
 .ARM.attributes
                0x0000033b       0x2d CMakeFiles/Balance_Car.elf.dir/Drivers/STM32F1xx_HAL_Driver/Src/stm32f1xx_hal_rcc.c.obj
 .ARM.attributes
                0x00000368       0x2d CMakeFiles/Balance_Car.elf.dir/Drivers/STM32F1xx_HAL_Driver/Src/stm32f1xx_hal_rcc_ex.c.obj
 .ARM.attributes
                0x00000395       0x2d CMakeFiles/Balance_Car.elf.dir/Drivers/STM32F1xx_HAL_Driver/Src/stm32f1xx_hal_tim.c.obj
 .ARM.attributes
                0x000003c2       0x2d CMakeFiles/Balance_Car.elf.dir/Drivers/STM32F1xx_HAL_Driver/Src/stm32f1xx_hal_tim_ex.c.obj
 .ARM.attributes
                0x000003ef       0x2d CMakeFiles/Balance_Car.elf.dir/Drivers/STM32F1xx_HAL_Driver/Src/stm32f1xx_hal_uart.c.obj
 .ARM.attributes
                0x0000041c       0x2d CMakeFiles/Balance_Car.elf.dir/user_main/user_main.c.obj
 .ARM.attributes
                0x00000449       0x2d CMakeFiles/Balance_Car.elf.dir/OLED/Src/driver_ssd1306.c.obj
 .ARM.attributes
                0x00000476       0x2d CMakeFiles/Balance_Car.elf.dir/Delay/delay.c.obj
 .ARM.attributes
                0x000004a3       0x2d CMakeFiles/Balance_Car.elf.dir/hcsr04/hcsr04.c.obj
 .ARM.attributes
                0x000004d0       0x2d CMakeFiles/Balance_Car.elf.dir/TB6612FNG/motor.c.obj
 .ARM.attributes
                0x000004fd       0x2d CMakeFiles/Balance_Car.elf.dir/mpu6050/atk_ms6050.c.obj
 .ARM.attributes
                0x0000052a       0x2d CMakeFiles/Balance_Car.elf.dir/mpu6050/inv_mpu.c.obj
 .ARM.attributes
                0x00000557       0x2d CMakeFiles/Balance_Car.elf.dir/mpu6050/inv_mpu_dmp_motion_driver.c.obj
 .ARM.attributes
                0x00000584       0x2d CMakeFiles/Balance_Car.elf.dir/pid/pid.c.obj
 .ARM.attributes
                0x000005b1       0x2d CMakeFiles/Balance_Car.elf.dir/keypad/MultiButton/multi_button.c.obj
 .ARM.attributes
                0x000005de       0x2d CMakeFiles/Balance_Car.elf.dir/keypad/button_port/button_port.c.obj
 .ARM.attributes